boot: [04:12:05 INFO]: Done (16.796s)! For help, type "help"
built platform (half=88) + 441 ring cells (side=21, pitch=8, blocks/cell=12)
verify round 0: RING=441 REP=441 missing=[]
ringStructuralA=441 seedRepeaterA=441 expectedCells=441
forensics entry: missing=[]
ringStructuralB=441 seedRepeaterB=441
window done (10 bots x 240000ms, cells=441)
presence gate PASS (RING A=B=441 REP A=B=441 == N=441)
echoes dumped: C:\Users\Z\AppData\Local\Temp\papo-rsscale-11694894243953701527\echoes.txt
---- PapoTickProfile windows (from logs/latest.log) ----
[04:12:05] [Server thread/INFO]: [STDOUT] [io.papermc.paper.util.PapoTickProfile] PapoTickProfile window=400ticks totalWallMs=0 measuredMs=0
[04:12:25] [Server thread/INFO]: [STDOUT] [io.papermc.paper.util.PapoTickProfile] PapoTickProfile window=400ticks totalWallMs=20776 measuredMs=6229
[04:12:25] [Server thread/INFO]: [STDOUT] [io.papermc.paper.util.PapoTickProfile] PapoTickProfile.phase worlds                     total= 2261.9ms avg/tick= 5654.7us share= 36.3% n=400
[04:12:25] [Server thread/INFO]: [STDOUT] [io.papermc.paper.util.PapoTickProfile] PapoTickProfile.phase level.tickPending+misc     total= 1431.3ms avg/tick= 3578.2us share= 23.0% n=1200
[04:12:25] [Server thread/INFO]: [STDOUT] [io.papermc.paper.util.PapoTickProfile] PapoTickProfile.phase level.chunkSource          total=  988.7ms avg/tick= 2471.7us share= 15.9% n=1200
[04:12:25] [Server thread/INFO]: [STDOUT] [io.papermc.paper.util.PapoTickProfile] PapoTickProfile.phase level.entities             total=  791.2ms avg/tick= 1978.1us share= 12.7% n=1200
[04:12:25] [Server thread/INFO]: [STDOUT] [io.papermc.paper.util.PapoTickProfile] PapoTickProfile.phase connection                 total=  289.3ms avg/tick=  723.1us share=  4.6% n=400
[04:12:25] [Server thread/INFO]: [STDOUT] [io.papermc.paper.util.PapoTickProfile] PapoTickProfile.phase level.blockTicks           total=  281.6ms avg/tick=  704.0us share=  4.5% n=1200
[04:12:25] [Server thread/INFO]: [STDOUT] [io.papermc.paper.util.PapoTickProfile] PapoTickProfile.phase level.fluidTicks           total=  154.3ms avg/tick=  385.7us share=  2.5% n=1200
[04:12:25] [Server thread/INFO]: [STDOUT] [io.papermc.paper.util.PapoTickProfile] PapoTickProfile.phase sendChunks                 total=   25.6ms avg/tick=   64.1us share=  0.4% n=400
[04:12:25] [Server thread/INFO]: [STDOUT] [io.papermc.paper.util.PapoTickProfile] PapoTickProfile.phase level.blockEvents          total=    3.1ms avg/tick=    7.6us share=  0.0% n=1200
[04:12:25] [Server thread/INFO]: [STDOUT] [io.papermc.paper.util.PapoTickProfile] PapoTickProfile.phase functions                  total=    2.1ms avg/tick=    5.1us share=  0.0% n=400
[04:12:25] [Server thread/INFO]: [STDOUT] [io.papermc.paper.util.PapoTickProfile] PapoTickProfile.phase players                    total=    0.4ms avg/tick=    1.0us share=  0.0% n=400
[04:12:25] [Server thread/INFO]: [STDOUT] [io.papermc.paper.util.PapoTickProfile] PapoTickProfile.count rs.blockTickRuns           total=  69832 avg/tick=  174.6
[04:12:25] [Server thread/INFO]: [STDOUT] [io.papermc.paper.util.PapoTickProfile] PapoTickProfile.count rs.fluidTickRuns           total=   7820 avg/tick=   19.6
[04:12:46] [Server thread/INFO]: [STDOUT] [io.papermc.paper.util.PapoTickProfile] PapoTickProfile window=400ticks totalWallMs=20050 measuredMs=2925
[04:12:46] [Server thread/INFO]: [STDOUT] [io.papermc.paper.util.PapoTickProfile] PapoTickProfile.phase connection                 total=  894.0ms avg/tick= 2235.1us share= 30.6% n=400
[04:12:46] [Server thread/INFO]: [STDOUT] [io.papermc.paper.util.PapoTickProfile] PapoTickProfile.phase worlds                     total=  759.2ms avg/tick= 1897.9us share= 26.0% n=400
[04:12:46] [Server thread/INFO]: [STDOUT] [io.papermc.paper.util.PapoTickProfile] PapoTickProfile.phase level.tickPending+misc     total=  497.8ms avg/tick= 1244.5us share= 17.0% n=1200
[04:12:46] [Server thread/INFO]: [STDOUT] [io.papermc.paper.util.PapoTickProfile] PapoTickProfile.phase level.chunkSource          total=  465.9ms avg/tick= 1164.7us share= 15.9% n=1200
[04:12:46] [Server thread/INFO]: [STDOUT] [io.papermc.paper.util.PapoTickProfile] PapoTickProfile.phase level.entities             total=  250.1ms avg/tick=  625.3us share=  8.6% n=1200
[04:12:46] [Server thread/INFO]: [STDOUT] [io.papermc.paper.util.PapoTickProfile] PapoTickProfile.phase sendChunks                 total=   25.8ms avg/tick=   64.6us share=  0.9% n=400
[04:12:46] [Server thread/INFO]: [STDOUT] [io.papermc.paper.util.PapoTickProfile] PapoTickProfile.phase level.fluidTicks           total=   19.2ms avg/tick=   48.0us share=  0.7% n=1200
[04:12:46] [Server thread/INFO]: [STDOUT] [io.papermc.paper.util.PapoTickProfile] PapoTickProfile.phase level.blockTicks           total=   10.1ms avg/tick=   25.3us share=  0.3% n=1200
[04:12:46] [Server thread/INFO]: [STDOUT] [io.papermc.paper.util.PapoTickProfile] PapoTickProfile.phase players                    total=    1.3ms avg/tick=    3.1us share=  0.0% n=400
[04:12:46] [Server thread/INFO]: [STDOUT] [io.papermc.paper.util.PapoTickProfile] PapoTickProfile.phase level.blockEvents          total=    1.2ms avg/tick=    3.1us share=  0.0% n=1200
[04:12:46] [Server thread/INFO]: [STDOUT] [io.papermc.paper.util.PapoTickProfile] PapoTickProfile.phase functions                  total=    0.7ms avg/tick=    1.6us share=  0.0% n=400
[04:12:46] [Server thread/INFO]: [STDOUT] [io.papermc.paper.util.PapoTickProfile] PapoTickProfile.count rs.blockTickRuns           total=     10 avg/tick=    0.0
[04:12:46] [Server thread/INFO]: [STDOUT] [io.papermc.paper.util.PapoTickProfile] PapoTickProfile.count rs.fluidTickRuns           total=    861 avg/tick=    2.2
[04:12:46] [Server thread/INFO]: [STDOUT] [io.papermc.paper.util.PapoTickProfile] PapoTickProfile.count rs.wireEvalNoChange        total=   8466 avg/tick=   21.2
[04:12:46] [Server thread/INFO]: [STDOUT] [io.papermc.paper.util.PapoTickProfile] PapoTickProfile.count rs.wireEvalRuns            total=   8466 avg/tick=   21.2
[04:12:46] [Server thread/INFO]: [STDOUT] [io.papermc.paper.util.PapoTickProfile] PapoTickProfile.count rs.wireEvalSkipped         total=  18036 avg/tick=   45.1
[04:13:06] [Server thread/INFO]: [STDOUT] [io.papermc.paper.util.PapoTickProfile] PapoTickProfile window=400ticks totalWallMs=20001 measuredMs=23259
[04:13:06] [Server thread/INFO]: [STDOUT] [io.papermc.paper.util.PapoTickProfile] PapoTickProfile.phase worlds                     total= 7769.8ms avg/tick=19424.4us share= 33.4% n=400
[04:13:06] [Server thread/INFO]: [STDOUT] [io.papermc.paper.util.PapoTickProfile] PapoTickProfile.phase level.tickPending+misc     total= 7555.0ms avg/tick=18887.5us share= 32.5% n=1200
[04:13:06] [Server thread/INFO]: [STDOUT] [io.papermc.paper.util.PapoTickProfile] PapoTickProfile.phase level.blockTicks           total= 6904.8ms avg/tick=17261.9us share= 29.7% n=1200
[04:13:06] [Server thread/INFO]: [STDOUT] [io.papermc.paper.util.PapoTickProfile] PapoTickProfile.phase level.chunkSource          total=  642.3ms avg/tick= 1605.9us share=  2.8% n=1200
[04:13:06] [Server thread/INFO]: [STDOUT] [io.papermc.paper.util.PapoTickProfile] PapoTickProfile.phase level.entities             total=  203.4ms avg/tick=  508.4us share=  0.9% n=1200
[04:13:06] [Server thread/INFO]: [STDOUT] [io.papermc.paper.util.PapoTickProfile] PapoTickProfile.phase connection                 total=  152.4ms avg/tick=  380.9us share=  0.7% n=400
[04:13:06] [Server thread/INFO]: [STDOUT] [io.papermc.paper.util.PapoTickProfile] PapoTickProfile.phase sendChunks                 total=   25.2ms avg/tick=   63.0us share=  0.1% n=400
[04:13:06] [Server thread/INFO]: [STDOUT] [io.papermc.paper.util.PapoTickProfile] PapoTickProfile.phase level.fluidTicks           total=    5.3ms avg/tick=   13.3us share=  0.0% n=1200
[04:13:06] [Server thread/INFO]: [STDOUT] [io.papermc.paper.util.PapoTickProfile] PapoTickProfile.phase level.blockEvents          total=    1.2ms avg/tick=    3.1us share=  0.0% n=1200
[04:13:06] [Server thread/INFO]: [STDOUT] [io.papermc.paper.util.PapoTickProfile] PapoTickProfile.phase functions                  total=    0.4ms avg/tick=    1.1us share=  0.0% n=400
[04:13:06] [Server thread/INFO]: [STDOUT] [io.papermc.paper.util.PapoTickProfile] PapoTickProfile.phase players                    total=    0.1ms avg/tick=    0.4us share=  0.0% n=400
[04:13:06] [Server thread/INFO]: [STDOUT] [io.papermc.paper.util.PapoTickProfile] PapoTickProfile.count rs.blockTickRuns           total= 167111 avg/tick=  417.8
[04:13:06] [Server thread/INFO]: [STDOUT] [io.papermc.paper.util.PapoTickProfile] PapoTickProfile.count rs.fluidTickRuns           total=    183 avg/tick=    0.5
[04:13:06] [Server thread/INFO]: [STDOUT] [io.papermc.paper.util.PapoTickProfile] PapoTickProfile.count rs.wireEvalNoChange        total= 336747 avg/tick=  841.9
[04:13:06] [Server thread/INFO]: [STDOUT] [io.papermc.paper.util.PapoTickProfile] PapoTickProfile.count rs.wireEvalRuns            total=1757928 avg/tick= 4394.8
[04:13:06] [Server thread/INFO]: [STDOUT] [io.papermc.paper.util.PapoTickProfile] PapoTickProfile.count rs.wireEvalSkipped         total=9952722 avg/tick=24881.8
[04:13:26] [Server thread/INFO]: [STDOUT] [io.papermc.paper.util.PapoTickProfile] PapoTickProfile window=400ticks totalWallMs=19998 measuredMs=23588
[04:13:26] [Server thread/INFO]: [STDOUT] [io.papermc.paper.util.PapoTickProfile] PapoTickProfile.phase worlds                     total= 7910.1ms avg/tick=19775.2us share= 33.5% n=400
[04:13:26] [Server thread/INFO]: [STDOUT] [io.papermc.paper.util.PapoTickProfile] PapoTickProfile.phase level.tickPending+misc     total= 7710.8ms avg/tick=19277.0us share= 32.7% n=1200
[04:13:26] [Server thread/INFO]: [STDOUT] [io.papermc.paper.util.PapoTickProfile] PapoTickProfile.phase level.blockTicks           total= 7133.2ms avg/tick=17833.0us share= 30.2% n=1200
[04:13:26] [Server thread/INFO]: [STDOUT] [io.papermc.paper.util.PapoTickProfile] PapoTickProfile.phase level.chunkSource          total=  571.7ms avg/tick= 1429.3us share=  2.4% n=1200
[04:13:26] [Server thread/INFO]: [STDOUT] [io.papermc.paper.util.PapoTickProfile] PapoTickProfile.phase level.entities             total=  189.5ms avg/tick=  473.7us share=  0.8% n=1200
[04:13:26] [Server thread/INFO]: [STDOUT] [io.papermc.paper.util.PapoTickProfile] PapoTickProfile.phase connection                 total=   43.2ms avg/tick=  108.1us share=  0.2% n=400
[04:13:26] [Server thread/INFO]: [STDOUT] [io.papermc.paper.util.PapoTickProfile] PapoTickProfile.phase sendChunks                 total=   24.6ms avg/tick=   61.6us share=  0.1% n=400
[04:13:26] [Server thread/INFO]: [STDOUT] [io.papermc.paper.util.PapoTickProfile] PapoTickProfile.phase level.fluidTicks           total=    3.4ms avg/tick=    8.4us share=  0.0% n=1200
[04:13:26] [Server thread/INFO]: [STDOUT] [io.papermc.paper.util.PapoTickProfile] PapoTickProfile.phase level.blockEvents          total=    1.2ms avg/tick=    3.0us share=  0.0% n=1200
[04:13:26] [Server thread/INFO]: [STDOUT] [io.papermc.paper.util.PapoTickProfile] PapoTickProfile.phase players                    total=    0.5ms avg/tick=    1.2us share=  0.0% n=400
[04:13:26] [Server thread/INFO]: [STDOUT] [io.papermc.paper.util.PapoTickProfile] PapoTickProfile.phase functions                  total=    0.4ms avg/tick=    1.0us share=  0.0% n=400
[04:13:26] [Server thread/INFO]: [STDOUT] [io.papermc.paper.util.PapoTickProfile] PapoTickProfile.count rs.blockTickRuns           total= 176409 avg/tick=  441.0
[04:13:26] [Server thread/INFO]: [STDOUT] [io.papermc.paper.util.PapoTickProfile] PapoTickProfile.count rs.fluidTickRuns           total=    142 avg/tick=    0.4
[04:13:26] [Server thread/INFO]: [STDOUT] [io.papermc.paper.util.PapoTickProfile] PapoTickProfile.count rs.wireEvalNoChange        total= 352800 avg/tick=  882.0
[04:13:26] [Server thread/INFO]: [STDOUT] [io.papermc.paper.util.PapoTickProfile] PapoTickProfile.count rs.wireEvalRuns            total=1852200 avg/tick= 4630.5
[04:13:26] [Server thread/INFO]: [STDOUT] [io.papermc.paper.util.PapoTickProfile] PapoTickProfile.count rs.wireEvalSkipped         total=10495800 avg/tick=26239.5
[04:13:46] [Server thread/INFO]: [STDOUT] [io.papermc.paper.util.PapoTickProfile] PapoTickProfile window=400ticks totalWallMs=20001 measuredMs=26064
[04:13:46] [Server thread/INFO]: [STDOUT] [io.papermc.paper.util.PapoTickProfile] PapoTickProfile.phase worlds                     total= 8683.9ms avg/tick=21709.8us share= 33.3% n=400
[04:13:46] [Server thread/INFO]: [STDOUT] [io.papermc.paper.util.PapoTickProfile] PapoTickProfile.phase level.tickPending+misc     total= 8534.4ms avg/tick=21336.1us share= 32.7% n=1200
[04:13:46] [Server thread/INFO]: [STDOUT] [io.papermc.paper.util.PapoTickProfile] PapoTickProfile.phase level.blockTicks           total= 7916.2ms avg/tick=19790.5us share= 30.4% n=1200
[04:13:46] [Server thread/INFO]: [STDOUT] [io.papermc.paper.util.PapoTickProfile] PapoTickProfile.phase level.chunkSource          total=  612.3ms avg/tick= 1530.9us share=  2.3% n=1200
[04:13:46] [Server thread/INFO]: [STDOUT] [io.papermc.paper.util.PapoTickProfile] PapoTickProfile.phase connection                 total=  148.9ms avg/tick=  372.4us share=  0.6% n=400
[04:13:46] [Server thread/INFO]: [STDOUT] [io.papermc.paper.util.PapoTickProfile] PapoTickProfile.phase level.entities             total=  139.5ms avg/tick=  348.8us share=  0.5% n=1200
[04:13:46] [Server thread/INFO]: [STDOUT] [io.papermc.paper.util.PapoTickProfile] PapoTickProfile.phase sendChunks                 total=   24.0ms avg/tick=   60.0us share=  0.1% n=400
[04:13:46] [Server thread/INFO]: [STDOUT] [io.papermc.paper.util.PapoTickProfile] PapoTickProfile.phase level.fluidTicks           total=    3.5ms avg/tick=    8.6us share=  0.0% n=1200
[04:13:46] [Server thread/INFO]: [STDOUT] [io.papermc.paper.util.PapoTickProfile] PapoTickProfile.phase level.blockEvents          total=    1.0ms avg/tick=    2.6us share=  0.0% n=1200
[04:13:46] [Server thread/INFO]: [STDOUT] [io.papermc.paper.util.PapoTickProfile] PapoTickProfile.phase players                    total=    0.5ms avg/tick=    1.3us share=  0.0% n=400
[04:13:46] [Server thread/INFO]: [STDOUT] [io.papermc.paper.util.PapoTickProfile] PapoTickProfile.phase functions                  total=    0.4ms avg/tick=    0.9us share=  0.0% n=400
[04:13:46] [Server thread/INFO]: [STDOUT] [io.papermc.paper.util.PapoTickProfile] PapoTickProfile.count rs.blockTickRuns           total= 176401 avg/tick=  441.0
[04:13:46] [Server thread/INFO]: [STDOUT] [io.papermc.paper.util.PapoTickProfile] PapoTickProfile.count rs.fluidTickRuns           total=     67 avg/tick=    0.2
[04:13:46] [Server thread/INFO]: [STDOUT] [io.papermc.paper.util.PapoTickProfile] PapoTickProfile.count rs.wireEvalNoChange        total= 352800 avg/tick=  882.0
[04:13:46] [Server thread/INFO]: [STDOUT] [io.papermc.paper.util.PapoTickProfile] PapoTickProfile.count rs.wireEvalRuns            total=1852200 avg/tick= 4630.5
[04:13:46] [Server thread/INFO]: [STDOUT] [io.papermc.paper.util.PapoTickProfile] PapoTickProfile.count rs.wireEvalSkipped         total=10495800 avg/tick=26239.5
[04:14:06] [Server thread/INFO]: [STDOUT] [io.papermc.paper.util.PapoTickProfile] PapoTickProfile window=400ticks totalWallMs=19999 measuredMs=23795
[04:14:06] [Server thread/INFO]: [STDOUT] [io.papermc.paper.util.PapoTickProfile] PapoTickProfile.phase worlds                     total= 7959.0ms avg/tick=19897.4us share= 33.4% n=400
[04:14:06] [Server thread/INFO]: [STDOUT] [io.papermc.paper.util.PapoTickProfile] PapoTickProfile.phase level.tickPending+misc     total= 7820.7ms avg/tick=19551.7us share= 32.9% n=1200
[04:14:06] [Server thread/INFO]: [STDOUT] [io.papermc.paper.util.PapoTickProfile] PapoTickProfile.phase level.blockTicks           total= 7280.5ms avg/tick=18201.2us share= 30.6% n=1200
[04:14:06] [Server thread/INFO]: [STDOUT] [io.papermc.paper.util.PapoTickProfile] PapoTickProfile.phase level.chunkSource          total=  535.6ms avg/tick= 1339.1us share=  2.3% n=1200
[04:14:06] [Server thread/INFO]: [STDOUT] [io.papermc.paper.util.PapoTickProfile] PapoTickProfile.phase level.entities             total=  129.3ms avg/tick=  323.2us share=  0.5% n=1200
[04:14:06] [Server thread/INFO]: [STDOUT] [io.papermc.paper.util.PapoTickProfile] PapoTickProfile.phase connection                 total=   42.7ms avg/tick=  106.9us share=  0.2% n=400
[04:14:06] [Server thread/INFO]: [STDOUT] [io.papermc.paper.util.PapoTickProfile] PapoTickProfile.phase sendChunks                 total=   23.7ms avg/tick=   59.2us share=  0.1% n=400
[04:14:06] [Server thread/INFO]: [STDOUT] [io.papermc.paper.util.PapoTickProfile] PapoTickProfile.phase level.fluidTicks           total=    3.1ms avg/tick=    7.8us share=  0.0% n=1200
[04:14:06] [Server thread/INFO]: [STDOUT] [io.papermc.paper.util.PapoTickProfile] PapoTickProfile.phase level.blockEvents          total=    0.4ms avg/tick=    1.0us share=  0.0% n=1200
[04:14:06] [Server thread/INFO]: [STDOUT] [io.papermc.paper.util.PapoTickProfile] PapoTickProfile.phase functions                  total=    0.4ms avg/tick=    0.9us share=  0.0% n=400
[04:14:06] [Server thread/INFO]: [STDOUT] [io.papermc.paper.util.PapoTickProfile] PapoTickProfile.phase players                    total=    0.1ms avg/tick=    0.3us share=  0.0% n=400
[04:14:06] [Server thread/INFO]: [STDOUT] [io.papermc.paper.util.PapoTickProfile] PapoTickProfile.count rs.blockTickRuns           total= 176400 avg/tick=  441.0
[04:14:06] [Server thread/INFO]: [STDOUT] [io.papermc.paper.util.PapoTickProfile] PapoTickProfile.count rs.fluidTickRuns           total=     79 avg/tick=    0.2
[04:14:06] [Server thread/INFO]: [STDOUT] [io.papermc.paper.util.PapoTickProfile] PapoTickProfile.count rs.wireEvalNoChange        total= 352800 avg/tick=  882.0
[04:14:06] [Server thread/INFO]: [STDOUT] [io.papermc.paper.util.PapoTickProfile] PapoTickProfile.count rs.wireEvalRuns            total=1852200 avg/tick= 4630.5
[04:14:06] [Server thread/INFO]: [STDOUT] [io.papermc.paper.util.PapoTickProfile] PapoTickProfile.count rs.wireEvalSkipped         total=10495800 avg/tick=26239.5
[04:14:26] [Server thread/INFO]: [STDOUT] [io.papermc.paper.util.PapoTickProfile] PapoTickProfile window=400ticks totalWallMs=20000 measuredMs=24435
[04:14:26] [Server thread/INFO]: [STDOUT] [io.papermc.paper.util.PapoTickProfile] PapoTickProfile.phase worlds                     total= 8168.4ms avg/tick=20421.0us share= 33.4% n=400
[04:14:26] [Server thread/INFO]: [STDOUT] [io.papermc.paper.util.PapoTickProfile] PapoTickProfile.phase level.tickPending+misc     total= 8035.5ms avg/tick=20088.7us share= 32.9% n=1200
[04:14:26] [Server thread/INFO]: [STDOUT] [io.papermc.paper.util.PapoTickProfile] PapoTickProfile.phase level.blockTicks           total= 7482.3ms avg/tick=18705.7us share= 30.6% n=1200
[04:14:26] [Server thread/INFO]: [STDOUT] [io.papermc.paper.util.PapoTickProfile] PapoTickProfile.phase level.chunkSource          total=  549.9ms avg/tick= 1374.8us share=  2.3% n=1200
[04:14:26] [Server thread/INFO]: [STDOUT] [io.papermc.paper.util.PapoTickProfile] PapoTickProfile.phase level.entities             total=  129.0ms avg/tick=  322.4us share=  0.5% n=1200
[04:14:26] [Server thread/INFO]: [STDOUT] [io.papermc.paper.util.PapoTickProfile] PapoTickProfile.phase connection                 total=   43.2ms avg/tick=  107.9us share=  0.2% n=400
[04:14:26] [Server thread/INFO]: [STDOUT] [io.papermc.paper.util.PapoTickProfile] PapoTickProfile.phase sendChunks                 total=   23.9ms avg/tick=   59.8us share=  0.1% n=400
[04:14:26] [Server thread/INFO]: [STDOUT] [io.papermc.paper.util.PapoTickProfile] PapoTickProfile.phase level.fluidTicks           total=    2.3ms avg/tick=    5.6us share=  0.0% n=1200
[04:14:26] [Server thread/INFO]: [STDOUT] [io.papermc.paper.util.PapoTickProfile] PapoTickProfile.phase players                    total=    0.4ms avg/tick=    1.0us share=  0.0% n=400
[04:14:26] [Server thread/INFO]: [STDOUT] [io.papermc.paper.util.PapoTickProfile] PapoTickProfile.phase functions                  total=    0.4ms avg/tick=    0.9us share=  0.0% n=400
[04:14:26] [Server thread/INFO]: [STDOUT] [io.papermc.paper.util.PapoTickProfile] PapoTickProfile.phase level.blockEvents          total=    0.3ms avg/tick=    0.8us share=  0.0% n=1200
[04:14:26] [Server thread/INFO]: [STDOUT] [io.papermc.paper.util.PapoTickProfile] PapoTickProfile.count rs.blockTickRuns           total= 176400 avg/tick=  441.0
[04:14:26] [Server thread/INFO]: [STDOUT] [io.papermc.paper.util.PapoTickProfile] PapoTickProfile.count rs.fluidTickRuns           total=     67 avg/tick=    0.2
[04:14:26] [Server thread/INFO]: [STDOUT] [io.papermc.paper.util.PapoTickProfile] PapoTickProfile.count rs.wireEvalNoChange        total= 352800 avg/tick=  882.0
[04:14:26] [Server thread/INFO]: [STDOUT] [io.papermc.paper.util.PapoTickProfile] PapoTickProfile.count rs.wireEvalRuns            total=1852200 avg/tick= 4630.5
[04:14:26] [Server thread/INFO]: [STDOUT] [io.papermc.paper.util.PapoTickProfile] PapoTickProfile.count rs.wireEvalSkipped         total=10495800 avg/tick=26239.5
[04:14:46] [Server thread/INFO]: [STDOUT] [io.papermc.paper.util.PapoTickProfile] PapoTickProfile window=400ticks totalWallMs=19999 measuredMs=22604
[04:14:46] [Server thread/INFO]: [STDOUT] [io.papermc.paper.util.PapoTickProfile] PapoTickProfile.phase worlds                     total= 7554.9ms avg/tick=18887.2us share= 33.4% n=400
[04:14:46] [Server thread/INFO]: [STDOUT] [io.papermc.paper.util.PapoTickProfile] PapoTickProfile.phase level.tickPending+misc     total= 7433.7ms avg/tick=18584.2us share= 32.9% n=1200
[04:14:46] [Server thread/INFO]: [STDOUT] [io.papermc.paper.util.PapoTickProfile] PapoTickProfile.phase level.blockTicks           total= 6997.4ms avg/tick=17493.6us share= 31.0% n=1200
[04:14:46] [Server thread/INFO]: [STDOUT] [io.papermc.paper.util.PapoTickProfile] PapoTickProfile.phase level.chunkSource          total=  433.6ms avg/tick= 1084.0us share=  1.9% n=1200
[04:14:46] [Server thread/INFO]: [STDOUT] [io.papermc.paper.util.PapoTickProfile] PapoTickProfile.phase level.entities             total=  117.8ms avg/tick=  294.6us share=  0.5% n=1200
[04:14:46] [Server thread/INFO]: [STDOUT] [io.papermc.paper.util.PapoTickProfile] PapoTickProfile.phase connection                 total=   40.2ms avg/tick=  100.6us share=  0.2% n=400
[04:14:46] [Server thread/INFO]: [STDOUT] [io.papermc.paper.util.PapoTickProfile] PapoTickProfile.phase sendChunks                 total=   24.1ms avg/tick=   60.4us share=  0.1% n=400
[04:14:46] [Server thread/INFO]: [STDOUT] [io.papermc.paper.util.PapoTickProfile] PapoTickProfile.phase level.fluidTicks           total=    1.7ms avg/tick=    4.2us share=  0.0% n=1200
[04:14:46] [Server thread/INFO]: [STDOUT] [io.papermc.paper.util.PapoTickProfile] PapoTickProfile.phase functions                  total=    0.3ms avg/tick=    0.9us share=  0.0% n=400
[04:14:46] [Server thread/INFO]: [STDOUT] [io.papermc.paper.util.PapoTickProfile] PapoTickProfile.phase players                    total=    0.3ms avg/tick=    0.8us share=  0.0% n=400
[04:14:46] [Server thread/INFO]: [STDOUT] [io.papermc.paper.util.PapoTickProfile] PapoTickProfile.phase level.blockEvents          total=    0.3ms avg/tick=    0.7us share=  0.0% n=1200
[04:14:46] [Server thread/INFO]: [STDOUT] [io.papermc.paper.util.PapoTickProfile] PapoTickProfile.count rs.blockTickRuns           total= 176400 avg/tick=  441.0
[04:14:46] [Server thread/INFO]: [STDOUT] [io.papermc.paper.util.PapoTickProfile] PapoTickProfile.count rs.fluidTickRuns           total=     95 avg/tick=    0.2
[04:14:46] [Server thread/INFO]: [STDOUT] [io.papermc.paper.util.PapoTickProfile] PapoTickProfile.count rs.wireEvalNoChange        total= 352800 avg/tick=  882.0
[04:14:46] [Server thread/INFO]: [STDOUT] [io.papermc.paper.util.PapoTickProfile] PapoTickProfile.count rs.wireEvalRuns            total=1852200 avg/tick= 4630.5
[04:14:46] [Server thread/INFO]: [STDOUT] [io.papermc.paper.util.PapoTickProfile] PapoTickProfile.count rs.wireEvalSkipped         total=10495800 avg/tick=26239.5
[04:15:06] [Server thread/INFO]: [STDOUT] [io.papermc.paper.util.PapoTickProfile] PapoTickProfile window=400ticks totalWallMs=19999 measuredMs=23693
[04:15:06] [Server thread/INFO]: [STDOUT] [io.papermc.paper.util.PapoTickProfile] PapoTickProfile.phase worlds                     total= 7937.8ms avg/tick=19844.4us share= 33.5% n=400
[04:15:06] [Server thread/INFO]: [STDOUT] [io.papermc.paper.util.PapoTickProfile] PapoTickProfile.phase level.tickPending+misc     total= 7752.9ms avg/tick=19382.4us share= 32.7% n=1200
[04:15:06] [Server thread/INFO]: [STDOUT] [io.papermc.paper.util.PapoTickProfile] PapoTickProfile.phase level.blockTicks           total= 7237.4ms avg/tick=18093.5us share= 30.5% n=1200
[04:15:06] [Server thread/INFO]: [STDOUT] [io.papermc.paper.util.PapoTickProfile] PapoTickProfile.phase level.chunkSource          total=  512.7ms avg/tick= 1281.7us share=  2.2% n=1200
[04:15:06] [Server thread/INFO]: [STDOUT] [io.papermc.paper.util.PapoTickProfile] PapoTickProfile.phase level.entities             total=  181.2ms avg/tick=  452.9us share=  0.8% n=1200
[04:15:06] [Server thread/INFO]: [STDOUT] [io.papermc.paper.util.PapoTickProfile] PapoTickProfile.phase connection                 total=   43.6ms avg/tick=  109.0us share=  0.2% n=400
[04:15:06] [Server thread/INFO]: [STDOUT] [io.papermc.paper.util.PapoTickProfile] PapoTickProfile.phase sendChunks                 total=   25.0ms avg/tick=   62.4us share=  0.1% n=400
[04:15:06] [Server thread/INFO]: [STDOUT] [io.papermc.paper.util.PapoTickProfile] PapoTickProfile.phase level.fluidTicks           total=    1.8ms avg/tick=    4.5us share=  0.0% n=1200
[04:15:06] [Server thread/INFO]: [STDOUT] [io.papermc.paper.util.PapoTickProfile] PapoTickProfile.phase level.blockEvents          total=    0.4ms avg/tick=    1.0us share=  0.0% n=1200
[04:15:06] [Server thread/INFO]: [STDOUT] [io.papermc.paper.util.PapoTickProfile] PapoTickProfile.phase functions                  total=    0.4ms avg/tick=    0.9us share=  0.0% n=400
[04:15:06] [Server thread/INFO]: [STDOUT] [io.papermc.paper.util.PapoTickProfile] PapoTickProfile.phase players                    total=    0.2ms avg/tick=    0.6us share=  0.0% n=400
[04:15:06] [Server thread/INFO]: [STDOUT] [io.papermc.paper.util.PapoTickProfile] PapoTickProfile.count rs.blockTickRuns           total= 176400 avg/tick=  441.0
[04:15:06] [Server thread/INFO]: [STDOUT] [io.papermc.paper.util.PapoTickProfile] PapoTickProfile.count rs.fluidTickRuns           total=     78 avg/tick=    0.2
[04:15:06] [Server thread/INFO]: [STDOUT] [io.papermc.paper.util.PapoTickProfile] PapoTickProfile.count rs.wireEvalNoChange        total= 352800 avg/tick=  882.0
[04:15:06] [Server thread/INFO]: [STDOUT] [io.papermc.paper.util.PapoTickProfile] PapoTickProfile.count rs.wireEvalRuns            total=1852200 avg/tick= 4630.5
[04:15:06] [Server thread/INFO]: [STDOUT] [io.papermc.paper.util.PapoTickProfile] PapoTickProfile.count rs.wireEvalSkipped         total=10495800 avg/tick=26239.5
[04:15:26] [Server thread/INFO]: [STDOUT] [io.papermc.paper.util.PapoTickProfile] PapoTickProfile window=400ticks totalWallMs=19999 measuredMs=22771
[04:15:26] [Server thread/INFO]: [STDOUT] [io.papermc.paper.util.PapoTickProfile] PapoTickProfile.phase worlds                     total= 7629.3ms avg/tick=19073.2us share= 33.5% n=400
[04:15:26] [Server thread/INFO]: [STDOUT] [io.papermc.paper.util.PapoTickProfile] PapoTickProfile.phase level.tickPending+misc     total= 7450.3ms avg/tick=18625.7us share= 32.7% n=1200
[04:15:26] [Server thread/INFO]: [STDOUT] [io.papermc.paper.util.PapoTickProfile] PapoTickProfile.phase level.blockTicks           total= 6966.0ms avg/tick=17415.1us share= 30.6% n=1200
[04:15:26] [Server thread/INFO]: [STDOUT] [io.papermc.paper.util.PapoTickProfile] PapoTickProfile.phase level.chunkSource          total=  481.4ms avg/tick= 1203.6us share=  2.1% n=1200
[04:15:26] [Server thread/INFO]: [STDOUT] [io.papermc.paper.util.PapoTickProfile] PapoTickProfile.phase level.entities             total=  175.7ms avg/tick=  439.3us share=  0.8% n=1200
[04:15:26] [Server thread/INFO]: [STDOUT] [io.papermc.paper.util.PapoTickProfile] PapoTickProfile.phase connection                 total=   41.1ms avg/tick=  102.6us share=  0.2% n=400
[04:15:26] [Server thread/INFO]: [STDOUT] [io.papermc.paper.util.PapoTickProfile] PapoTickProfile.phase sendChunks                 total=   25.0ms avg/tick=   62.4us share=  0.1% n=400
[04:15:26] [Server thread/INFO]: [STDOUT] [io.papermc.paper.util.PapoTickProfile] PapoTickProfile.phase level.fluidTicks           total=    1.9ms avg/tick=    4.8us share=  0.0% n=1200
[04:15:26] [Server thread/INFO]: [STDOUT] [io.papermc.paper.util.PapoTickProfile] PapoTickProfile.phase functions                  total=    0.4ms avg/tick=    0.9us share=  0.0% n=400
[04:15:26] [Server thread/INFO]: [STDOUT] [io.papermc.paper.util.PapoTickProfile] PapoTickProfile.phase level.blockEvents          total=    0.3ms avg/tick=    0.7us share=  0.0% n=1200
[04:15:26] [Server thread/INFO]: [STDOUT] [io.papermc.paper.util.PapoTickProfile] PapoTickProfile.phase players                    total=    0.3ms avg/tick=    0.7us share=  0.0% n=400
[04:15:26] [Server thread/INFO]: [STDOUT] [io.papermc.paper.util.PapoTickProfile] PapoTickProfile.count rs.blockTickRuns           total= 176400 avg/tick=  441.0
[04:15:26] [Server thread/INFO]: [STDOUT] [io.papermc.paper.util.PapoTickProfile] PapoTickProfile.count rs.fluidTickRuns           total=     91 avg/tick=    0.2
[04:15:26] [Server thread/INFO]: [STDOUT] [io.papermc.paper.util.PapoTickProfile] PapoTickProfile.count rs.wireEvalNoChange        total= 352800 avg/tick=  882.0
[04:15:26] [Server thread/INFO]: [STDOUT] [io.papermc.paper.util.PapoTickProfile] PapoTickProfile.count rs.wireEvalRuns            total=1852200 avg/tick= 4630.5
[04:15:26] [Server thread/INFO]: [STDOUT] [io.papermc.paper.util.PapoTickProfile] PapoTickProfile.count rs.wireEvalSkipped         total=10495800 avg/tick=26239.5
[04:15:46] [Server thread/INFO]: [STDOUT] [io.papermc.paper.util.PapoTickProfile] PapoTickProfile window=400ticks totalWallMs=20000 measuredMs=23427
[04:15:46] [Server thread/INFO]: [STDOUT] [io.papermc.paper.util.PapoTickProfile] PapoTickProfile.phase worlds                     total= 7840.5ms avg/tick=19601.2us share= 33.5% n=400
[04:15:46] [Server thread/INFO]: [STDOUT] [io.papermc.paper.util.PapoTickProfile] PapoTickProfile.phase level.tickPending+misc     total= 7685.0ms avg/tick=19212.5us share= 32.8% n=1200
[04:15:46] [Server thread/INFO]: [STDOUT] [io.papermc.paper.util.PapoTickProfile] PapoTickProfile.phase level.blockTicks           total= 7172.4ms avg/tick=17930.9us share= 30.6% n=1200
[04:15:46] [Server thread/INFO]: [STDOUT] [io.papermc.paper.util.PapoTickProfile] PapoTickProfile.phase level.chunkSource          total=  510.0ms avg/tick= 1275.1us share=  2.2% n=1200
[04:15:46] [Server thread/INFO]: [STDOUT] [io.papermc.paper.util.PapoTickProfile] PapoTickProfile.phase level.entities             total=  152.1ms avg/tick=  380.2us share=  0.6% n=1200
[04:15:46] [Server thread/INFO]: [STDOUT] [io.papermc.paper.util.PapoTickProfile] PapoTickProfile.phase connection                 total=   40.6ms avg/tick=  101.6us share=  0.2% n=400
[04:15:46] [Server thread/INFO]: [STDOUT] [io.papermc.paper.util.PapoTickProfile] PapoTickProfile.phase sendChunks                 total=   24.8ms avg/tick=   62.0us share=  0.1% n=400
[04:15:46] [Server thread/INFO]: [STDOUT] [io.papermc.paper.util.PapoTickProfile] PapoTickProfile.phase level.fluidTicks           total=    1.6ms avg/tick=    4.0us share=  0.0% n=1200
[04:15:46] [Server thread/INFO]: [STDOUT] [io.papermc.paper.util.PapoTickProfile] PapoTickProfile.phase functions                  total=    0.4ms avg/tick=    0.9us share=  0.0% n=400
[04:15:46] [Server thread/INFO]: [STDOUT] [io.papermc.paper.util.PapoTickProfile] PapoTickProfile.phase level.blockEvents          total=    0.3ms avg/tick=    0.8us share=  0.0% n=1200
[04:15:46] [Server thread/INFO]: [STDOUT] [io.papermc.paper.util.PapoTickProfile] PapoTickProfile.phase players                    total=    0.3ms avg/tick=    0.7us share=  0.0% n=400
[04:15:46] [Server thread/INFO]: [STDOUT] [io.papermc.paper.util.PapoTickProfile] PapoTickProfile.count rs.blockTickRuns           total= 176400 avg/tick=  441.0
[04:15:46] [Server thread/INFO]: [STDOUT] [io.papermc.paper.util.PapoTickProfile] PapoTickProfile.count rs.fluidTickRuns           total=     70 avg/tick=    0.2
[04:15:46] [Server thread/INFO]: [STDOUT] [io.papermc.paper.util.PapoTickProfile] PapoTickProfile.count rs.wireEvalNoChange        total= 352800 avg/tick=  882.0
[04:15:46] [Server thread/INFO]: [STDOUT] [io.papermc.paper.util.PapoTickProfile] PapoTickProfile.count rs.wireEvalRuns            total=1852200 avg/tick= 4630.5
[04:15:46] [Server thread/INFO]: [STDOUT] [io.papermc.paper.util.PapoTickProfile] PapoTickProfile.count rs.wireEvalSkipped         total=10495800 avg/tick=26239.5
[04:16:06] [Server thread/INFO]: [STDOUT] [io.papermc.paper.util.PapoTickProfile] PapoTickProfile window=400ticks totalWallMs=20000 measuredMs=26185
[04:16:06] [Server thread/INFO]: [STDOUT] [io.papermc.paper.util.PapoTickProfile] PapoTickProfile.phase worlds                     total= 8761.9ms avg/tick=21904.7us share= 33.5% n=400
[04:16:06] [Server thread/INFO]: [STDOUT] [io.papermc.paper.util.PapoTickProfile] PapoTickProfile.phase level.tickPending+misc     total= 8594.4ms avg/tick=21486.0us share= 32.8% n=1200
[04:16:06] [Server thread/INFO]: [STDOUT] [io.papermc.paper.util.PapoTickProfile] PapoTickProfile.phase level.blockTicks           total= 7890.9ms avg/tick=19727.3us share= 30.1% n=1200
[04:16:06] [Server thread/INFO]: [STDOUT] [io.papermc.paper.util.PapoTickProfile] PapoTickProfile.phase level.chunkSource          total=  700.1ms avg/tick= 1750.2us share=  2.7% n=1200
[04:16:06] [Server thread/INFO]: [STDOUT] [io.papermc.paper.util.PapoTickProfile] PapoTickProfile.phase level.entities             total=  163.1ms avg/tick=  407.8us share=  0.6% n=1200
[04:16:06] [Server thread/INFO]: [STDOUT] [io.papermc.paper.util.PapoTickProfile] PapoTickProfile.phase connection                 total=   47.4ms avg/tick=  118.5us share=  0.2% n=400
[04:16:06] [Server thread/INFO]: [STDOUT] [io.papermc.paper.util.PapoTickProfile] PapoTickProfile.phase sendChunks                 total=   24.7ms avg/tick=   61.7us share=  0.1% n=400
[04:16:06] [Server thread/INFO]: [STDOUT] [io.papermc.paper.util.PapoTickProfile] PapoTickProfile.phase level.fluidTicks           total=    2.2ms avg/tick=    5.6us share=  0.0% n=1200
[04:16:06] [Server thread/INFO]: [STDOUT] [io.papermc.paper.util.PapoTickProfile] PapoTickProfile.phase level.blockEvents          total=    0.4ms avg/tick=    1.1us share=  0.0% n=1200
[04:16:06] [Server thread/INFO]: [STDOUT] [io.papermc.paper.util.PapoTickProfile] PapoTickProfile.phase functions                  total=    0.4ms avg/tick=    1.1us share=  0.0% n=400
[04:16:06] [Server thread/INFO]: [STDOUT] [io.papermc.paper.util.PapoTickProfile] PapoTickProfile.phase players                    total=    0.2ms avg/tick=    0.4us share=  0.0% n=400
[04:16:06] [Server thread/INFO]: [STDOUT] [io.papermc.paper.util.PapoTickProfile] PapoTickProfile.count rs.blockTickRuns           total= 176400 avg/tick=  441.0
[04:16:06] [Server thread/INFO]: [STDOUT] [io.papermc.paper.util.PapoTickProfile] PapoTickProfile.count rs.fluidTickRuns           total=     73 avg/tick=    0.2
[04:16:06] [Server thread/INFO]: [STDOUT] [io.papermc.paper.util.PapoTickProfile] PapoTickProfile.count rs.wireEvalNoChange        total= 352800 avg/tick=  882.0
[04:16:06] [Server thread/INFO]: [STDOUT] [io.papermc.paper.util.PapoTickProfile] PapoTickProfile.count rs.wireEvalRuns            total=1852200 avg/tick= 4630.5
[04:16:06] [Server thread/INFO]: [STDOUT] [io.papermc.paper.util.PapoTickProfile] PapoTickProfile.count rs.wireEvalSkipped         total=10495800 avg/tick=26239.5
[04:16:26] [Server thread/INFO]: [STDOUT] [io.papermc.paper.util.PapoTickProfile] PapoTickProfile window=400ticks totalWallMs=19999 measuredMs=23034
[04:16:26] [Server thread/INFO]: [STDOUT] [io.papermc.paper.util.PapoTickProfile] PapoTickProfile.phase worlds                     total= 7712.7ms avg/tick=19281.7us share= 33.5% n=400
[04:16:26] [Server thread/INFO]: [STDOUT] [io.papermc.paper.util.PapoTickProfile] PapoTickProfile.phase level.tickPending+misc     total= 7547.5ms avg/tick=18868.8us share= 32.8% n=1200
[04:16:26] [Server thread/INFO]: [STDOUT] [io.papermc.paper.util.PapoTickProfile] PapoTickProfile.phase level.blockTicks           total= 6980.7ms avg/tick=17451.8us share= 30.3% n=1200
[04:16:26] [Server thread/INFO]: [STDOUT] [io.papermc.paper.util.PapoTickProfile] PapoTickProfile.phase level.chunkSource          total=  564.5ms avg/tick= 1411.2us share=  2.5% n=1200
[04:16:26] [Server thread/INFO]: [STDOUT] [io.papermc.paper.util.PapoTickProfile] PapoTickProfile.phase level.entities             total=  161.9ms avg/tick=  404.7us share=  0.7% n=1200
[04:16:26] [Server thread/INFO]: [STDOUT] [io.papermc.paper.util.PapoTickProfile] PapoTickProfile.phase connection                 total=   40.5ms avg/tick=  101.3us share=  0.2% n=400
[04:16:26] [Server thread/INFO]: [STDOUT] [io.papermc.paper.util.PapoTickProfile] PapoTickProfile.phase sendChunks                 total=   24.7ms avg/tick=   61.8us share=  0.1% n=400
[04:16:26] [Server thread/INFO]: [STDOUT] [io.papermc.paper.util.PapoTickProfile] PapoTickProfile.phase level.fluidTicks           total=    1.4ms avg/tick=    3.5us share=  0.0% n=1200
[04:16:26] [Server thread/INFO]: [STDOUT] [io.papermc.paper.util.PapoTickProfile] PapoTickProfile.phase functions                  total=    0.4ms avg/tick=    0.9us share=  0.0% n=400
[04:16:26] [Server thread/INFO]: [STDOUT] [io.papermc.paper.util.PapoTickProfile] PapoTickProfile.phase players                    total=    0.3ms avg/tick=    0.8us share=  0.0% n=400
[04:16:26] [Server thread/INFO]: [STDOUT] [io.papermc.paper.util.PapoTickProfile] PapoTickProfile.phase level.blockEvents          total=    0.3ms avg/tick=    0.7us share=  0.0% n=1200
[04:16:26] [Server thread/INFO]: [STDOUT] [io.papermc.paper.util.PapoTickProfile] PapoTickProfile.count rs.blockTickRuns           total= 176400 avg/tick=  441.0
[04:16:26] [Server thread/INFO]: [STDOUT] [io.papermc.paper.util.PapoTickProfile] PapoTickProfile.count rs.fluidTickRuns           total=     43 avg/tick=    0.1
[04:16:26] [Server thread/INFO]: [STDOUT] [io.papermc.paper.util.PapoTickProfile] PapoTickProfile.count rs.wireEvalNoChange        total= 352800 avg/tick=  882.0
[04:16:26] [Server thread/INFO]: [STDOUT] [io.papermc.paper.util.PapoTickProfile] PapoTickProfile.count rs.wireEvalRuns            total=1852200 avg/tick= 4630.5
[04:16:26] [Server thread/INFO]: [STDOUT] [io.papermc.paper.util.PapoTickProfile] PapoTickProfile.count rs.wireEvalSkipped         total=10495800 avg/tick=26239.5
[04:16:46] [Server thread/INFO]: [STDOUT] [io.papermc.paper.util.PapoTickProfile] PapoTickProfile window=400ticks totalWallMs=19999 measuredMs=23143
[04:16:46] [Server thread/INFO]: [STDOUT] [io.papermc.paper.util.PapoTickProfile] PapoTickProfile.phase worlds                     total= 7749.2ms avg/tick=19373.0us share= 33.5% n=400
[04:16:46] [Server thread/INFO]: [STDOUT] [io.papermc.paper.util.PapoTickProfile] PapoTickProfile.phase level.tickPending+misc     total= 7582.7ms avg/tick=18956.8us share= 32.8% n=1200
[04:16:46] [Server thread/INFO]: [STDOUT] [io.papermc.paper.util.PapoTickProfile] PapoTickProfile.phase level.blockTicks           total= 7059.8ms avg/tick=17649.5us share= 30.5% n=1200
[04:16:46] [Server thread/INFO]: [STDOUT] [io.papermc.paper.util.PapoTickProfile] PapoTickProfile.phase level.chunkSource          total=  520.5ms avg/tick= 1301.3us share=  2.2% n=1200
[04:16:46] [Server thread/INFO]: [STDOUT] [io.papermc.paper.util.PapoTickProfile] PapoTickProfile.phase level.entities             total=  162.8ms avg/tick=  407.1us share=  0.7% n=1200
[04:16:46] [Server thread/INFO]: [STDOUT] [io.papermc.paper.util.PapoTickProfile] PapoTickProfile.phase connection                 total=   41.8ms avg/tick=  104.5us share=  0.2% n=400
[04:16:46] [Server thread/INFO]: [STDOUT] [io.papermc.paper.util.PapoTickProfile] PapoTickProfile.phase sendChunks                 total=   24.4ms avg/tick=   60.9us share=  0.1% n=400
[04:16:46] [Server thread/INFO]: [STDOUT] [io.papermc.paper.util.PapoTickProfile] PapoTickProfile.phase level.fluidTicks           total=    1.5ms avg/tick=    3.7us share=  0.0% n=1200
[04:16:46] [Server thread/INFO]: [STDOUT] [io.papermc.paper.util.PapoTickProfile] PapoTickProfile.phase functions                  total=    0.3ms avg/tick=    0.8us share=  0.0% n=400
[04:16:46] [Server thread/INFO]: [STDOUT] [io.papermc.paper.util.PapoTickProfile] PapoTickProfile.phase level.blockEvents          total=    0.3ms avg/tick=    0.8us share=  0.0% n=1200
[04:16:46] [Server thread/INFO]: [STDOUT] [io.papermc.paper.util.PapoTickProfile] PapoTickProfile.phase players                    total=    0.3ms avg/tick=    0.7us share=  0.0% n=400
[04:16:46] [Server thread/INFO]: [STDOUT] [io.papermc.paper.util.PapoTickProfile] PapoTickProfile.count rs.blockTickRuns           total= 176400 avg/tick=  441.0
[04:16:46] [Server thread/INFO]: [STDOUT] [io.papermc.paper.util.PapoTickProfile] PapoTickProfile.count rs.fluidTickRuns           total=     65 avg/tick=    0.2
[04:16:46] [Server thread/INFO]: [STDOUT] [io.papermc.paper.util.PapoTickProfile] PapoTickProfile.count rs.wireEvalNoChange        total= 352800 avg/tick=  882.0
[04:16:46] [Server thread/INFO]: [STDOUT] [io.papermc.paper.util.PapoTickProfile] PapoTickProfile.count rs.wireEvalRuns            total=1852200 avg/tick= 4630.5
[04:16:46] [Server thread/INFO]: [STDOUT] [io.papermc.paper.util.PapoTickProfile] PapoTickProfile.count rs.wireEvalSkipped         total=10495800 avg/tick=26239.5
[04:17:06] [Server thread/INFO]: [STDOUT] [io.papermc.paper.util.PapoTickProfile] PapoTickProfile window=400ticks totalWallMs=20014 measuredMs=23351
[04:17:06] [Server thread/INFO]: [STDOUT] [io.papermc.paper.util.PapoTickProfile] PapoTickProfile.phase worlds                     total= 7817.2ms avg/tick=19543.0us share= 33.5% n=400
[04:17:06] [Server thread/INFO]: [STDOUT] [io.papermc.paper.util.PapoTickProfile] PapoTickProfile.phase level.tickPending+misc     total= 7654.4ms avg/tick=19136.1us share= 32.8% n=1200
[04:17:06] [Server thread/INFO]: [STDOUT] [io.papermc.paper.util.PapoTickProfile] PapoTickProfile.phase level.blockTicks           total= 7144.0ms avg/tick=17860.1us share= 30.6% n=1200
[04:17:06] [Server thread/INFO]: [STDOUT] [io.papermc.paper.util.PapoTickProfile] PapoTickProfile.phase level.chunkSource          total=  507.8ms avg/tick= 1269.6us share=  2.2% n=1200
[04:17:06] [Server thread/INFO]: [STDOUT] [io.papermc.paper.util.PapoTickProfile] PapoTickProfile.phase level.entities             total=  159.4ms avg/tick=  398.4us share=  0.7% n=1200
[04:17:06] [Server thread/INFO]: [STDOUT] [io.papermc.paper.util.PapoTickProfile] PapoTickProfile.phase connection                 total=   41.7ms avg/tick=  104.3us share=  0.2% n=400
[04:17:06] [Server thread/INFO]: [STDOUT] [io.papermc.paper.util.PapoTickProfile] PapoTickProfile.phase sendChunks                 total=   24.6ms avg/tick=   61.6us share=  0.1% n=400
[04:17:06] [Server thread/INFO]: [STDOUT] [io.papermc.paper.util.PapoTickProfile] PapoTickProfile.phase level.fluidTicks           total=    1.6ms avg/tick=    4.0us share=  0.0% n=1200
[04:17:06] [Server thread/INFO]: [STDOUT] [io.papermc.paper.util.PapoTickProfile] PapoTickProfile.phase functions                  total=    0.4ms avg/tick=    0.9us share=  0.0% n=400
[04:17:06] [Server thread/INFO]: [STDOUT] [io.papermc.paper.util.PapoTickProfile] PapoTickProfile.phase level.blockEvents          total=    0.3ms avg/tick=    0.8us share=  0.0% n=1200
[04:17:06] [Server thread/INFO]: [STDOUT] [io.papermc.paper.util.PapoTickProfile] PapoTickProfile.phase players                    total=    0.1ms avg/tick=    0.3us share=  0.0% n=400
[04:17:06] [Server thread/INFO]: [STDOUT] [io.papermc.paper.util.PapoTickProfile] PapoTickProfile.count rs.blockTickRuns           total= 176400 avg/tick=  441.0
[04:17:06] [Server thread/INFO]: [STDOUT] [io.papermc.paper.util.PapoTickProfile] PapoTickProfile.count rs.fluidTickRuns           total=     86 avg/tick=    0.2
[04:17:06] [Server thread/INFO]: [STDOUT] [io.papermc.paper.util.PapoTickProfile] PapoTickProfile.count rs.wireEvalNoChange        total= 352800 avg/tick=  882.0
[04:17:06] [Server thread/INFO]: [STDOUT] [io.papermc.paper.util.PapoTickProfile] PapoTickProfile.count rs.wireEvalRuns            total=1852200 avg/tick= 4630.5
[04:17:06] [Server thread/INFO]: [STDOUT] [io.papermc.paper.util.PapoTickProfile] PapoTickProfile.count rs.wireEvalSkipped         total=10495800 avg/tick=26239.5
[04:17:26] [Server thread/INFO]: [STDOUT] [io.papermc.paper.util.PapoTickProfile] PapoTickProfile window=400ticks totalWallMs=19986 measuredMs=23706
[04:17:26] [Server thread/INFO]: [STDOUT] [io.papermc.paper.util.PapoTickProfile] PapoTickProfile.phase worlds                     total= 7945.9ms avg/tick=19864.8us share= 33.5% n=400
[04:17:26] [Server thread/INFO]: [STDOUT] [io.papermc.paper.util.PapoTickProfile] PapoTickProfile.phase level.tickPending+misc     total= 7750.2ms avg/tick=19375.6us share= 32.7% n=1200
[04:17:26] [Server thread/INFO]: [STDOUT] [io.papermc.paper.util.PapoTickProfile] PapoTickProfile.phase level.blockTicks           total= 7192.3ms avg/tick=17980.8us share= 30.3% n=1200
[04:17:26] [Server thread/INFO]: [STDOUT] [io.papermc.paper.util.PapoTickProfile] PapoTickProfile.phase level.chunkSource          total=  555.3ms avg/tick= 1388.4us share=  2.3% n=1200
[04:17:26] [Server thread/INFO]: [STDOUT] [io.papermc.paper.util.PapoTickProfile] PapoTickProfile.phase level.entities             total=  192.3ms avg/tick=  480.7us share=  0.8% n=1200
[04:17:26] [Server thread/INFO]: [STDOUT] [io.papermc.paper.util.PapoTickProfile] PapoTickProfile.phase connection                 total=   42.3ms avg/tick=  105.8us share=  0.2% n=400
[04:17:26] [Server thread/INFO]: [STDOUT] [io.papermc.paper.util.PapoTickProfile] PapoTickProfile.phase sendChunks                 total=   25.4ms avg/tick=   63.6us share=  0.1% n=400
[04:17:26] [Server thread/INFO]: [STDOUT] [io.papermc.paper.util.PapoTickProfile] PapoTickProfile.phase level.fluidTicks           total=    1.6ms avg/tick=    4.0us share=  0.0% n=1200
[04:17:26] [Server thread/INFO]: [STDOUT] [io.papermc.paper.util.PapoTickProfile] PapoTickProfile.phase functions                  total=    0.4ms avg/tick=    1.0us share=  0.0% n=400
[04:17:26] [Server thread/INFO]: [STDOUT] [io.papermc.paper.util.PapoTickProfile] PapoTickProfile.phase level.blockEvents          total=    0.3ms avg/tick=    0.8us share=  0.0% n=1200
[04:17:26] [Server thread/INFO]: [STDOUT] [io.papermc.paper.util.PapoTickProfile] PapoTickProfile.phase players                    total=    0.3ms avg/tick=    0.8us share=  0.0% n=400
[04:17:26] [Server thread/INFO]: [STDOUT] [io.papermc.paper.util.PapoTickProfile] PapoTickProfile.count rs.blockTickRuns           total= 176401 avg/tick=  441.0
[04:17:26] [Server thread/INFO]: [STDOUT] [io.papermc.paper.util.PapoTickProfile] PapoTickProfile.count rs.fluidTickRuns           total=     33 avg/tick=    0.1
[04:17:26] [Server thread/INFO]: [STDOUT] [io.papermc.paper.util.PapoTickProfile] PapoTickProfile.count rs.wireEvalNoChange        total= 352800 avg/tick=  882.0
[04:17:26] [Server thread/INFO]: [STDOUT] [io.papermc.paper.util.PapoTickProfile] PapoTickProfile.count rs.wireEvalRuns            total=1852200 avg/tick= 4630.5
[04:17:26] [Server thread/INFO]: [STDOUT] [io.papermc.paper.util.PapoTickProfile] PapoTickProfile.count rs.wireEvalSkipped         total=10495800 avg/tick=26239.5
[04:17:46] [Server thread/INFO]: [STDOUT] [io.papermc.paper.util.PapoTickProfile] PapoTickProfile window=400ticks totalWallMs=19998 measuredMs=22364
[04:17:46] [Server thread/INFO]: [STDOUT] [io.papermc.paper.util.PapoTickProfile] PapoTickProfile.phase worlds                     total= 7488.5ms avg/tick=18721.2us share= 33.5% n=400
[04:17:46] [Server thread/INFO]: [STDOUT] [io.papermc.paper.util.PapoTickProfile] PapoTickProfile.phase level.tickPending+misc     total= 7327.1ms avg/tick=18317.7us share= 32.8% n=1200
[04:17:46] [Server thread/INFO]: [STDOUT] [io.papermc.paper.util.PapoTickProfile] PapoTickProfile.phase level.blockTicks           total= 6899.8ms avg/tick=17249.6us share= 30.9% n=1200
[04:17:46] [Server thread/INFO]: [STDOUT] [io.papermc.paper.util.PapoTickProfile] PapoTickProfile.phase level.chunkSource          total=  425.0ms avg/tick= 1062.4us share=  1.9% n=1200
[04:17:46] [Server thread/INFO]: [STDOUT] [io.papermc.paper.util.PapoTickProfile] PapoTickProfile.phase level.entities             total=  158.2ms avg/tick=  395.4us share=  0.7% n=1200
[04:17:46] [Server thread/INFO]: [STDOUT] [io.papermc.paper.util.PapoTickProfile] PapoTickProfile.phase connection                 total=   39.1ms avg/tick=   97.6us share=  0.2% n=400
[04:17:46] [Server thread/INFO]: [STDOUT] [io.papermc.paper.util.PapoTickProfile] PapoTickProfile.phase sendChunks                 total=   24.4ms avg/tick=   61.0us share=  0.1% n=400
[04:17:46] [Server thread/INFO]: [STDOUT] [io.papermc.paper.util.PapoTickProfile] PapoTickProfile.phase level.fluidTicks           total=    1.4ms avg/tick=    3.4us share=  0.0% n=1200
[04:17:46] [Server thread/INFO]: [STDOUT] [io.papermc.paper.util.PapoTickProfile] PapoTickProfile.phase functions                  total=    0.4ms avg/tick=    1.1us share=  0.0% n=400
[04:17:46] [Server thread/INFO]: [STDOUT] [io.papermc.paper.util.PapoTickProfile] PapoTickProfile.phase players                    total=    0.3ms avg/tick=    0.8us share=  0.0% n=400
[04:17:46] [Server thread/INFO]: [STDOUT] [io.papermc.paper.util.PapoTickProfile] PapoTickProfile.phase level.blockEvents          total=    0.3ms avg/tick=    0.7us share=  0.0% n=1200
[04:17:46] [Server thread/INFO]: [STDOUT] [io.papermc.paper.util.PapoTickProfile] PapoTickProfile.count rs.blockTickRuns           total= 176400 avg/tick=  441.0
[04:17:46] [Server thread/INFO]: [STDOUT] [io.papermc.paper.util.PapoTickProfile] PapoTickProfile.count rs.fluidTickRuns           total=     22 avg/tick=    0.1
[04:17:46] [Server thread/INFO]: [STDOUT] [io.papermc.paper.util.PapoTickProfile] PapoTickProfile.count rs.wireEvalNoChange        total= 352800 avg/tick=  882.0
[04:17:46] [Server thread/INFO]: [STDOUT] [io.papermc.paper.util.PapoTickProfile] PapoTickProfile.count rs.wireEvalRuns            total=1852200 avg/tick= 4630.5
[04:17:46] [Server thread/INFO]: [STDOUT] [io.papermc.paper.util.PapoTickProfile] PapoTickProfile.count rs.wireEvalSkipped         total=10495800 avg/tick=26239.5
[04:18:06] [Server thread/INFO]: [STDOUT] [io.papermc.paper.util.PapoTickProfile] PapoTickProfile window=400ticks totalWallMs=20000 measuredMs=25383
[04:18:06] [Server thread/INFO]: [STDOUT] [io.papermc.paper.util.PapoTickProfile] PapoTickProfile.phase worlds                     total= 8496.0ms avg/tick=21240.0us share= 33.5% n=400
[04:18:06] [Server thread/INFO]: [STDOUT] [io.papermc.paper.util.PapoTickProfile] PapoTickProfile.phase level.tickPending+misc     total= 8305.0ms avg/tick=20762.5us share= 32.7% n=1200
[04:18:06] [Server thread/INFO]: [STDOUT] [io.papermc.paper.util.PapoTickProfile] PapoTickProfile.phase level.blockTicks           total= 7642.0ms avg/tick=19105.1us share= 30.1% n=1200
[04:18:06] [Server thread/INFO]: [STDOUT] [io.papermc.paper.util.PapoTickProfile] PapoTickProfile.phase level.chunkSource          total=  659.9ms avg/tick= 1649.7us share=  2.6% n=1200
[04:18:06] [Server thread/INFO]: [STDOUT] [io.papermc.paper.util.PapoTickProfile] PapoTickProfile.phase level.entities             total=  186.8ms avg/tick=  467.1us share=  0.7% n=1200
[04:18:06] [Server thread/INFO]: [STDOUT] [io.papermc.paper.util.PapoTickProfile] PapoTickProfile.phase connection                 total=   65.3ms avg/tick=  163.2us share=  0.3% n=400
[04:18:06] [Server thread/INFO]: [STDOUT] [io.papermc.paper.util.PapoTickProfile] PapoTickProfile.phase sendChunks                 total=   25.2ms avg/tick=   63.1us share=  0.1% n=400
[04:18:06] [Server thread/INFO]: [STDOUT] [io.papermc.paper.util.PapoTickProfile] PapoTickProfile.phase level.fluidTicks           total=    2.0ms avg/tick=    5.0us share=  0.0% n=1200
[04:18:06] [Server thread/INFO]: [STDOUT] [io.papermc.paper.util.PapoTickProfile] PapoTickProfile.phase functions                  total=    0.6ms avg/tick=    1.4us share=  0.0% n=400
[04:18:06] [Server thread/INFO]: [STDOUT] [io.papermc.paper.util.PapoTickProfile] PapoTickProfile.phase level.blockEvents          total=    0.3ms avg/tick=    0.8us share=  0.0% n=1200
[04:18:06] [Server thread/INFO]: [STDOUT] [io.papermc.paper.util.PapoTickProfile] PapoTickProfile.phase players                    total=    0.1ms avg/tick=    0.4us share=  0.0% n=400
[04:18:06] [Server thread/INFO]: [STDOUT] [io.papermc.paper.util.PapoTickProfile] PapoTickProfile.count rs.blockTickRuns           total= 176400 avg/tick=  441.0
[04:18:06] [Server thread/INFO]: [STDOUT] [io.papermc.paper.util.PapoTickProfile] PapoTickProfile.count rs.fluidTickRuns           total=     66 avg/tick=    0.2
[04:18:06] [Server thread/INFO]: [STDOUT] [io.papermc.paper.util.PapoTickProfile] PapoTickProfile.count rs.wireEvalNoChange        total= 352800 avg/tick=  882.0
[04:18:06] [Server thread/INFO]: [STDOUT] [io.papermc.paper.util.PapoTickProfile] PapoTickProfile.count rs.wireEvalRuns            total=1852200 avg/tick= 4630.5
[04:18:06] [Server thread/INFO]: [STDOUT] [io.papermc.paper.util.PapoTickProfile] PapoTickProfile.count rs.wireEvalSkipped         total=10495800 avg/tick=26239.5
[04:18:26] [Server thread/INFO]: [STDOUT] [io.papermc.paper.util.PapoTickProfile] PapoTickProfile window=400ticks totalWallMs=20000 measuredMs=25993
[04:18:26] [Server thread/INFO]: [STDOUT] [io.papermc.paper.util.PapoTickProfile] PapoTickProfile.phase worlds                     total= 8708.5ms avg/tick=21771.4us share= 33.5% n=400
[04:18:26] [Server thread/INFO]: [STDOUT] [io.papermc.paper.util.PapoTickProfile] PapoTickProfile.phase level.tickPending+misc     total= 8509.7ms avg/tick=21274.3us share= 32.7% n=1200
[04:18:26] [Server thread/INFO]: [STDOUT] [io.papermc.paper.util.PapoTickProfile] PapoTickProfile.phase level.blockTicks           total= 7824.9ms avg/tick=19562.2us share= 30.1% n=1200
[04:18:26] [Server thread/INFO]: [STDOUT] [io.papermc.paper.util.PapoTickProfile] PapoTickProfile.phase level.chunkSource          total=  682.0ms avg/tick= 1705.0us share=  2.6% n=1200
[04:18:26] [Server thread/INFO]: [STDOUT] [io.papermc.paper.util.PapoTickProfile] PapoTickProfile.phase level.entities             total=  194.9ms avg/tick=  487.3us share=  0.7% n=1200
[04:18:26] [Server thread/INFO]: [STDOUT] [io.papermc.paper.util.PapoTickProfile] PapoTickProfile.phase connection                 total=   45.6ms avg/tick=  114.0us share=  0.2% n=400
[04:18:26] [Server thread/INFO]: [STDOUT] [io.papermc.paper.util.PapoTickProfile] PapoTickProfile.phase sendChunks                 total=   24.9ms avg/tick=   62.2us share=  0.1% n=400
[04:18:26] [Server thread/INFO]: [STDOUT] [io.papermc.paper.util.PapoTickProfile] PapoTickProfile.phase level.fluidTicks           total=    1.8ms avg/tick=    4.5us share=  0.0% n=1200
[04:18:26] [Server thread/INFO]: [STDOUT] [io.papermc.paper.util.PapoTickProfile] PapoTickProfile.phase functions                  total=    0.6ms avg/tick=    1.5us share=  0.0% n=400
[04:18:26] [Server thread/INFO]: [STDOUT] [io.papermc.paper.util.PapoTickProfile] PapoTickProfile.phase level.blockEvents          total=    0.3ms avg/tick=    0.9us share=  0.0% n=1200
[04:18:26] [Server thread/INFO]: [STDOUT] [io.papermc.paper.util.PapoTickProfile] PapoTickProfile.phase players                    total=    0.3ms avg/tick=    0.8us share=  0.0% n=400
[04:18:26] [Server thread/INFO]: [STDOUT] [io.papermc.paper.util.PapoTickProfile] PapoTickProfile.count rs.blockTickRuns           total= 176400 avg/tick=  441.0
[04:18:26] [Server thread/INFO]: [STDOUT] [io.papermc.paper.util.PapoTickProfile] PapoTickProfile.count rs.fluidTickRuns           total=     53 avg/tick=    0.1
[04:18:26] [Server thread/INFO]: [STDOUT] [io.papermc.paper.util.PapoTickProfile] PapoTickProfile.count rs.wireEvalNoChange        total= 352800 avg/tick=  882.0
[04:18:26] [Server thread/INFO]: [STDOUT] [io.papermc.paper.util.PapoTickProfile] PapoTickProfile.count rs.wireEvalRuns            total=1852200 avg/tick= 4630.5
[04:18:26] [Server thread/INFO]: [STDOUT] [io.papermc.paper.util.PapoTickProfile] PapoTickProfile.count rs.wireEvalSkipped         total=10495800 avg/tick=26239.5
[04:18:46] [Server thread/INFO]: [STDOUT] [io.papermc.paper.util.PapoTickProfile] PapoTickProfile window=400ticks totalWallMs=19999 measuredMs=27372
[04:18:46] [Server thread/INFO]: [STDOUT] [io.papermc.paper.util.PapoTickProfile] PapoTickProfile.phase worlds                     total= 9169.9ms avg/tick=22924.6us share= 33.5% n=400
[04:18:46] [Server thread/INFO]: [STDOUT] [io.papermc.paper.util.PapoTickProfile] PapoTickProfile.phase level.tickPending+misc     total= 8962.7ms avg/tick=22406.8us share= 32.7% n=1200
[04:18:46] [Server thread/INFO]: [STDOUT] [io.papermc.paper.util.PapoTickProfile] PapoTickProfile.phase level.blockTicks           total= 8184.5ms avg/tick=20461.2us share= 29.9% n=1200
[04:18:46] [Server thread/INFO]: [STDOUT] [io.papermc.paper.util.PapoTickProfile] PapoTickProfile.phase level.chunkSource          total=  775.0ms avg/tick= 1937.4us share=  2.8% n=1200
[04:18:46] [Server thread/INFO]: [STDOUT] [io.papermc.paper.util.PapoTickProfile] PapoTickProfile.phase level.entities             total=  202.9ms avg/tick=  507.1us share=  0.7% n=1200
[04:18:46] [Server thread/INFO]: [STDOUT] [io.papermc.paper.util.PapoTickProfile] PapoTickProfile.phase connection                 total=   49.2ms avg/tick=  122.9us share=  0.2% n=400
[04:18:46] [Server thread/INFO]: [STDOUT] [io.papermc.paper.util.PapoTickProfile] PapoTickProfile.phase sendChunks                 total=   25.0ms avg/tick=   62.5us share=  0.1% n=400
[04:18:46] [Server thread/INFO]: [STDOUT] [io.papermc.paper.util.PapoTickProfile] PapoTickProfile.phase level.fluidTicks           total=    2.2ms avg/tick=    5.4us share=  0.0% n=1200
[04:18:46] [Server thread/INFO]: [STDOUT] [io.papermc.paper.util.PapoTickProfile] PapoTickProfile.phase functions                  total=    0.6ms avg/tick=    1.5us share=  0.0% n=400
[04:18:46] [Server thread/INFO]: [STDOUT] [io.papermc.paper.util.PapoTickProfile] PapoTickProfile.phase level.blockEvents          total=    0.4ms avg/tick=    0.9us share=  0.0% n=1200
[04:18:46] [Server thread/INFO]: [STDOUT] [io.papermc.paper.util.PapoTickProfile] PapoTickProfile.phase players                    total=    0.4ms avg/tick=    0.9us share=  0.0% n=400
[04:18:46] [Server thread/INFO]: [STDOUT] [io.papermc.paper.util.PapoTickProfile] PapoTickProfile.count rs.blockTickRuns           total= 176400 avg/tick=  441.0
[04:18:46] [Server thread/INFO]: [STDOUT] [io.papermc.paper.util.PapoTickProfile] PapoTickProfile.count rs.fluidTickRuns           total=     98 avg/tick=    0.2
[04:18:46] [Server thread/INFO]: [STDOUT] [io.papermc.paper.util.PapoTickProfile] PapoTickProfile.count rs.wireEvalNoChange        total= 352800 avg/tick=  882.0
[04:18:46] [Server thread/INFO]: [STDOUT] [io.papermc.paper.util.PapoTickProfile] PapoTickProfile.count rs.wireEvalRuns            total=1852200 avg/tick= 4630.5
[04:18:46] [Server thread/INFO]: [STDOUT] [io.papermc.paper.util.PapoTickProfile] PapoTickProfile.count rs.wireEvalSkipped         total=10495800 avg/tick=26239.5
[04:19:06] [Server thread/INFO]: [STDOUT] [io.papermc.paper.util.PapoTickProfile] PapoTickProfile window=400ticks totalWallMs=19999 measuredMs=30606
[04:19:06] [Server thread/INFO]: [STDOUT] [io.papermc.paper.util.PapoTickProfile] PapoTickProfile.phase worlds                     total=10246.3ms avg/tick=25615.8us share= 33.5% n=400
[04:19:06] [Server thread/INFO]: [STDOUT] [io.papermc.paper.util.PapoTickProfile] PapoTickProfile.phase level.tickPending+misc     total=10039.2ms avg/tick=25098.1us share= 32.8% n=1200
[04:19:06] [Server thread/INFO]: [STDOUT] [io.papermc.paper.util.PapoTickProfile] PapoTickProfile.phase level.blockTicks           total= 8995.7ms avg/tick=22489.3us share= 29.4% n=1200
[04:19:06] [Server thread/INFO]: [STDOUT] [io.papermc.paper.util.PapoTickProfile] PapoTickProfile.phase level.chunkSource          total= 1040.1ms avg/tick= 2600.3us share=  3.4% n=1200
[04:19:06] [Server thread/INFO]: [STDOUT] [io.papermc.paper.util.PapoTickProfile] PapoTickProfile.phase level.entities             total=  202.5ms avg/tick=  506.3us share=  0.7% n=1200
[04:19:06] [Server thread/INFO]: [STDOUT] [io.papermc.paper.util.PapoTickProfile] PapoTickProfile.phase connection                 total=   53.8ms avg/tick=  134.5us share=  0.2% n=400
[04:19:06] [Server thread/INFO]: [STDOUT] [io.papermc.paper.util.PapoTickProfile] PapoTickProfile.phase sendChunks                 total=   25.6ms avg/tick=   64.1us share=  0.1% n=400
[04:19:06] [Server thread/INFO]: [STDOUT] [io.papermc.paper.util.PapoTickProfile] PapoTickProfile.phase level.fluidTicks           total=    2.2ms avg/tick=    5.6us share=  0.0% n=1200
[04:19:06] [Server thread/INFO]: [STDOUT] [io.papermc.paper.util.PapoTickProfile] PapoTickProfile.phase functions                  total=    0.6ms avg/tick=    1.4us share=  0.0% n=400
[04:19:06] [Server thread/INFO]: [STDOUT] [io.papermc.paper.util.PapoTickProfile] PapoTickProfile.phase level.blockEvents          total=    0.4ms avg/tick=    0.9us share=  0.0% n=1200
[04:19:06] [Server thread/INFO]: [STDOUT] [io.papermc.paper.util.PapoTickProfile] PapoTickProfile.phase players                    total=    0.2ms avg/tick=    0.4us share=  0.0% n=400
[04:19:06] [Server thread/INFO]: [STDOUT] [io.papermc.paper.util.PapoTickProfile] PapoTickProfile.count rs.blockTickRuns           total= 176400 avg/tick=  441.0
[04:19:06] [Server thread/INFO]: [STDOUT] [io.papermc.paper.util.PapoTickProfile] PapoTickProfile.count rs.fluidTickRuns           total=     44 avg/tick=    0.1
[04:19:06] [Server thread/INFO]: [STDOUT] [io.papermc.paper.util.PapoTickProfile] PapoTickProfile.count rs.wireEvalNoChange        total= 352800 avg/tick=  882.0
[04:19:06] [Server thread/INFO]: [STDOUT] [io.papermc.paper.util.PapoTickProfile] PapoTickProfile.count rs.wireEvalRuns            total=1852200 avg/tick= 4630.5
[04:19:06] [Server thread/INFO]: [STDOUT] [io.papermc.paper.util.PapoTickProfile] PapoTickProfile.count rs.wireEvalSkipped         total=10495800 avg/tick=26239.5
[04:19:26] [Server thread/INFO]: [STDOUT] [io.papermc.paper.util.PapoTickProfile] PapoTickProfile window=400ticks totalWallMs=20014 measuredMs=32835
[04:19:26] [Server thread/INFO]: [STDOUT] [io.papermc.paper.util.PapoTickProfile] PapoTickProfile.phase worlds                     total=11018.4ms avg/tick=27546.1us share= 33.6% n=400
[04:19:26] [Server thread/INFO]: [STDOUT] [io.papermc.paper.util.PapoTickProfile] PapoTickProfile.phase level.tickPending+misc     total=10707.8ms avg/tick=26769.5us share= 32.6% n=1200
[04:19:26] [Server thread/INFO]: [STDOUT] [io.papermc.paper.util.PapoTickProfile] PapoTickProfile.phase level.blockTicks           total= 9483.9ms avg/tick=23709.6us share= 28.9% n=1200
[04:19:26] [Server thread/INFO]: [STDOUT] [io.papermc.paper.util.PapoTickProfile] PapoTickProfile.phase level.chunkSource          total= 1219.0ms avg/tick= 3047.4us share=  3.7% n=1200
[04:19:26] [Server thread/INFO]: [STDOUT] [io.papermc.paper.util.PapoTickProfile] PapoTickProfile.phase level.entities             total=  304.8ms avg/tick=  762.0us share=  0.9% n=1200
[04:19:26] [Server thread/INFO]: [STDOUT] [io.papermc.paper.util.PapoTickProfile] PapoTickProfile.phase connection                 total=   67.3ms avg/tick=  168.2us share=  0.2% n=400
[04:19:26] [Server thread/INFO]: [STDOUT] [io.papermc.paper.util.PapoTickProfile] PapoTickProfile.phase sendChunks                 total=   29.2ms avg/tick=   72.9us share=  0.1% n=400
[04:19:26] [Server thread/INFO]: [STDOUT] [io.papermc.paper.util.PapoTickProfile] PapoTickProfile.phase level.fluidTicks           total=    3.4ms avg/tick=    8.5us share=  0.0% n=1200
[04:19:26] [Server thread/INFO]: [STDOUT] [io.papermc.paper.util.PapoTickProfile] PapoTickProfile.phase functions                  total=    0.7ms avg/tick=    1.7us share=  0.0% n=400
[04:19:26] [Server thread/INFO]: [STDOUT] [io.papermc.paper.util.PapoTickProfile] PapoTickProfile.phase level.blockEvents          total=    0.5ms avg/tick=    1.3us share=  0.0% n=1200
[04:19:26] [Server thread/INFO]: [STDOUT] [io.papermc.paper.util.PapoTickProfile] PapoTickProfile.phase players                    total=    0.4ms avg/tick=    1.0us share=  0.0% n=400
[04:19:26] [Server thread/INFO]: [STDOUT] [io.papermc.paper.util.PapoTickProfile] PapoTickProfile.count rs.blockTickRuns           total= 176400 avg/tick=  441.0
[04:19:26] [Server thread/INFO]: [STDOUT] [io.papermc.paper.util.PapoTickProfile] PapoTickProfile.count rs.fluidTickRuns           total=     88 avg/tick=    0.2
[04:19:26] [Server thread/INFO]: [STDOUT] [io.papermc.paper.util.PapoTickProfile] PapoTickProfile.count rs.wireEvalNoChange        total= 352800 avg/tick=  882.0
[04:19:26] [Server thread/INFO]: [STDOUT] [io.papermc.paper.util.PapoTickProfile] PapoTickProfile.count rs.wireEvalRuns            total=1852200 avg/tick= 4630.5
[04:19:26] [Server thread/INFO]: [STDOUT] [io.papermc.paper.util.PapoTickProfile] PapoTickProfile.count rs.wireEvalSkipped         total=10495800 avg/tick=26239.5
[04:19:46] [Server thread/INFO]: [STDOUT] [io.papermc.paper.util.PapoTickProfile] PapoTickProfile window=400ticks totalWallMs=19994 measuredMs=39157
[04:19:46] [Server thread/INFO]: [STDOUT] [io.papermc.paper.util.PapoTickProfile] PapoTickProfile.phase worlds                     total=13148.2ms avg/tick=32870.6us share= 33.6% n=400
[04:19:46] [Server thread/INFO]: [STDOUT] [io.papermc.paper.util.PapoTickProfile] PapoTickProfile.phase level.tickPending+misc     total=12748.5ms avg/tick=31871.3us share= 32.6% n=1200
[04:19:46] [Server thread/INFO]: [STDOUT] [io.papermc.paper.util.PapoTickProfile] PapoTickProfile.phase level.blockTicks           total=11049.5ms avg/tick=27623.7us share= 28.2% n=1200
[04:19:46] [Server thread/INFO]: [STDOUT] [io.papermc.paper.util.PapoTickProfile] PapoTickProfile.phase level.chunkSource          total= 1693.1ms avg/tick= 4232.6us share=  4.3% n=1200
[04:19:46] [Server thread/INFO]: [STDOUT] [io.papermc.paper.util.PapoTickProfile] PapoTickProfile.phase level.entities             total=  392.6ms avg/tick=  981.5us share=  1.0% n=1200
[04:19:46] [Server thread/INFO]: [STDOUT] [io.papermc.paper.util.PapoTickProfile] PapoTickProfile.phase connection                 total=   85.0ms avg/tick=  212.4us share=  0.2% n=400
[04:19:46] [Server thread/INFO]: [STDOUT] [io.papermc.paper.util.PapoTickProfile] PapoTickProfile.phase sendChunks                 total=   35.0ms avg/tick=   87.6us share=  0.1% n=400
[04:19:46] [Server thread/INFO]: [STDOUT] [io.papermc.paper.util.PapoTickProfile] PapoTickProfile.phase level.fluidTicks           total=    4.0ms avg/tick=    9.9us share=  0.0% n=1200
[04:19:46] [Server thread/INFO]: [STDOUT] [io.papermc.paper.util.PapoTickProfile] PapoTickProfile.phase functions                  total=    0.7ms avg/tick=    1.8us share=  0.0% n=400
[04:19:46] [Server thread/INFO]: [STDOUT] [io.papermc.paper.util.PapoTickProfile] PapoTickProfile.phase level.blockEvents          total=    0.7ms avg/tick=    1.8us share=  0.0% n=1200
[04:19:46] [Server thread/INFO]: [STDOUT] [io.papermc.paper.util.PapoTickProfile] PapoTickProfile.phase players                    total=    0.6ms avg/tick=    1.4us share=  0.0% n=400
[04:19:46] [Server thread/INFO]: [STDOUT] [io.papermc.paper.util.PapoTickProfile] PapoTickProfile.count rs.blockTickRuns           total= 176400 avg/tick=  441.0
[04:19:46] [Server thread/INFO]: [STDOUT] [io.papermc.paper.util.PapoTickProfile] PapoTickProfile.count rs.fluidTickRuns           total=     66 avg/tick=    0.2
[04:19:46] [Server thread/INFO]: [STDOUT] [io.papermc.paper.util.PapoTickProfile] PapoTickProfile.count rs.wireEvalNoChange        total= 352800 avg/tick=  882.0
[04:19:46] [Server thread/INFO]: [STDOUT] [io.papermc.paper.util.PapoTickProfile] PapoTickProfile.count rs.wireEvalRuns            total=1852200 avg/tick= 4630.5
[04:19:46] [Server thread/INFO]: [STDOUT] [io.papermc.paper.util.PapoTickProfile] PapoTickProfile.count rs.wireEvalSkipped         total=10495800 avg/tick=26239.5
logErrors=0 exited=true
activity gate PASS: rs.blockTickRuns steady(tail-median)=441.0/tick vs expected ~441 (windows=46)
