boot: [00:47:09 INFO]: Done (15.721s)! For help, type "help"
built platform (half=88) + 441 ring cells (side=21, pitch=8, blocks/cell=12)
verify round 0: RING=441 REP=441 missing=[]
ringStructuralA=441 seedRepeaterA=441 expectedCells=441
forensics entry: missing=[]
ringStructuralB=441 seedRepeaterB=441
window done (10 bots x 240000ms, cells=441)
presence gate PASS (RING A=B=441 REP A=B=441 == N=441)
echoes dumped: C:\Users\Z\AppData\Local\Temp\papo-rsscale-13881830856395593213\echoes.txt
---- PapoTickProfile windows (from logs/latest.log) ----
[00:47:09] [Server thread/INFO]: [STDOUT] [io.papermc.paper.util.PapoTickProfile] PapoTickProfile window=400ticks totalWallMs=0 measuredMs=0
[00:47:30] [Server thread/INFO]: [STDOUT] [io.papermc.paper.util.PapoTickProfile] PapoTickProfile window=400ticks totalWallMs=20689 measuredMs=5958
[00:47:30] [Server thread/INFO]: [STDOUT] [io.papermc.paper.util.PapoTickProfile] PapoTickProfile.phase worlds                     total= 2121.5ms avg/tick= 5303.7us share= 35.6% n=400
[00:47:30] [Server thread/INFO]: [STDOUT] [io.papermc.paper.util.PapoTickProfile] PapoTickProfile.phase level.tickPending+misc     total= 1335.1ms avg/tick= 3337.6us share= 22.4% n=1200
[00:47:30] [Server thread/INFO]: [STDOUT] [io.papermc.paper.util.PapoTickProfile] PapoTickProfile.phase level.chunkSource          total=  956.3ms avg/tick= 2390.9us share= 16.1% n=1200
[00:47:30] [Server thread/INFO]: [STDOUT] [io.papermc.paper.util.PapoTickProfile] PapoTickProfile.phase level.entities             total=  752.2ms avg/tick= 1880.5us share= 12.6% n=1200
[00:47:30] [Server thread/INFO]: [STDOUT] [io.papermc.paper.util.PapoTickProfile] PapoTickProfile.phase connection                 total=  394.1ms avg/tick=  985.3us share=  6.6% n=400
[00:47:30] [Server thread/INFO]: [STDOUT] [io.papermc.paper.util.PapoTickProfile] PapoTickProfile.phase level.blockTicks           total=  234.1ms avg/tick=  585.3us share=  3.9% n=1200
[00:47:30] [Server thread/INFO]: [STDOUT] [io.papermc.paper.util.PapoTickProfile] PapoTickProfile.phase level.fluidTicks           total=  138.3ms avg/tick=  345.8us share=  2.3% n=1200
[00:47:30] [Server thread/INFO]: [STDOUT] [io.papermc.paper.util.PapoTickProfile] PapoTickProfile.phase sendChunks                 total=   21.9ms avg/tick=   54.8us share=  0.4% n=400
[00:47:30] [Server thread/INFO]: [STDOUT] [io.papermc.paper.util.PapoTickProfile] PapoTickProfile.phase level.blockEvents          total=    2.8ms avg/tick=    7.0us share=  0.0% n=1200
[00:47:30] [Server thread/INFO]: [STDOUT] [io.papermc.paper.util.PapoTickProfile] PapoTickProfile.phase functions                  total=    1.4ms avg/tick=    3.6us share=  0.0% n=400
[00:47:30] [Server thread/INFO]: [STDOUT] [io.papermc.paper.util.PapoTickProfile] PapoTickProfile.phase players                    total=    0.5ms avg/tick=    1.4us share=  0.0% n=400
[00:47:30] [Server thread/INFO]: [STDOUT] [io.papermc.paper.util.PapoTickProfile] PapoTickProfile.count rs.blockTickRuns           total=  70778 avg/tick=  176.9
[00:47:30] [Server thread/INFO]: [STDOUT] [io.papermc.paper.util.PapoTickProfile] PapoTickProfile.count rs.fluidTickRuns           total=   7894 avg/tick=   19.7
[00:47:50] [Server thread/INFO]: [STDOUT] [io.papermc.paper.util.PapoTickProfile] PapoTickProfile window=400ticks totalWallMs=20001 measuredMs=2495
[00:47:50] [Server thread/INFO]: [STDOUT] [io.papermc.paper.util.PapoTickProfile] PapoTickProfile.phase worlds                     total=  711.8ms avg/tick= 1779.6us share= 28.5% n=400
[00:47:50] [Server thread/INFO]: [STDOUT] [io.papermc.paper.util.PapoTickProfile] PapoTickProfile.phase connection                 total=  637.2ms avg/tick= 1592.9us share= 25.5% n=400
[00:47:50] [Server thread/INFO]: [STDOUT] [io.papermc.paper.util.PapoTickProfile] PapoTickProfile.phase level.tickPending+misc     total=  424.0ms avg/tick= 1060.0us share= 17.0% n=1200
[00:47:50] [Server thread/INFO]: [STDOUT] [io.papermc.paper.util.PapoTickProfile] PapoTickProfile.phase level.chunkSource          total=  398.5ms avg/tick=  996.2us share= 16.0% n=1200
[00:47:50] [Server thread/INFO]: [STDOUT] [io.papermc.paper.util.PapoTickProfile] PapoTickProfile.phase level.entities             total=  277.3ms avg/tick=  693.3us share= 11.1% n=1200
[00:47:50] [Server thread/INFO]: [STDOUT] [io.papermc.paper.util.PapoTickProfile] PapoTickProfile.phase sendChunks                 total=   20.6ms avg/tick=   51.5us share=  0.8% n=400
[00:47:50] [Server thread/INFO]: [STDOUT] [io.papermc.paper.util.PapoTickProfile] PapoTickProfile.phase level.fluidTicks           total=   14.5ms avg/tick=   36.2us share=  0.6% n=1200
[00:47:50] [Server thread/INFO]: [STDOUT] [io.papermc.paper.util.PapoTickProfile] PapoTickProfile.phase level.blockTicks           total=    8.2ms avg/tick=   20.5us share=  0.3% n=1200
[00:47:50] [Server thread/INFO]: [STDOUT] [io.papermc.paper.util.PapoTickProfile] PapoTickProfile.phase level.blockEvents          total=    1.4ms avg/tick=    3.6us share=  0.1% n=1200
[00:47:50] [Server thread/INFO]: [STDOUT] [io.papermc.paper.util.PapoTickProfile] PapoTickProfile.phase players                    total=    1.1ms avg/tick=    2.6us share=  0.0% n=400
[00:47:50] [Server thread/INFO]: [STDOUT] [io.papermc.paper.util.PapoTickProfile] PapoTickProfile.phase functions                  total=    0.7ms avg/tick=    1.8us share=  0.0% n=400
[00:47:50] [Server thread/INFO]: [STDOUT] [io.papermc.paper.util.PapoTickProfile] PapoTickProfile.count rs.blockTickRuns           total=      3 avg/tick=    0.0
[00:47:50] [Server thread/INFO]: [STDOUT] [io.papermc.paper.util.PapoTickProfile] PapoTickProfile.count rs.fluidTickRuns           total=    884 avg/tick=    2.2
[00:47:50] [Server thread/INFO]: [STDOUT] [io.papermc.paper.util.PapoTickProfile] PapoTickProfile.count rs.wireEvalNoChange        total=   8050 avg/tick=   20.1
[00:47:50] [Server thread/INFO]: [STDOUT] [io.papermc.paper.util.PapoTickProfile] PapoTickProfile.count rs.wireEvalRuns            total=   8050 avg/tick=   20.1
[00:47:50] [Server thread/INFO]: [STDOUT] [io.papermc.paper.util.PapoTickProfile] PapoTickProfile.count rs.wireEvalSkipped         total=  17150 avg/tick=   42.9
[00:48:10] [Server thread/INFO]: [STDOUT] [io.papermc.paper.util.PapoTickProfile] PapoTickProfile window=400ticks totalWallMs=19998 measuredMs=17612
[00:48:10] [Server thread/INFO]: [STDOUT] [io.papermc.paper.util.PapoTickProfile] PapoTickProfile.phase worlds                     total= 5873.2ms avg/tick=14682.9us share= 33.3% n=400
[00:48:10] [Server thread/INFO]: [STDOUT] [io.papermc.paper.util.PapoTickProfile] PapoTickProfile.phase level.tickPending+misc     total= 5716.5ms avg/tick=14291.2us share= 32.5% n=1200
[00:48:10] [Server thread/INFO]: [STDOUT] [io.papermc.paper.util.PapoTickProfile] PapoTickProfile.phase level.blockTicks           total= 5223.5ms avg/tick=13058.7us share= 29.7% n=1200
[00:48:10] [Server thread/INFO]: [STDOUT] [io.papermc.paper.util.PapoTickProfile] PapoTickProfile.phase level.chunkSource          total=  485.1ms avg/tick= 1212.7us share=  2.8% n=1200
[00:48:10] [Server thread/INFO]: [STDOUT] [io.papermc.paper.util.PapoTickProfile] PapoTickProfile.phase level.entities             total=  144.1ms avg/tick=  360.4us share=  0.8% n=1200
[00:48:10] [Server thread/INFO]: [STDOUT] [io.papermc.paper.util.PapoTickProfile] PapoTickProfile.phase connection                 total=  144.1ms avg/tick=  360.3us share=  0.8% n=400
[00:48:10] [Server thread/INFO]: [STDOUT] [io.papermc.paper.util.PapoTickProfile] PapoTickProfile.phase sendChunks                 total=   18.8ms avg/tick=   47.1us share=  0.1% n=400
[00:48:10] [Server thread/INFO]: [STDOUT] [io.papermc.paper.util.PapoTickProfile] PapoTickProfile.phase level.fluidTicks           total=    4.7ms avg/tick=   11.7us share=  0.0% n=1200
[00:48:10] [Server thread/INFO]: [STDOUT] [io.papermc.paper.util.PapoTickProfile] PapoTickProfile.phase level.blockEvents          total=    1.5ms avg/tick=    3.8us share=  0.0% n=1200
[00:48:10] [Server thread/INFO]: [STDOUT] [io.papermc.paper.util.PapoTickProfile] PapoTickProfile.phase functions                  total=    0.6ms avg/tick=    1.6us share=  0.0% n=400
[00:48:10] [Server thread/INFO]: [STDOUT] [io.papermc.paper.util.PapoTickProfile] PapoTickProfile.phase players                    total=    0.2ms avg/tick=    0.5us share=  0.0% n=400
[00:48:10] [Server thread/INFO]: [STDOUT] [io.papermc.paper.util.PapoTickProfile] PapoTickProfile.count rs.blockTickRuns           total= 165399 avg/tick=  413.5
[00:48:10] [Server thread/INFO]: [STDOUT] [io.papermc.paper.util.PapoTickProfile] PapoTickProfile.count rs.fluidTickRuns           total=    173 avg/tick=    0.4
[00:48:10] [Server thread/INFO]: [STDOUT] [io.papermc.paper.util.PapoTickProfile] PapoTickProfile.count rs.wireEvalNoChange        total= 333739 avg/tick=  834.3
[00:48:10] [Server thread/INFO]: [STDOUT] [io.papermc.paper.util.PapoTickProfile] PapoTickProfile.count rs.wireEvalRuns            total=1740368 avg/tick= 4350.9
[00:48:10] [Server thread/INFO]: [STDOUT] [io.papermc.paper.util.PapoTickProfile] PapoTickProfile.count rs.wireEvalSkipped         total=9851744 avg/tick=24629.4
[00:48:30] [Server thread/INFO]: [STDOUT] [io.papermc.paper.util.PapoTickProfile] PapoTickProfile window=400ticks totalWallMs=19999 measuredMs=18362
[00:48:30] [Server thread/INFO]: [STDOUT] [io.papermc.paper.util.PapoTickProfile] PapoTickProfile.phase worlds                     total= 6140.3ms avg/tick=15350.7us share= 33.4% n=400
[00:48:30] [Server thread/INFO]: [STDOUT] [io.papermc.paper.util.PapoTickProfile] PapoTickProfile.phase level.tickPending+misc     total= 6003.4ms avg/tick=15008.5us share= 32.7% n=1200
[00:48:30] [Server thread/INFO]: [STDOUT] [io.papermc.paper.util.PapoTickProfile] PapoTickProfile.phase level.blockTicks           total= 5557.4ms avg/tick=13893.5us share= 30.3% n=1200
[00:48:30] [Server thread/INFO]: [STDOUT] [io.papermc.paper.util.PapoTickProfile] PapoTickProfile.phase level.chunkSource          total=  439.6ms avg/tick= 1099.0us share=  2.4% n=1200
[00:48:30] [Server thread/INFO]: [STDOUT] [io.papermc.paper.util.PapoTickProfile] PapoTickProfile.phase level.entities             total=  125.0ms avg/tick=  312.4us share=  0.7% n=1200
[00:48:30] [Server thread/INFO]: [STDOUT] [io.papermc.paper.util.PapoTickProfile] PapoTickProfile.phase connection                 total=   73.5ms avg/tick=  183.7us share=  0.4% n=400
[00:48:30] [Server thread/INFO]: [STDOUT] [io.papermc.paper.util.PapoTickProfile] PapoTickProfile.phase sendChunks                 total=   17.6ms avg/tick=   44.0us share=  0.1% n=400
[00:48:30] [Server thread/INFO]: [STDOUT] [io.papermc.paper.util.PapoTickProfile] PapoTickProfile.phase level.fluidTicks           total=    3.1ms avg/tick=    7.7us share=  0.0% n=1200
[00:48:30] [Server thread/INFO]: [STDOUT] [io.papermc.paper.util.PapoTickProfile] PapoTickProfile.phase level.blockEvents          total=    1.6ms avg/tick=    3.9us share=  0.0% n=1200
[00:48:30] [Server thread/INFO]: [STDOUT] [io.papermc.paper.util.PapoTickProfile] PapoTickProfile.phase functions                  total=    0.6ms avg/tick=    1.5us share=  0.0% n=400
[00:48:30] [Server thread/INFO]: [STDOUT] [io.papermc.paper.util.PapoTickProfile] PapoTickProfile.phase players                    total=    0.6ms avg/tick=    1.5us share=  0.0% n=400
[00:48:30] [Server thread/INFO]: [STDOUT] [io.papermc.paper.util.PapoTickProfile] PapoTickProfile.count rs.blockTickRuns           total= 176401 avg/tick=  441.0
[00:48:30] [Server thread/INFO]: [STDOUT] [io.papermc.paper.util.PapoTickProfile] PapoTickProfile.count rs.fluidTickRuns           total=     60 avg/tick=    0.2
[00:48:30] [Server thread/INFO]: [STDOUT] [io.papermc.paper.util.PapoTickProfile] PapoTickProfile.count rs.wireEvalNoChange        total= 352800 avg/tick=  882.0
[00:48:30] [Server thread/INFO]: [STDOUT] [io.papermc.paper.util.PapoTickProfile] PapoTickProfile.count rs.wireEvalRuns            total=1852200 avg/tick= 4630.5
[00:48:30] [Server thread/INFO]: [STDOUT] [io.papermc.paper.util.PapoTickProfile] PapoTickProfile.count rs.wireEvalSkipped         total=10495800 avg/tick=26239.5
[00:48:50] [Server thread/INFO]: [STDOUT] [io.papermc.paper.util.PapoTickProfile] PapoTickProfile window=400ticks totalWallMs=19999 measuredMs=20507
[00:48:50] [Server thread/INFO]: [STDOUT] [io.papermc.paper.util.PapoTickProfile] PapoTickProfile.phase worlds                     total= 6846.7ms avg/tick=17116.9us share= 33.4% n=400
[00:48:50] [Server thread/INFO]: [STDOUT] [io.papermc.paper.util.PapoTickProfile] PapoTickProfile.phase level.tickPending+misc     total= 6648.7ms avg/tick=16621.9us share= 32.4% n=1200
[00:48:50] [Server thread/INFO]: [STDOUT] [io.papermc.paper.util.PapoTickProfile] PapoTickProfile.phase level.blockTicks           total= 6081.4ms avg/tick=15203.4us share= 29.7% n=1200
[00:48:50] [Server thread/INFO]: [STDOUT] [io.papermc.paper.util.PapoTickProfile] PapoTickProfile.phase level.chunkSource          total=  560.9ms avg/tick= 1402.3us share=  2.7% n=1200
[00:48:50] [Server thread/INFO]: [STDOUT] [io.papermc.paper.util.PapoTickProfile] PapoTickProfile.phase level.entities             total=  186.3ms avg/tick=  465.8us share=  0.9% n=1200
[00:48:50] [Server thread/INFO]: [STDOUT] [io.papermc.paper.util.PapoTickProfile] PapoTickProfile.phase connection                 total=  158.2ms avg/tick=  395.5us share=  0.8% n=400
[00:48:50] [Server thread/INFO]: [STDOUT] [io.papermc.paper.util.PapoTickProfile] PapoTickProfile.phase sendChunks                 total=   19.2ms avg/tick=   48.1us share=  0.1% n=400
[00:48:50] [Server thread/INFO]: [STDOUT] [io.papermc.paper.util.PapoTickProfile] PapoTickProfile.phase level.fluidTicks           total=    3.2ms avg/tick=    7.9us share=  0.0% n=1200
[00:48:50] [Server thread/INFO]: [STDOUT] [io.papermc.paper.util.PapoTickProfile] PapoTickProfile.phase level.blockEvents          total=    1.5ms avg/tick=    3.7us share=  0.0% n=1200
[00:48:50] [Server thread/INFO]: [STDOUT] [io.papermc.paper.util.PapoTickProfile] PapoTickProfile.phase functions                  total=    0.6ms avg/tick=    1.6us share=  0.0% n=400
[00:48:50] [Server thread/INFO]: [STDOUT] [io.papermc.paper.util.PapoTickProfile] PapoTickProfile.phase players                    total=    0.6ms avg/tick=    1.6us share=  0.0% n=400
[00:48:50] [Server thread/INFO]: [STDOUT] [io.papermc.paper.util.PapoTickProfile] PapoTickProfile.count rs.blockTickRuns           total= 176403 avg/tick=  441.0
[00:48:50] [Server thread/INFO]: [STDOUT] [io.papermc.paper.util.PapoTickProfile] PapoTickProfile.count rs.fluidTickRuns           total=    108 avg/tick=    0.3
[00:48:50] [Server thread/INFO]: [STDOUT] [io.papermc.paper.util.PapoTickProfile] PapoTickProfile.count rs.wireEvalNoChange        total= 352800 avg/tick=  882.0
[00:48:50] [Server thread/INFO]: [STDOUT] [io.papermc.paper.util.PapoTickProfile] PapoTickProfile.count rs.wireEvalRuns            total=1852200 avg/tick= 4630.5
[00:48:50] [Server thread/INFO]: [STDOUT] [io.papermc.paper.util.PapoTickProfile] PapoTickProfile.count rs.wireEvalSkipped         total=10495800 avg/tick=26239.5
[00:49:10] [Server thread/INFO]: [STDOUT] [io.papermc.paper.util.PapoTickProfile] PapoTickProfile window=400ticks totalWallMs=20001 measuredMs=19668
[00:49:10] [Server thread/INFO]: [STDOUT] [io.papermc.paper.util.PapoTickProfile] PapoTickProfile.phase worlds                     total= 6571.1ms avg/tick=16427.7us share= 33.4% n=400
[00:49:10] [Server thread/INFO]: [STDOUT] [io.papermc.paper.util.PapoTickProfile] PapoTickProfile.phase level.tickPending+misc     total= 6429.2ms avg/tick=16073.0us share= 32.7% n=1200
[00:49:10] [Server thread/INFO]: [STDOUT] [io.papermc.paper.util.PapoTickProfile] PapoTickProfile.phase level.blockTicks           total= 5915.9ms avg/tick=14789.9us share= 30.1% n=1200
[00:49:10] [Server thread/INFO]: [STDOUT] [io.papermc.paper.util.PapoTickProfile] PapoTickProfile.phase level.chunkSource          total=  507.6ms avg/tick= 1268.9us share=  2.6% n=1200
[00:49:10] [Server thread/INFO]: [STDOUT] [io.papermc.paper.util.PapoTickProfile] PapoTickProfile.phase level.entities             total=  129.8ms avg/tick=  324.4us share=  0.7% n=1200
[00:49:10] [Server thread/INFO]: [STDOUT] [io.papermc.paper.util.PapoTickProfile] PapoTickProfile.phase connection                 total=   89.6ms avg/tick=  224.1us share=  0.5% n=400
[00:49:10] [Server thread/INFO]: [STDOUT] [io.papermc.paper.util.PapoTickProfile] PapoTickProfile.phase sendChunks                 total=   19.9ms avg/tick=   49.7us share=  0.1% n=400
[00:49:10] [Server thread/INFO]: [STDOUT] [io.papermc.paper.util.PapoTickProfile] PapoTickProfile.phase level.fluidTicks           total=    3.3ms avg/tick=    8.2us share=  0.0% n=1200
[00:49:10] [Server thread/INFO]: [STDOUT] [io.papermc.paper.util.PapoTickProfile] PapoTickProfile.phase functions                  total=    0.8ms avg/tick=    1.9us share=  0.0% n=400
[00:49:10] [Server thread/INFO]: [STDOUT] [io.papermc.paper.util.PapoTickProfile] PapoTickProfile.phase level.blockEvents          total=    0.7ms avg/tick=    1.7us share=  0.0% n=1200
[00:49:10] [Server thread/INFO]: [STDOUT] [io.papermc.paper.util.PapoTickProfile] PapoTickProfile.phase players                    total=    0.2ms avg/tick=    0.6us share=  0.0% n=400
[00:49:10] [Server thread/INFO]: [STDOUT] [io.papermc.paper.util.PapoTickProfile] PapoTickProfile.count rs.blockTickRuns           total= 176401 avg/tick=  441.0
[00:49:10] [Server thread/INFO]: [STDOUT] [io.papermc.paper.util.PapoTickProfile] PapoTickProfile.count rs.fluidTickRuns           total=     71 avg/tick=    0.2
[00:49:10] [Server thread/INFO]: [STDOUT] [io.papermc.paper.util.PapoTickProfile] PapoTickProfile.count rs.wireEvalNoChange        total= 352800 avg/tick=  882.0
[00:49:10] [Server thread/INFO]: [STDOUT] [io.papermc.paper.util.PapoTickProfile] PapoTickProfile.count rs.wireEvalRuns            total=1852200 avg/tick= 4630.5
[00:49:10] [Server thread/INFO]: [STDOUT] [io.papermc.paper.util.PapoTickProfile] PapoTickProfile.count rs.wireEvalSkipped         total=10495800 avg/tick=26239.5
[00:49:30] [Server thread/INFO]: [STDOUT] [io.papermc.paper.util.PapoTickProfile] PapoTickProfile window=400ticks totalWallMs=19998 measuredMs=21072
[00:49:30] [Server thread/INFO]: [STDOUT] [io.papermc.paper.util.PapoTickProfile] PapoTickProfile.phase worlds                     total= 7046.8ms avg/tick=17616.9us share= 33.4% n=400
[00:49:30] [Server thread/INFO]: [STDOUT] [io.papermc.paper.util.PapoTickProfile] PapoTickProfile.phase level.tickPending+misc     total= 6904.9ms avg/tick=17262.3us share= 32.8% n=1200
[00:49:30] [Server thread/INFO]: [STDOUT] [io.papermc.paper.util.PapoTickProfile] PapoTickProfile.phase level.blockTicks           total= 6391.5ms avg/tick=15978.8us share= 30.3% n=1200
[00:49:30] [Server thread/INFO]: [STDOUT] [io.papermc.paper.util.PapoTickProfile] PapoTickProfile.phase level.chunkSource          total=  507.8ms avg/tick= 1269.6us share=  2.4% n=1200
[00:49:30] [Server thread/INFO]: [STDOUT] [io.papermc.paper.util.PapoTickProfile] PapoTickProfile.phase level.entities             total=  129.5ms avg/tick=  323.7us share=  0.6% n=1200
[00:49:30] [Server thread/INFO]: [STDOUT] [io.papermc.paper.util.PapoTickProfile] PapoTickProfile.phase connection                 total=   65.8ms avg/tick=  164.4us share=  0.3% n=400
[00:49:30] [Server thread/INFO]: [STDOUT] [io.papermc.paper.util.PapoTickProfile] PapoTickProfile.phase sendChunks                 total=   21.0ms avg/tick=   52.5us share=  0.1% n=400
[00:49:30] [Server thread/INFO]: [STDOUT] [io.papermc.paper.util.PapoTickProfile] PapoTickProfile.phase level.fluidTicks           total=    3.2ms avg/tick=    8.0us share=  0.0% n=1200
[00:49:30] [Server thread/INFO]: [STDOUT] [io.papermc.paper.util.PapoTickProfile] PapoTickProfile.phase level.blockEvents          total=    0.8ms avg/tick=    2.0us share=  0.0% n=1200
[00:49:30] [Server thread/INFO]: [STDOUT] [io.papermc.paper.util.PapoTickProfile] PapoTickProfile.phase functions                  total=    0.7ms avg/tick=    1.7us share=  0.0% n=400
[00:49:30] [Server thread/INFO]: [STDOUT] [io.papermc.paper.util.PapoTickProfile] PapoTickProfile.phase players                    total=    0.3ms avg/tick=    0.9us share=  0.0% n=400
[00:49:30] [Server thread/INFO]: [STDOUT] [io.papermc.paper.util.PapoTickProfile] PapoTickProfile.count rs.blockTickRuns           total= 176400 avg/tick=  441.0
[00:49:30] [Server thread/INFO]: [STDOUT] [io.papermc.paper.util.PapoTickProfile] PapoTickProfile.count rs.fluidTickRuns           total=    109 avg/tick=    0.3
[00:49:30] [Server thread/INFO]: [STDOUT] [io.papermc.paper.util.PapoTickProfile] PapoTickProfile.count rs.wireEvalNoChange        total= 352800 avg/tick=  882.0
[00:49:30] [Server thread/INFO]: [STDOUT] [io.papermc.paper.util.PapoTickProfile] PapoTickProfile.count rs.wireEvalRuns            total=1852200 avg/tick= 4630.5
[00:49:30] [Server thread/INFO]: [STDOUT] [io.papermc.paper.util.PapoTickProfile] PapoTickProfile.count rs.wireEvalSkipped         total=10495800 avg/tick=26239.5
[00:49:50] [Server thread/INFO]: [STDOUT] [io.papermc.paper.util.PapoTickProfile] PapoTickProfile window=400ticks totalWallMs=20000 measuredMs=25777
[00:49:50] [Server thread/INFO]: [STDOUT] [io.papermc.paper.util.PapoTickProfile] PapoTickProfile.phase worlds                     total= 8615.6ms avg/tick=21539.1us share= 33.4% n=400
[00:49:50] [Server thread/INFO]: [STDOUT] [io.papermc.paper.util.PapoTickProfile] PapoTickProfile.phase level.tickPending+misc     total= 8460.7ms avg/tick=21151.8us share= 32.8% n=1200
[00:49:50] [Server thread/INFO]: [STDOUT] [io.papermc.paper.util.PapoTickProfile] PapoTickProfile.phase level.blockTicks           total= 7895.3ms avg/tick=19738.2us share= 30.6% n=1200
[00:49:50] [Server thread/INFO]: [STDOUT] [io.papermc.paper.util.PapoTickProfile] PapoTickProfile.phase level.chunkSource          total=  562.2ms avg/tick= 1405.6us share=  2.2% n=1200
[00:49:50] [Server thread/INFO]: [STDOUT] [io.papermc.paper.util.PapoTickProfile] PapoTickProfile.phase level.entities             total=  144.9ms avg/tick=  362.3us share=  0.6% n=1200
[00:49:50] [Server thread/INFO]: [STDOUT] [io.papermc.paper.util.PapoTickProfile] PapoTickProfile.phase connection                 total=   71.1ms avg/tick=  177.8us share=  0.3% n=400
[00:49:50] [Server thread/INFO]: [STDOUT] [io.papermc.paper.util.PapoTickProfile] PapoTickProfile.phase sendChunks                 total=   24.5ms avg/tick=   61.3us share=  0.1% n=400
[00:49:50] [Server thread/INFO]: [STDOUT] [io.papermc.paper.util.PapoTickProfile] PapoTickProfile.phase level.fluidTicks           total=    2.1ms avg/tick=    5.3us share=  0.0% n=1200
[00:49:50] [Server thread/INFO]: [STDOUT] [io.papermc.paper.util.PapoTickProfile] PapoTickProfile.phase functions                  total=    0.5ms avg/tick=    1.2us share=  0.0% n=400
[00:49:50] [Server thread/INFO]: [STDOUT] [io.papermc.paper.util.PapoTickProfile] PapoTickProfile.phase level.blockEvents          total=    0.4ms avg/tick=    1.0us share=  0.0% n=1200
[00:49:50] [Server thread/INFO]: [STDOUT] [io.papermc.paper.util.PapoTickProfile] PapoTickProfile.phase players                    total=    0.3ms avg/tick=    0.8us share=  0.0% n=400
[00:49:50] [Server thread/INFO]: [STDOUT] [io.papermc.paper.util.PapoTickProfile] PapoTickProfile.count rs.blockTickRuns           total= 176400 avg/tick=  441.0
[00:49:50] [Server thread/INFO]: [STDOUT] [io.papermc.paper.util.PapoTickProfile] PapoTickProfile.count rs.fluidTickRuns           total=     47 avg/tick=    0.1
[00:49:50] [Server thread/INFO]: [STDOUT] [io.papermc.paper.util.PapoTickProfile] PapoTickProfile.count rs.wireEvalNoChange        total= 352800 avg/tick=  882.0
[00:49:50] [Server thread/INFO]: [STDOUT] [io.papermc.paper.util.PapoTickProfile] PapoTickProfile.count rs.wireEvalRuns            total=1852200 avg/tick= 4630.5
[00:49:50] [Server thread/INFO]: [STDOUT] [io.papermc.paper.util.PapoTickProfile] PapoTickProfile.count rs.wireEvalSkipped         total=10495800 avg/tick=26239.5
[00:50:10] [Server thread/INFO]: [STDOUT] [io.papermc.paper.util.PapoTickProfile] PapoTickProfile window=400ticks totalWallMs=19999 measuredMs=25534
[00:50:10] [Server thread/INFO]: [STDOUT] [io.papermc.paper.util.PapoTickProfile] PapoTickProfile.phase worlds                     total= 8533.5ms avg/tick=21333.8us share= 33.4% n=400
[00:50:10] [Server thread/INFO]: [STDOUT] [io.papermc.paper.util.PapoTickProfile] PapoTickProfile.phase level.tickPending+misc     total= 8382.7ms avg/tick=20956.7us share= 32.8% n=1200
[00:50:10] [Server thread/INFO]: [STDOUT] [io.papermc.paper.util.PapoTickProfile] PapoTickProfile.phase level.blockTicks           total= 7772.8ms avg/tick=19432.0us share= 30.4% n=1200
[00:50:10] [Server thread/INFO]: [STDOUT] [io.papermc.paper.util.PapoTickProfile] PapoTickProfile.phase level.chunkSource          total=  606.6ms avg/tick= 1516.6us share=  2.4% n=1200
[00:50:10] [Server thread/INFO]: [STDOUT] [io.papermc.paper.util.PapoTickProfile] PapoTickProfile.phase level.entities             total=  141.5ms avg/tick=  353.8us share=  0.6% n=1200
[00:50:10] [Server thread/INFO]: [STDOUT] [io.papermc.paper.util.PapoTickProfile] PapoTickProfile.phase connection                 total=   70.1ms avg/tick=  175.2us share=  0.3% n=400
[00:50:10] [Server thread/INFO]: [STDOUT] [io.papermc.paper.util.PapoTickProfile] PapoTickProfile.phase sendChunks                 total=   24.6ms avg/tick=   61.4us share=  0.1% n=400
[00:50:10] [Server thread/INFO]: [STDOUT] [io.papermc.paper.util.PapoTickProfile] PapoTickProfile.phase level.fluidTicks           total=    2.1ms avg/tick=    5.3us share=  0.0% n=1200
[00:50:10] [Server thread/INFO]: [STDOUT] [io.papermc.paper.util.PapoTickProfile] PapoTickProfile.phase functions                  total=    0.5ms avg/tick=    1.1us share=  0.0% n=400
[00:50:10] [Server thread/INFO]: [STDOUT] [io.papermc.paper.util.PapoTickProfile] PapoTickProfile.phase level.blockEvents          total=    0.4ms avg/tick=    1.0us share=  0.0% n=1200
[00:50:10] [Server thread/INFO]: [STDOUT] [io.papermc.paper.util.PapoTickProfile] PapoTickProfile.phase players                    total=    0.1ms avg/tick=    0.1us share=  0.0% n=400
[00:50:10] [Server thread/INFO]: [STDOUT] [io.papermc.paper.util.PapoTickProfile] PapoTickProfile.count rs.blockTickRuns           total= 176401 avg/tick=  441.0
[00:50:10] [Server thread/INFO]: [STDOUT] [io.papermc.paper.util.PapoTickProfile] PapoTickProfile.count rs.fluidTickRuns           total=     61 avg/tick=    0.2
[00:50:10] [Server thread/INFO]: [STDOUT] [io.papermc.paper.util.PapoTickProfile] PapoTickProfile.count rs.wireEvalNoChange        total= 352800 avg/tick=  882.0
[00:50:10] [Server thread/INFO]: [STDOUT] [io.papermc.paper.util.PapoTickProfile] PapoTickProfile.count rs.wireEvalRuns            total=1852200 avg/tick= 4630.5
[00:50:10] [Server thread/INFO]: [STDOUT] [io.papermc.paper.util.PapoTickProfile] PapoTickProfile.count rs.wireEvalSkipped         total=10495800 avg/tick=26239.5
[00:50:30] [Server thread/INFO]: [STDOUT] [io.papermc.paper.util.PapoTickProfile] PapoTickProfile window=400ticks totalWallMs=20000 measuredMs=25345
[00:50:30] [Server thread/INFO]: [STDOUT] [io.papermc.paper.util.PapoTickProfile] PapoTickProfile.phase worlds                     total= 8467.8ms avg/tick=21169.5us share= 33.4% n=400
[00:50:30] [Server thread/INFO]: [STDOUT] [io.papermc.paper.util.PapoTickProfile] PapoTickProfile.phase level.tickPending+misc     total= 8319.2ms avg/tick=20798.1us share= 32.8% n=1200
[00:50:30] [Server thread/INFO]: [STDOUT] [io.papermc.paper.util.PapoTickProfile] PapoTickProfile.phase level.blockTicks           total= 7732.1ms avg/tick=19330.2us share= 30.5% n=1200
[00:50:30] [Server thread/INFO]: [STDOUT] [io.papermc.paper.util.PapoTickProfile] PapoTickProfile.phase level.chunkSource          total=  583.9ms avg/tick= 1459.8us share=  2.3% n=1200
[00:50:30] [Server thread/INFO]: [STDOUT] [io.papermc.paper.util.PapoTickProfile] PapoTickProfile.phase level.entities             total=  144.0ms avg/tick=  359.9us share=  0.6% n=1200
[00:50:30] [Server thread/INFO]: [STDOUT] [io.papermc.paper.util.PapoTickProfile] PapoTickProfile.phase connection                 total=   71.0ms avg/tick=  177.5us share=  0.3% n=400
[00:50:30] [Server thread/INFO]: [STDOUT] [io.papermc.paper.util.PapoTickProfile] PapoTickProfile.phase sendChunks                 total=   24.5ms avg/tick=   61.2us share=  0.1% n=400
[00:50:30] [Server thread/INFO]: [STDOUT] [io.papermc.paper.util.PapoTickProfile] PapoTickProfile.phase level.fluidTicks           total=    2.1ms avg/tick=    5.2us share=  0.0% n=1200
[00:50:30] [Server thread/INFO]: [STDOUT] [io.papermc.paper.util.PapoTickProfile] PapoTickProfile.phase functions                  total=    0.6ms avg/tick=    1.4us share=  0.0% n=400
[00:50:30] [Server thread/INFO]: [STDOUT] [io.papermc.paper.util.PapoTickProfile] PapoTickProfile.phase level.blockEvents          total=    0.4ms avg/tick=    0.9us share=  0.0% n=1200
[00:50:30] [Server thread/INFO]: [STDOUT] [io.papermc.paper.util.PapoTickProfile] PapoTickProfile.phase players                    total=    0.2ms avg/tick=    0.6us share=  0.0% n=400
[00:50:30] [Server thread/INFO]: [STDOUT] [io.papermc.paper.util.PapoTickProfile] PapoTickProfile.count rs.blockTickRuns           total= 176401 avg/tick=  441.0
[00:50:30] [Server thread/INFO]: [STDOUT] [io.papermc.paper.util.PapoTickProfile] PapoTickProfile.count rs.fluidTickRuns           total=     83 avg/tick=    0.2
[00:50:30] [Server thread/INFO]: [STDOUT] [io.papermc.paper.util.PapoTickProfile] PapoTickProfile.count rs.wireEvalNoChange        total= 352800 avg/tick=  882.0
[00:50:30] [Server thread/INFO]: [STDOUT] [io.papermc.paper.util.PapoTickProfile] PapoTickProfile.count rs.wireEvalRuns            total=1852200 avg/tick= 4630.5
[00:50:30] [Server thread/INFO]: [STDOUT] [io.papermc.paper.util.PapoTickProfile] PapoTickProfile.count rs.wireEvalSkipped         total=10495800 avg/tick=26239.5
[00:50:50] [Server thread/INFO]: [STDOUT] [io.papermc.paper.util.PapoTickProfile] PapoTickProfile window=400ticks totalWallMs=19999 measuredMs=22787
[00:50:50] [Server thread/INFO]: [STDOUT] [io.papermc.paper.util.PapoTickProfile] PapoTickProfile.phase worlds                     total= 7613.4ms avg/tick=19033.5us share= 33.4% n=400
[00:50:50] [Server thread/INFO]: [STDOUT] [io.papermc.paper.util.PapoTickProfile] PapoTickProfile.phase level.tickPending+misc     total= 7479.4ms avg/tick=18698.4us share= 32.8% n=1200
[00:50:50] [Server thread/INFO]: [STDOUT] [io.papermc.paper.util.PapoTickProfile] PapoTickProfile.phase level.blockTicks           total= 6964.7ms avg/tick=17411.9us share= 30.6% n=1200
[00:50:50] [Server thread/INFO]: [STDOUT] [io.papermc.paper.util.PapoTickProfile] PapoTickProfile.phase level.chunkSource          total=  511.7ms avg/tick= 1279.3us share=  2.2% n=1200
[00:50:50] [Server thread/INFO]: [STDOUT] [io.papermc.paper.util.PapoTickProfile] PapoTickProfile.phase level.entities             total=  129.4ms avg/tick=  323.5us share=  0.6% n=1200
[00:50:50] [Server thread/INFO]: [STDOUT] [io.papermc.paper.util.PapoTickProfile] PapoTickProfile.phase connection                 total=   64.4ms avg/tick=  160.9us share=  0.3% n=400
[00:50:50] [Server thread/INFO]: [STDOUT] [io.papermc.paper.util.PapoTickProfile] PapoTickProfile.phase sendChunks                 total=   21.6ms avg/tick=   54.1us share=  0.1% n=400
[00:50:50] [Server thread/INFO]: [STDOUT] [io.papermc.paper.util.PapoTickProfile] PapoTickProfile.phase level.fluidTicks           total=    1.9ms avg/tick=    4.7us share=  0.0% n=1200
[00:50:50] [Server thread/INFO]: [STDOUT] [io.papermc.paper.util.PapoTickProfile] PapoTickProfile.phase functions                  total=    0.5ms avg/tick=    1.4us share=  0.0% n=400
[00:50:50] [Server thread/INFO]: [STDOUT] [io.papermc.paper.util.PapoTickProfile] PapoTickProfile.phase level.blockEvents          total=    0.3ms avg/tick=    0.9us share=  0.0% n=1200
[00:50:50] [Server thread/INFO]: [STDOUT] [io.papermc.paper.util.PapoTickProfile] PapoTickProfile.phase players                    total=    0.3ms avg/tick=    0.8us share=  0.0% n=400
[00:50:50] [Server thread/INFO]: [STDOUT] [io.papermc.paper.util.PapoTickProfile] PapoTickProfile.count rs.blockTickRuns           total= 176400 avg/tick=  441.0
[00:50:50] [Server thread/INFO]: [STDOUT] [io.papermc.paper.util.PapoTickProfile] PapoTickProfile.count rs.fluidTickRuns           total=     49 avg/tick=    0.1
[00:50:50] [Server thread/INFO]: [STDOUT] [io.papermc.paper.util.PapoTickProfile] PapoTickProfile.count rs.wireEvalNoChange        total= 352800 avg/tick=  882.0
[00:50:50] [Server thread/INFO]: [STDOUT] [io.papermc.paper.util.PapoTickProfile] PapoTickProfile.count rs.wireEvalRuns            total=1852200 avg/tick= 4630.5
[00:50:50] [Server thread/INFO]: [STDOUT] [io.papermc.paper.util.PapoTickProfile] PapoTickProfile.count rs.wireEvalSkipped         total=10495800 avg/tick=26239.5
[00:51:10] [Server thread/INFO]: [STDOUT] [io.papermc.paper.util.PapoTickProfile] PapoTickProfile window=400ticks totalWallMs=19999 measuredMs=18465
[00:51:10] [Server thread/INFO]: [STDOUT] [io.papermc.paper.util.PapoTickProfile] PapoTickProfile.phase worlds                     total= 6175.8ms avg/tick=15439.4us share= 33.4% n=400
[00:51:10] [Server thread/INFO]: [STDOUT] [io.papermc.paper.util.PapoTickProfile] PapoTickProfile.phase level.tickPending+misc     total= 6043.8ms avg/tick=15109.4us share= 32.7% n=1200
[00:51:10] [Server thread/INFO]: [STDOUT] [io.papermc.paper.util.PapoTickProfile] PapoTickProfile.phase level.blockTicks           total= 5648.0ms avg/tick=14120.0us share= 30.6% n=1200
[00:51:10] [Server thread/INFO]: [STDOUT] [io.papermc.paper.util.PapoTickProfile] PapoTickProfile.phase level.chunkSource          total=  393.0ms avg/tick=  982.5us share=  2.1% n=1200
[00:51:10] [Server thread/INFO]: [STDOUT] [io.papermc.paper.util.PapoTickProfile] PapoTickProfile.phase level.entities             total=  127.7ms avg/tick=  319.3us share=  0.7% n=1200
[00:51:10] [Server thread/INFO]: [STDOUT] [io.papermc.paper.util.PapoTickProfile] PapoTickProfile.phase connection                 total=   56.5ms avg/tick=  141.2us share=  0.3% n=400
[00:51:10] [Server thread/INFO]: [STDOUT] [io.papermc.paper.util.PapoTickProfile] PapoTickProfile.phase sendChunks                 total=   18.0ms avg/tick=   45.0us share=  0.1% n=400
[00:51:10] [Server thread/INFO]: [STDOUT] [io.papermc.paper.util.PapoTickProfile] PapoTickProfile.phase level.fluidTicks           total=    1.8ms avg/tick=    4.5us share=  0.0% n=1200
[00:51:10] [Server thread/INFO]: [STDOUT] [io.papermc.paper.util.PapoTickProfile] PapoTickProfile.phase functions                  total=    0.5ms avg/tick=    1.2us share=  0.0% n=400
[00:51:10] [Server thread/INFO]: [STDOUT] [io.papermc.paper.util.PapoTickProfile] PapoTickProfile.phase level.blockEvents          total=    0.3ms avg/tick=    0.8us share=  0.0% n=1200
[00:51:10] [Server thread/INFO]: [STDOUT] [io.papermc.paper.util.PapoTickProfile] PapoTickProfile.phase players                    total=    0.1ms avg/tick=    0.2us share=  0.0% n=400
[00:51:10] [Server thread/INFO]: [STDOUT] [io.papermc.paper.util.PapoTickProfile] PapoTickProfile.count rs.blockTickRuns           total= 176400 avg/tick=  441.0
[00:51:10] [Server thread/INFO]: [STDOUT] [io.papermc.paper.util.PapoTickProfile] PapoTickProfile.count rs.fluidTickRuns           total=     97 avg/tick=    0.2
[00:51:10] [Server thread/INFO]: [STDOUT] [io.papermc.paper.util.PapoTickProfile] PapoTickProfile.count rs.wireEvalNoChange        total= 352800 avg/tick=  882.0
[00:51:10] [Server thread/INFO]: [STDOUT] [io.papermc.paper.util.PapoTickProfile] PapoTickProfile.count rs.wireEvalRuns            total=1852200 avg/tick= 4630.5
[00:51:10] [Server thread/INFO]: [STDOUT] [io.papermc.paper.util.PapoTickProfile] PapoTickProfile.count rs.wireEvalSkipped         total=10495800 avg/tick=26239.5
[00:51:30] [Server thread/INFO]: [STDOUT] [io.papermc.paper.util.PapoTickProfile] PapoTickProfile window=400ticks totalWallMs=20000 measuredMs=20327
[00:51:30] [Server thread/INFO]: [STDOUT] [io.papermc.paper.util.PapoTickProfile] PapoTickProfile.phase worlds                     total= 6795.2ms avg/tick=16988.1us share= 33.4% n=400
[00:51:30] [Server thread/INFO]: [STDOUT] [io.papermc.paper.util.PapoTickProfile] PapoTickProfile.phase level.tickPending+misc     total= 6661.9ms avg/tick=16654.8us share= 32.8% n=1200
[00:51:30] [Server thread/INFO]: [STDOUT] [io.papermc.paper.util.PapoTickProfile] PapoTickProfile.phase level.blockTicks           total= 6186.3ms avg/tick=15465.8us share= 30.4% n=1200
[00:51:30] [Server thread/INFO]: [STDOUT] [io.papermc.paper.util.PapoTickProfile] PapoTickProfile.phase level.chunkSource          total=  472.7ms avg/tick= 1181.8us share=  2.3% n=1200
[00:51:30] [Server thread/INFO]: [STDOUT] [io.papermc.paper.util.PapoTickProfile] PapoTickProfile.phase level.entities             total=  129.1ms avg/tick=  322.7us share=  0.6% n=1200
[00:51:30] [Server thread/INFO]: [STDOUT] [io.papermc.paper.util.PapoTickProfile] PapoTickProfile.phase connection                 total=   58.8ms avg/tick=  146.9us share=  0.3% n=400
[00:51:30] [Server thread/INFO]: [STDOUT] [io.papermc.paper.util.PapoTickProfile] PapoTickProfile.phase sendChunks                 total=   20.1ms avg/tick=   50.3us share=  0.1% n=400
[00:51:30] [Server thread/INFO]: [STDOUT] [io.papermc.paper.util.PapoTickProfile] PapoTickProfile.phase level.fluidTicks           total=    1.8ms avg/tick=    4.5us share=  0.0% n=1200
[00:51:30] [Server thread/INFO]: [STDOUT] [io.papermc.paper.util.PapoTickProfile] PapoTickProfile.phase functions                  total=    0.5ms avg/tick=    1.3us share=  0.0% n=400
[00:51:30] [Server thread/INFO]: [STDOUT] [io.papermc.paper.util.PapoTickProfile] PapoTickProfile.phase level.blockEvents          total=    0.3ms avg/tick=    0.8us share=  0.0% n=1200
[00:51:30] [Server thread/INFO]: [STDOUT] [io.papermc.paper.util.PapoTickProfile] PapoTickProfile.phase players                    total=    0.2ms avg/tick=    0.6us share=  0.0% n=400
[00:51:30] [Server thread/INFO]: [STDOUT] [io.papermc.paper.util.PapoTickProfile] PapoTickProfile.count rs.blockTickRuns           total= 176400 avg/tick=  441.0
[00:51:30] [Server thread/INFO]: [STDOUT] [io.papermc.paper.util.PapoTickProfile] PapoTickProfile.count rs.fluidTickRuns           total=     81 avg/tick=    0.2
[00:51:30] [Server thread/INFO]: [STDOUT] [io.papermc.paper.util.PapoTickProfile] PapoTickProfile.count rs.wireEvalNoChange        total= 352800 avg/tick=  882.0
[00:51:30] [Server thread/INFO]: [STDOUT] [io.papermc.paper.util.PapoTickProfile] PapoTickProfile.count rs.wireEvalRuns            total=1852200 avg/tick= 4630.5
[00:51:30] [Server thread/INFO]: [STDOUT] [io.papermc.paper.util.PapoTickProfile] PapoTickProfile.count rs.wireEvalSkipped         total=10495800 avg/tick=26239.5
[00:51:50] [Server thread/INFO]: [STDOUT] [io.papermc.paper.util.PapoTickProfile] PapoTickProfile window=400ticks totalWallMs=19998 measuredMs=18580
[00:51:50] [Server thread/INFO]: [STDOUT] [io.papermc.paper.util.PapoTickProfile] PapoTickProfile.phase worlds                     total= 6216.6ms avg/tick=15541.6us share= 33.5% n=400
[00:51:50] [Server thread/INFO]: [STDOUT] [io.papermc.paper.util.PapoTickProfile] PapoTickProfile.phase level.tickPending+misc     total= 6076.5ms avg/tick=15191.3us share= 32.7% n=1200
[00:51:50] [Server thread/INFO]: [STDOUT] [io.papermc.paper.util.PapoTickProfile] PapoTickProfile.phase level.blockTicks           total= 5660.6ms avg/tick=14151.4us share= 30.5% n=1200
[00:51:50] [Server thread/INFO]: [STDOUT] [io.papermc.paper.util.PapoTickProfile] PapoTickProfile.phase level.chunkSource          total=  413.2ms avg/tick= 1033.0us share=  2.2% n=1200
[00:51:50] [Server thread/INFO]: [STDOUT] [io.papermc.paper.util.PapoTickProfile] PapoTickProfile.phase level.entities             total=  136.0ms avg/tick=  340.0us share=  0.7% n=1200
[00:51:50] [Server thread/INFO]: [STDOUT] [io.papermc.paper.util.PapoTickProfile] PapoTickProfile.phase connection                 total=   55.8ms avg/tick=  139.5us share=  0.3% n=400
[00:51:50] [Server thread/INFO]: [STDOUT] [io.papermc.paper.util.PapoTickProfile] PapoTickProfile.phase sendChunks                 total=   18.6ms avg/tick=   46.5us share=  0.1% n=400
[00:51:50] [Server thread/INFO]: [STDOUT] [io.papermc.paper.util.PapoTickProfile] PapoTickProfile.phase level.fluidTicks           total=    1.7ms avg/tick=    4.2us share=  0.0% n=1200
[00:51:50] [Server thread/INFO]: [STDOUT] [io.papermc.paper.util.PapoTickProfile] PapoTickProfile.phase functions                  total=    0.5ms avg/tick=    1.2us share=  0.0% n=400
[00:51:50] [Server thread/INFO]: [STDOUT] [io.papermc.paper.util.PapoTickProfile] PapoTickProfile.phase level.blockEvents          total=    0.3ms avg/tick=    0.7us share=  0.0% n=1200
[00:51:50] [Server thread/INFO]: [STDOUT] [io.papermc.paper.util.PapoTickProfile] PapoTickProfile.phase players                    total=    0.2ms avg/tick=    0.6us share=  0.0% n=400
[00:51:50] [Server thread/INFO]: [STDOUT] [io.papermc.paper.util.PapoTickProfile] PapoTickProfile.count rs.blockTickRuns           total= 176400 avg/tick=  441.0
[00:51:50] [Server thread/INFO]: [STDOUT] [io.papermc.paper.util.PapoTickProfile] PapoTickProfile.count rs.fluidTickRuns           total=     77 avg/tick=    0.2
[00:51:50] [Server thread/INFO]: [STDOUT] [io.papermc.paper.util.PapoTickProfile] PapoTickProfile.count rs.wireEvalNoChange        total= 352800 avg/tick=  882.0
[00:51:50] [Server thread/INFO]: [STDOUT] [io.papermc.paper.util.PapoTickProfile] PapoTickProfile.count rs.wireEvalRuns            total=1852200 avg/tick= 4630.5
[00:51:50] [Server thread/INFO]: [STDOUT] [io.papermc.paper.util.PapoTickProfile] PapoTickProfile.count rs.wireEvalSkipped         total=10495800 avg/tick=26239.5
[00:52:10] [Server thread/INFO]: [STDOUT] [io.papermc.paper.util.PapoTickProfile] PapoTickProfile window=400ticks totalWallMs=20000 measuredMs=18578
[00:52:10] [Server thread/INFO]: [STDOUT] [io.papermc.paper.util.PapoTickProfile] PapoTickProfile.phase worlds                     total= 6214.4ms avg/tick=15535.9us share= 33.4% n=400
[00:52:10] [Server thread/INFO]: [STDOUT] [io.papermc.paper.util.PapoTickProfile] PapoTickProfile.phase level.tickPending+misc     total= 6079.4ms avg/tick=15198.6us share= 32.7% n=1200
[00:52:10] [Server thread/INFO]: [STDOUT] [io.papermc.paper.util.PapoTickProfile] PapoTickProfile.phase level.blockTicks           total= 5666.8ms avg/tick=14167.0us share= 30.5% n=1200
[00:52:10] [Server thread/INFO]: [STDOUT] [io.papermc.paper.util.PapoTickProfile] PapoTickProfile.phase level.chunkSource          total=  410.0ms avg/tick= 1025.0us share=  2.2% n=1200
[00:52:10] [Server thread/INFO]: [STDOUT] [io.papermc.paper.util.PapoTickProfile] PapoTickProfile.phase level.entities             total=  130.6ms avg/tick=  326.4us share=  0.7% n=1200
[00:52:10] [Server thread/INFO]: [STDOUT] [io.papermc.paper.util.PapoTickProfile] PapoTickProfile.phase connection                 total=   56.5ms avg/tick=  141.1us share=  0.3% n=400
[00:52:10] [Server thread/INFO]: [STDOUT] [io.papermc.paper.util.PapoTickProfile] PapoTickProfile.phase sendChunks                 total=   18.7ms avg/tick=   46.7us share=  0.1% n=400
[00:52:10] [Server thread/INFO]: [STDOUT] [io.papermc.paper.util.PapoTickProfile] PapoTickProfile.phase level.fluidTicks           total=    1.7ms avg/tick=    4.1us share=  0.0% n=1200
[00:52:10] [Server thread/INFO]: [STDOUT] [io.papermc.paper.util.PapoTickProfile] PapoTickProfile.phase functions                  total=    0.5ms avg/tick=    1.2us share=  0.0% n=400
[00:52:10] [Server thread/INFO]: [STDOUT] [io.papermc.paper.util.PapoTickProfile] PapoTickProfile.phase level.blockEvents          total=    0.3ms avg/tick=    0.7us share=  0.0% n=1200
[00:52:10] [Server thread/INFO]: [STDOUT] [io.papermc.paper.util.PapoTickProfile] PapoTickProfile.phase players                    total=    0.1ms avg/tick=    0.1us share=  0.0% n=400
[00:52:10] [Server thread/INFO]: [STDOUT] [io.papermc.paper.util.PapoTickProfile] PapoTickProfile.count rs.blockTickRuns           total= 176400 avg/tick=  441.0
[00:52:10] [Server thread/INFO]: [STDOUT] [io.papermc.paper.util.PapoTickProfile] PapoTickProfile.count rs.fluidTickRuns           total=     88 avg/tick=    0.2
[00:52:10] [Server thread/INFO]: [STDOUT] [io.papermc.paper.util.PapoTickProfile] PapoTickProfile.count rs.wireEvalNoChange        total= 352800 avg/tick=  882.0
[00:52:10] [Server thread/INFO]: [STDOUT] [io.papermc.paper.util.PapoTickProfile] PapoTickProfile.count rs.wireEvalRuns            total=1852200 avg/tick= 4630.5
[00:52:10] [Server thread/INFO]: [STDOUT] [io.papermc.paper.util.PapoTickProfile] PapoTickProfile.count rs.wireEvalSkipped         total=10495800 avg/tick=26239.5
[00:52:30] [Server thread/INFO]: [STDOUT] [io.papermc.paper.util.PapoTickProfile] PapoTickProfile window=400ticks totalWallMs=20000 measuredMs=23553
[00:52:30] [Server thread/INFO]: [STDOUT] [io.papermc.paper.util.PapoTickProfile] PapoTickProfile.phase worlds                     total= 7877.7ms avg/tick=19694.3us share= 33.4% n=400
[00:52:30] [Server thread/INFO]: [STDOUT] [io.papermc.paper.util.PapoTickProfile] PapoTickProfile.phase level.tickPending+misc     total= 7714.1ms avg/tick=19285.3us share= 32.8% n=1200
[00:52:30] [Server thread/INFO]: [STDOUT] [io.papermc.paper.util.PapoTickProfile] PapoTickProfile.phase level.blockTicks           total= 7111.9ms avg/tick=17779.7us share= 30.2% n=1200
[00:52:30] [Server thread/INFO]: [STDOUT] [io.papermc.paper.util.PapoTickProfile] PapoTickProfile.phase level.chunkSource          total=  596.9ms avg/tick= 1492.3us share=  2.5% n=1200
[00:52:30] [Server thread/INFO]: [STDOUT] [io.papermc.paper.util.PapoTickProfile] PapoTickProfile.phase level.entities             total=  155.7ms avg/tick=  389.4us share=  0.7% n=1200
[00:52:30] [Server thread/INFO]: [STDOUT] [io.papermc.paper.util.PapoTickProfile] PapoTickProfile.phase connection                 total=   69.4ms avg/tick=  173.6us share=  0.3% n=400
[00:52:30] [Server thread/INFO]: [STDOUT] [io.papermc.paper.util.PapoTickProfile] PapoTickProfile.phase sendChunks                 total=   23.1ms avg/tick=   57.9us share=  0.1% n=400
[00:52:30] [Server thread/INFO]: [STDOUT] [io.papermc.paper.util.PapoTickProfile] PapoTickProfile.phase level.fluidTicks           total=    3.2ms avg/tick=    8.1us share=  0.0% n=1200
[00:52:30] [Server thread/INFO]: [STDOUT] [io.papermc.paper.util.PapoTickProfile] PapoTickProfile.phase level.blockEvents          total=    0.5ms avg/tick=    1.3us share=  0.0% n=1200
[00:52:30] [Server thread/INFO]: [STDOUT] [io.papermc.paper.util.PapoTickProfile] PapoTickProfile.phase functions                  total=    0.5ms avg/tick=    1.2us share=  0.0% n=400
[00:52:30] [Server thread/INFO]: [STDOUT] [io.papermc.paper.util.PapoTickProfile] PapoTickProfile.phase players                    total=    0.2ms avg/tick=    0.5us share=  0.0% n=400
[00:52:30] [Server thread/INFO]: [STDOUT] [io.papermc.paper.util.PapoTickProfile] PapoTickProfile.count rs.blockTickRuns           total= 176400 avg/tick=  441.0
[00:52:30] [Server thread/INFO]: [STDOUT] [io.papermc.paper.util.PapoTickProfile] PapoTickProfile.count rs.fluidTickRuns           total=     55 avg/tick=    0.1
[00:52:30] [Server thread/INFO]: [STDOUT] [io.papermc.paper.util.PapoTickProfile] PapoTickProfile.count rs.wireEvalNoChange        total= 352800 avg/tick=  882.0
[00:52:30] [Server thread/INFO]: [STDOUT] [io.papermc.paper.util.PapoTickProfile] PapoTickProfile.count rs.wireEvalRuns            total=1852200 avg/tick= 4630.5
[00:52:30] [Server thread/INFO]: [STDOUT] [io.papermc.paper.util.PapoTickProfile] PapoTickProfile.count rs.wireEvalSkipped         total=10495800 avg/tick=26239.5
[00:52:50] [Server thread/INFO]: [STDOUT] [io.papermc.paper.util.PapoTickProfile] PapoTickProfile window=400ticks totalWallMs=19999 measuredMs=25502
[00:52:50] [Server thread/INFO]: [STDOUT] [io.papermc.paper.util.PapoTickProfile] PapoTickProfile.phase worlds                     total= 8524.7ms avg/tick=21311.8us share= 33.4% n=400
[00:52:50] [Server thread/INFO]: [STDOUT] [io.papermc.paper.util.PapoTickProfile] PapoTickProfile.phase level.tickPending+misc     total= 8365.5ms avg/tick=20913.7us share= 32.8% n=1200
[00:52:50] [Server thread/INFO]: [STDOUT] [io.papermc.paper.util.PapoTickProfile] PapoTickProfile.phase level.blockTicks           total= 7720.8ms avg/tick=19301.9us share= 30.3% n=1200
[00:52:50] [Server thread/INFO]: [STDOUT] [io.papermc.paper.util.PapoTickProfile] PapoTickProfile.phase level.chunkSource          total=  639.5ms avg/tick= 1598.9us share=  2.5% n=1200
[00:52:50] [Server thread/INFO]: [STDOUT] [io.papermc.paper.util.PapoTickProfile] PapoTickProfile.phase level.entities             total=  152.5ms avg/tick=  381.4us share=  0.6% n=1200
[00:52:50] [Server thread/INFO]: [STDOUT] [io.papermc.paper.util.PapoTickProfile] PapoTickProfile.phase connection                 total=   70.2ms avg/tick=  175.5us share=  0.3% n=400
[00:52:50] [Server thread/INFO]: [STDOUT] [io.papermc.paper.util.PapoTickProfile] PapoTickProfile.phase sendChunks                 total=   24.8ms avg/tick=   62.1us share=  0.1% n=400
[00:52:50] [Server thread/INFO]: [STDOUT] [io.papermc.paper.util.PapoTickProfile] PapoTickProfile.phase level.fluidTicks           total=    3.4ms avg/tick=    8.6us share=  0.0% n=1200
[00:52:50] [Server thread/INFO]: [STDOUT] [io.papermc.paper.util.PapoTickProfile] PapoTickProfile.phase functions                  total=    0.5ms avg/tick=    1.3us share=  0.0% n=400
[00:52:50] [Server thread/INFO]: [STDOUT] [io.papermc.paper.util.PapoTickProfile] PapoTickProfile.phase level.blockEvents          total=    0.5ms avg/tick=    1.3us share=  0.0% n=1200
[00:52:50] [Server thread/INFO]: [STDOUT] [io.papermc.paper.util.PapoTickProfile] PapoTickProfile.phase players                    total=    0.2ms avg/tick=    0.6us share=  0.0% n=400
[00:52:50] [Server thread/INFO]: [STDOUT] [io.papermc.paper.util.PapoTickProfile] PapoTickProfile.count rs.blockTickRuns           total= 176400 avg/tick=  441.0
[00:52:50] [Server thread/INFO]: [STDOUT] [io.papermc.paper.util.PapoTickProfile] PapoTickProfile.count rs.fluidTickRuns           total=     44 avg/tick=    0.1
[00:52:50] [Server thread/INFO]: [STDOUT] [io.papermc.paper.util.PapoTickProfile] PapoTickProfile.count rs.wireEvalNoChange        total= 352800 avg/tick=  882.0
[00:52:50] [Server thread/INFO]: [STDOUT] [io.papermc.paper.util.PapoTickProfile] PapoTickProfile.count rs.wireEvalRuns            total=1852200 avg/tick= 4630.5
[00:52:50] [Server thread/INFO]: [STDOUT] [io.papermc.paper.util.PapoTickProfile] PapoTickProfile.count rs.wireEvalSkipped         total=10495800 avg/tick=26239.5
[00:53:10] [Server thread/INFO]: [STDOUT] [io.papermc.paper.util.PapoTickProfile] PapoTickProfile window=400ticks totalWallMs=19999 measuredMs=18902
[00:53:10] [Server thread/INFO]: [STDOUT] [io.papermc.paper.util.PapoTickProfile] PapoTickProfile.phase worlds                     total= 6318.4ms avg/tick=15796.0us share= 33.4% n=400
[00:53:10] [Server thread/INFO]: [STDOUT] [io.papermc.paper.util.PapoTickProfile] PapoTickProfile.phase level.tickPending+misc     total= 6180.8ms avg/tick=15452.0us share= 32.7% n=1200
[00:53:10] [Server thread/INFO]: [STDOUT] [io.papermc.paper.util.PapoTickProfile] PapoTickProfile.phase level.blockTicks           total= 5770.2ms avg/tick=14425.4us share= 30.5% n=1200
[00:53:10] [Server thread/INFO]: [STDOUT] [io.papermc.paper.util.PapoTickProfile] PapoTickProfile.phase level.chunkSource          total=  406.1ms avg/tick= 1015.2us share=  2.1% n=1200
[00:53:10] [Server thread/INFO]: [STDOUT] [io.papermc.paper.util.PapoTickProfile] PapoTickProfile.phase level.entities             total=  131.7ms avg/tick=  329.3us share=  0.7% n=1200
[00:53:10] [Server thread/INFO]: [STDOUT] [io.papermc.paper.util.PapoTickProfile] PapoTickProfile.phase connection                 total=   72.3ms avg/tick=  180.8us share=  0.4% n=400
[00:53:10] [Server thread/INFO]: [STDOUT] [io.papermc.paper.util.PapoTickProfile] PapoTickProfile.phase sendChunks                 total=   18.5ms avg/tick=   46.3us share=  0.1% n=400
[00:53:10] [Server thread/INFO]: [STDOUT] [io.papermc.paper.util.PapoTickProfile] PapoTickProfile.phase level.fluidTicks           total=    2.9ms avg/tick=    7.2us share=  0.0% n=1200
[00:53:10] [Server thread/INFO]: [STDOUT] [io.papermc.paper.util.PapoTickProfile] PapoTickProfile.phase functions                  total=    0.6ms avg/tick=    1.5us share=  0.0% n=400
[00:53:10] [Server thread/INFO]: [STDOUT] [io.papermc.paper.util.PapoTickProfile] PapoTickProfile.phase level.blockEvents          total=    0.5ms avg/tick=    1.2us share=  0.0% n=1200
[00:53:10] [Server thread/INFO]: [STDOUT] [io.papermc.paper.util.PapoTickProfile] PapoTickProfile.phase players                    total=    0.1ms avg/tick=    0.2us share=  0.0% n=400
[00:53:10] [Server thread/INFO]: [STDOUT] [io.papermc.paper.util.PapoTickProfile] PapoTickProfile.count rs.blockTickRuns           total= 176401 avg/tick=  441.0
[00:53:10] [Server thread/INFO]: [STDOUT] [io.papermc.paper.util.PapoTickProfile] PapoTickProfile.count rs.fluidTickRuns           total=     98 avg/tick=    0.2
[00:53:10] [Server thread/INFO]: [STDOUT] [io.papermc.paper.util.PapoTickProfile] PapoTickProfile.count rs.wireEvalNoChange        total= 352800 avg/tick=  882.0
[00:53:10] [Server thread/INFO]: [STDOUT] [io.papermc.paper.util.PapoTickProfile] PapoTickProfile.count rs.wireEvalRuns            total=1852200 avg/tick= 4630.5
[00:53:10] [Server thread/INFO]: [STDOUT] [io.papermc.paper.util.PapoTickProfile] PapoTickProfile.count rs.wireEvalSkipped         total=10495800 avg/tick=26239.5
[00:53:30] [Server thread/INFO]: [STDOUT] [io.papermc.paper.util.PapoTickProfile] PapoTickProfile window=400ticks totalWallMs=20000 measuredMs=18629
[00:53:30] [Server thread/INFO]: [STDOUT] [io.papermc.paper.util.PapoTickProfile] PapoTickProfile.phase worlds                     total= 6232.2ms avg/tick=15580.5us share= 33.5% n=400
[00:53:30] [Server thread/INFO]: [STDOUT] [io.papermc.paper.util.PapoTickProfile] PapoTickProfile.phase level.tickPending+misc     total= 6096.5ms avg/tick=15241.2us share= 32.7% n=1200
[00:53:30] [Server thread/INFO]: [STDOUT] [io.papermc.paper.util.PapoTickProfile] PapoTickProfile.phase level.blockTicks           total= 5682.3ms avg/tick=14205.6us share= 30.5% n=1200
[00:53:30] [Server thread/INFO]: [STDOUT] [io.papermc.paper.util.PapoTickProfile] PapoTickProfile.phase level.chunkSource          total=  409.9ms avg/tick= 1024.9us share=  2.2% n=1200
[00:53:30] [Server thread/INFO]: [STDOUT] [io.papermc.paper.util.PapoTickProfile] PapoTickProfile.phase level.entities             total=  129.9ms avg/tick=  324.7us share=  0.7% n=1200
[00:53:30] [Server thread/INFO]: [STDOUT] [io.papermc.paper.util.PapoTickProfile] PapoTickProfile.phase connection                 total=   56.9ms avg/tick=  142.2us share=  0.3% n=400
[00:53:30] [Server thread/INFO]: [STDOUT] [io.papermc.paper.util.PapoTickProfile] PapoTickProfile.phase sendChunks                 total=   18.4ms avg/tick=   46.0us share=  0.1% n=400
[00:53:30] [Server thread/INFO]: [STDOUT] [io.papermc.paper.util.PapoTickProfile] PapoTickProfile.phase level.fluidTicks           total=    2.7ms avg/tick=    6.7us share=  0.0% n=1200
[00:53:30] [Server thread/INFO]: [STDOUT] [io.papermc.paper.util.PapoTickProfile] PapoTickProfile.phase level.blockEvents          total=    0.5ms avg/tick=    1.3us share=  0.0% n=1200
[00:53:30] [Server thread/INFO]: [STDOUT] [io.papermc.paper.util.PapoTickProfile] PapoTickProfile.phase functions                  total=    0.4ms avg/tick=    1.1us share=  0.0% n=400
[00:53:30] [Server thread/INFO]: [STDOUT] [io.papermc.paper.util.PapoTickProfile] PapoTickProfile.phase players                    total=    0.2ms avg/tick=    0.5us share=  0.0% n=400
[00:53:30] [Server thread/INFO]: [STDOUT] [io.papermc.paper.util.PapoTickProfile] PapoTickProfile.count rs.blockTickRuns           total= 176402 avg/tick=  441.0
[00:53:30] [Server thread/INFO]: [STDOUT] [io.papermc.paper.util.PapoTickProfile] PapoTickProfile.count rs.fluidTickRuns           total=     76 avg/tick=    0.2
[00:53:30] [Server thread/INFO]: [STDOUT] [io.papermc.paper.util.PapoTickProfile] PapoTickProfile.count rs.wireEvalNoChange        total= 352800 avg/tick=  882.0
[00:53:30] [Server thread/INFO]: [STDOUT] [io.papermc.paper.util.PapoTickProfile] PapoTickProfile.count rs.wireEvalRuns            total=1852200 avg/tick= 4630.5
[00:53:30] [Server thread/INFO]: [STDOUT] [io.papermc.paper.util.PapoTickProfile] PapoTickProfile.count rs.wireEvalSkipped         total=10495800 avg/tick=26239.5
[00:53:50] [Server thread/INFO]: [STDOUT] [io.papermc.paper.util.PapoTickProfile] PapoTickProfile window=400ticks totalWallMs=19999 measuredMs=20722
[00:53:50] [Server thread/INFO]: [STDOUT] [io.papermc.paper.util.PapoTickProfile] PapoTickProfile.phase worlds                     total= 6928.0ms avg/tick=17320.1us share= 33.4% n=400
[00:53:50] [Server thread/INFO]: [STDOUT] [io.papermc.paper.util.PapoTickProfile] PapoTickProfile.phase level.tickPending+misc     total= 6785.7ms avg/tick=16964.2us share= 32.7% n=1200
[00:53:50] [Server thread/INFO]: [STDOUT] [io.papermc.paper.util.PapoTickProfile] PapoTickProfile.phase level.blockTicks           total= 6335.1ms avg/tick=15837.7us share= 30.6% n=1200
[00:53:50] [Server thread/INFO]: [STDOUT] [io.papermc.paper.util.PapoTickProfile] PapoTickProfile.phase level.chunkSource          total=  447.2ms avg/tick= 1117.9us share=  2.2% n=1200
[00:53:50] [Server thread/INFO]: [STDOUT] [io.papermc.paper.util.PapoTickProfile] PapoTickProfile.phase level.entities             total=  136.8ms avg/tick=  342.0us share=  0.7% n=1200
[00:53:50] [Server thread/INFO]: [STDOUT] [io.papermc.paper.util.PapoTickProfile] PapoTickProfile.phase connection                 total=   63.6ms avg/tick=  159.1us share=  0.3% n=400
[00:53:50] [Server thread/INFO]: [STDOUT] [io.papermc.paper.util.PapoTickProfile] PapoTickProfile.phase sendChunks                 total=   22.3ms avg/tick=   55.8us share=  0.1% n=400
[00:53:50] [Server thread/INFO]: [STDOUT] [io.papermc.paper.util.PapoTickProfile] PapoTickProfile.phase level.fluidTicks           total=    2.2ms avg/tick=    5.4us share=  0.0% n=1200
[00:53:50] [Server thread/INFO]: [STDOUT] [io.papermc.paper.util.PapoTickProfile] PapoTickProfile.phase functions                  total=    0.5ms avg/tick=    1.1us share=  0.0% n=400
[00:53:50] [Server thread/INFO]: [STDOUT] [io.papermc.paper.util.PapoTickProfile] PapoTickProfile.phase level.blockEvents          total=    0.4ms avg/tick=    1.1us share=  0.0% n=1200
[00:53:50] [Server thread/INFO]: [STDOUT] [io.papermc.paper.util.PapoTickProfile] PapoTickProfile.phase players                    total=    0.3ms avg/tick=    0.6us share=  0.0% n=400
[00:53:50] [Server thread/INFO]: [STDOUT] [io.papermc.paper.util.PapoTickProfile] PapoTickProfile.count rs.blockTickRuns           total= 176400 avg/tick=  441.0
[00:53:50] [Server thread/INFO]: [STDOUT] [io.papermc.paper.util.PapoTickProfile] PapoTickProfile.count rs.fluidTickRuns           total=     47 avg/tick=    0.1
[00:53:50] [Server thread/INFO]: [STDOUT] [io.papermc.paper.util.PapoTickProfile] PapoTickProfile.count rs.wireEvalNoChange        total= 352800 avg/tick=  882.0
[00:53:50] [Server thread/INFO]: [STDOUT] [io.papermc.paper.util.PapoTickProfile] PapoTickProfile.count rs.wireEvalRuns            total=1852200 avg/tick= 4630.5
[00:53:50] [Server thread/INFO]: [STDOUT] [io.papermc.paper.util.PapoTickProfile] PapoTickProfile.count rs.wireEvalSkipped         total=10495800 avg/tick=26239.5
[00:54:10] [Server thread/INFO]: [STDOUT] [io.papermc.paper.util.PapoTickProfile] PapoTickProfile window=400ticks totalWallMs=20000 measuredMs=23129
[00:54:10] [Server thread/INFO]: [STDOUT] [io.papermc.paper.util.PapoTickProfile] PapoTickProfile.phase worlds                     total= 7731.8ms avg/tick=19329.5us share= 33.4% n=400
[00:54:10] [Server thread/INFO]: [STDOUT] [io.papermc.paper.util.PapoTickProfile] PapoTickProfile.phase level.tickPending+misc     total= 7580.5ms avg/tick=18951.2us share= 32.8% n=1200
[00:54:10] [Server thread/INFO]: [STDOUT] [io.papermc.paper.util.PapoTickProfile] PapoTickProfile.phase level.blockTicks           total= 7087.2ms avg/tick=17718.1us share= 30.6% n=1200
[00:54:10] [Server thread/INFO]: [STDOUT] [io.papermc.paper.util.PapoTickProfile] PapoTickProfile.phase level.chunkSource          total=  490.6ms avg/tick= 1226.6us share=  2.1% n=1200
[00:54:10] [Server thread/INFO]: [STDOUT] [io.papermc.paper.util.PapoTickProfile] PapoTickProfile.phase level.entities             total=  146.9ms avg/tick=  367.1us share=  0.6% n=1200
[00:54:10] [Server thread/INFO]: [STDOUT] [io.papermc.paper.util.PapoTickProfile] PapoTickProfile.phase connection                 total=   66.1ms avg/tick=  165.2us share=  0.3% n=400
[00:54:10] [Server thread/INFO]: [STDOUT] [io.papermc.paper.util.PapoTickProfile] PapoTickProfile.phase sendChunks                 total=   23.8ms avg/tick=   59.4us share=  0.1% n=400
[00:54:10] [Server thread/INFO]: [STDOUT] [io.papermc.paper.util.PapoTickProfile] PapoTickProfile.phase level.fluidTicks           total=    1.6ms avg/tick=    4.0us share=  0.0% n=1200
[00:54:10] [Server thread/INFO]: [STDOUT] [io.papermc.paper.util.PapoTickProfile] PapoTickProfile.phase functions                  total=    0.4ms avg/tick=    1.1us share=  0.0% n=400
[00:54:10] [Server thread/INFO]: [STDOUT] [io.papermc.paper.util.PapoTickProfile] PapoTickProfile.phase level.blockEvents          total=    0.4ms avg/tick=    0.9us share=  0.0% n=1200
[00:54:10] [Server thread/INFO]: [STDOUT] [io.papermc.paper.util.PapoTickProfile] PapoTickProfile.phase players                    total=    0.1ms avg/tick=    0.2us share=  0.0% n=400
[00:54:10] [Server thread/INFO]: [STDOUT] [io.papermc.paper.util.PapoTickProfile] PapoTickProfile.count rs.blockTickRuns           total= 176401 avg/tick=  441.0
[00:54:10] [Server thread/INFO]: [STDOUT] [io.papermc.paper.util.PapoTickProfile] PapoTickProfile.count rs.fluidTickRuns           total=     22 avg/tick=    0.1
[00:54:10] [Server thread/INFO]: [STDOUT] [io.papermc.paper.util.PapoTickProfile] PapoTickProfile.count rs.wireEvalNoChange        total= 352800 avg/tick=  882.0
[00:54:10] [Server thread/INFO]: [STDOUT] [io.papermc.paper.util.PapoTickProfile] PapoTickProfile.count rs.wireEvalRuns            total=1852200 avg/tick= 4630.5
[00:54:10] [Server thread/INFO]: [STDOUT] [io.papermc.paper.util.PapoTickProfile] PapoTickProfile.count rs.wireEvalSkipped         total=10495800 avg/tick=26239.5
[00:54:30] [Server thread/INFO]: [STDOUT] [io.papermc.paper.util.PapoTickProfile] PapoTickProfile window=400ticks totalWallMs=19999 measuredMs=22937
[00:54:30] [Server thread/INFO]: [STDOUT] [io.papermc.paper.util.PapoTickProfile] PapoTickProfile.phase worlds                     total= 7665.9ms avg/tick=19164.6us share= 33.4% n=400
[00:54:30] [Server thread/INFO]: [STDOUT] [io.papermc.paper.util.PapoTickProfile] PapoTickProfile.phase level.tickPending+misc     total= 7523.9ms avg/tick=18809.7us share= 32.8% n=1200
[00:54:30] [Server thread/INFO]: [STDOUT] [io.papermc.paper.util.PapoTickProfile] PapoTickProfile.phase level.blockTicks           total= 6965.6ms avg/tick=17413.9us share= 30.4% n=1200
[00:54:30] [Server thread/INFO]: [STDOUT] [io.papermc.paper.util.PapoTickProfile] PapoTickProfile.phase level.chunkSource          total=  555.6ms avg/tick= 1389.0us share=  2.4% n=1200
[00:54:30] [Server thread/INFO]: [STDOUT] [io.papermc.paper.util.PapoTickProfile] PapoTickProfile.phase level.entities             total=  137.6ms avg/tick=  343.9us share=  0.6% n=1200
[00:54:30] [Server thread/INFO]: [STDOUT] [io.papermc.paper.util.PapoTickProfile] PapoTickProfile.phase connection                 total=   63.9ms avg/tick=  159.7us share=  0.3% n=400
[00:54:30] [Server thread/INFO]: [STDOUT] [io.papermc.paper.util.PapoTickProfile] PapoTickProfile.phase sendChunks                 total=   22.8ms avg/tick=   57.1us share=  0.1% n=400
[00:54:30] [Server thread/INFO]: [STDOUT] [io.papermc.paper.util.PapoTickProfile] PapoTickProfile.phase level.fluidTicks           total=    1.7ms avg/tick=    4.2us share=  0.0% n=1200
[00:54:30] [Server thread/INFO]: [STDOUT] [io.papermc.paper.util.PapoTickProfile] PapoTickProfile.phase functions                  total=    0.4ms avg/tick=    1.1us share=  0.0% n=400
[00:54:30] [Server thread/INFO]: [STDOUT] [io.papermc.paper.util.PapoTickProfile] PapoTickProfile.phase level.blockEvents          total=    0.4ms avg/tick=    0.9us share=  0.0% n=1200
[00:54:30] [Server thread/INFO]: [STDOUT] [io.papermc.paper.util.PapoTickProfile] PapoTickProfile.phase players                    total=    0.3ms avg/tick=    0.7us share=  0.0% n=400
[00:54:30] [Server thread/INFO]: [STDOUT] [io.papermc.paper.util.PapoTickProfile] PapoTickProfile.count rs.blockTickRuns           total= 176400 avg/tick=  441.0
[00:54:30] [Server thread/INFO]: [STDOUT] [io.papermc.paper.util.PapoTickProfile] PapoTickProfile.count rs.fluidTickRuns           total=     99 avg/tick=    0.2
[00:54:30] [Server thread/INFO]: [STDOUT] [io.papermc.paper.util.PapoTickProfile] PapoTickProfile.count rs.wireEvalNoChange        total= 352800 avg/tick=  882.0
[00:54:30] [Server thread/INFO]: [STDOUT] [io.papermc.paper.util.PapoTickProfile] PapoTickProfile.count rs.wireEvalRuns            total=1852200 avg/tick= 4630.5
[00:54:30] [Server thread/INFO]: [STDOUT] [io.papermc.paper.util.PapoTickProfile] PapoTickProfile.count rs.wireEvalSkipped         total=10495800 avg/tick=26239.5
[00:54:50] [Server thread/INFO]: [STDOUT] [io.papermc.paper.util.PapoTickProfile] PapoTickProfile window=400ticks totalWallMs=19999 measuredMs=21695
[00:54:50] [Server thread/INFO]: [STDOUT] [io.papermc.paper.util.PapoTickProfile] PapoTickProfile.phase worlds                     total= 7252.9ms avg/tick=18132.2us share= 33.4% n=400
[00:54:50] [Server thread/INFO]: [STDOUT] [io.papermc.paper.util.PapoTickProfile] PapoTickProfile.phase level.tickPending+misc     total= 7109.6ms avg/tick=17773.9us share= 32.8% n=1200
[00:54:50] [Server thread/INFO]: [STDOUT] [io.papermc.paper.util.PapoTickProfile] PapoTickProfile.phase level.blockTicks           total= 6629.6ms avg/tick=16573.9us share= 30.6% n=1200
[00:54:50] [Server thread/INFO]: [STDOUT] [io.papermc.paper.util.PapoTickProfile] PapoTickProfile.phase level.chunkSource          total=  477.5ms avg/tick= 1193.6us share=  2.2% n=1200
[00:54:50] [Server thread/INFO]: [STDOUT] [io.papermc.paper.util.PapoTickProfile] PapoTickProfile.phase level.entities             total=  139.0ms avg/tick=  347.5us share=  0.6% n=1200
[00:54:50] [Server thread/INFO]: [STDOUT] [io.papermc.paper.util.PapoTickProfile] PapoTickProfile.phase connection                 total=   61.2ms avg/tick=  152.9us share=  0.3% n=400
[00:54:50] [Server thread/INFO]: [STDOUT] [io.papermc.paper.util.PapoTickProfile] PapoTickProfile.phase sendChunks                 total=   23.9ms avg/tick=   59.6us share=  0.1% n=400
[00:54:50] [Server thread/INFO]: [STDOUT] [io.papermc.paper.util.PapoTickProfile] PapoTickProfile.phase level.fluidTicks           total=    1.5ms avg/tick=    3.9us share=  0.0% n=1200
[00:54:50] [Server thread/INFO]: [STDOUT] [io.papermc.paper.util.PapoTickProfile] PapoTickProfile.phase functions                  total=    0.4ms avg/tick=    1.0us share=  0.0% n=400
[00:54:50] [Server thread/INFO]: [STDOUT] [io.papermc.paper.util.PapoTickProfile] PapoTickProfile.phase level.blockEvents          total=    0.4ms avg/tick=    0.9us share=  0.0% n=1200
[00:54:50] [Server thread/INFO]: [STDOUT] [io.papermc.paper.util.PapoTickProfile] PapoTickProfile.phase players                    total=    0.2ms avg/tick=    0.6us share=  0.0% n=400
[00:54:50] [Server thread/INFO]: [STDOUT] [io.papermc.paper.util.PapoTickProfile] PapoTickProfile.count rs.blockTickRuns           total= 176400 avg/tick=  441.0
[00:54:50] [Server thread/INFO]: [STDOUT] [io.papermc.paper.util.PapoTickProfile] PapoTickProfile.count rs.fluidTickRuns           total=     65 avg/tick=    0.2
[00:54:50] [Server thread/INFO]: [STDOUT] [io.papermc.paper.util.PapoTickProfile] PapoTickProfile.count rs.wireEvalNoChange        total= 352800 avg/tick=  882.0
[00:54:50] [Server thread/INFO]: [STDOUT] [io.papermc.paper.util.PapoTickProfile] PapoTickProfile.count rs.wireEvalRuns            total=1852200 avg/tick= 4630.5
[00:54:50] [Server thread/INFO]: [STDOUT] [io.papermc.paper.util.PapoTickProfile] PapoTickProfile.count rs.wireEvalSkipped         total=10495800 avg/tick=26239.5
logErrors=0 exited=true
activity gate PASS: rs.blockTickRuns steady(tail-median)=441.0/tick vs expected ~441 (windows=46)
