boot: [00:39:04 INFO]: Done (18.570s)! For help, type "help"
built platform (half=88) + 441 ring cells (side=21, pitch=8, blocks/cell=12)
verify round 0: RING=441 REP=441 missing=[]
ringStructuralA=441 seedRepeaterA=441 expectedCells=441
forensics entry: missing=[]
ringStructuralB=441 seedRepeaterB=441
window done (10 bots x 240000ms, cells=441)
presence gate PASS (RING A=B=441 REP A=B=441 == N=441)
echoes dumped: C:\Users\Z\AppData\Local\Temp\papo-rsscale-4985606666727635705\echoes.txt
---- PapoTickProfile windows (from logs/latest.log) ----
[00:39:04] [Server thread/INFO]: [STDOUT] [io.papermc.paper.util.PapoTickProfile] PapoTickProfile window=400ticks totalWallMs=0 measuredMs=0
[00:39:25] [Server thread/INFO]: [STDOUT] [io.papermc.paper.util.PapoTickProfile] PapoTickProfile window=400ticks totalWallMs=21014 measuredMs=7581
[00:39:25] [Server thread/INFO]: [STDOUT] [io.papermc.paper.util.PapoTickProfile] PapoTickProfile.phase worlds                     total= 2623.3ms avg/tick= 6558.2us share= 34.6% n=400
[00:39:25] [Server thread/INFO]: [STDOUT] [io.papermc.paper.util.PapoTickProfile] PapoTickProfile.phase level.tickPending+misc     total= 1682.7ms avg/tick= 4206.8us share= 22.2% n=1200
[00:39:25] [Server thread/INFO]: [STDOUT] [io.papermc.paper.util.PapoTickProfile] PapoTickProfile.phase level.chunkSource          total= 1155.9ms avg/tick= 2889.8us share= 15.2% n=1200
[00:39:25] [Server thread/INFO]: [STDOUT] [io.papermc.paper.util.PapoTickProfile] PapoTickProfile.phase level.entities             total=  900.9ms avg/tick= 2252.2us share= 11.9% n=1200
[00:39:25] [Server thread/INFO]: [STDOUT] [io.papermc.paper.util.PapoTickProfile] PapoTickProfile.phase connection                 total=  664.5ms avg/tick= 1661.3us share=  8.8% n=400
[00:39:25] [Server thread/INFO]: [STDOUT] [io.papermc.paper.util.PapoTickProfile] PapoTickProfile.phase level.blockTicks           total=  339.3ms avg/tick=  848.4us share=  4.5% n=1200
[00:39:25] [Server thread/INFO]: [STDOUT] [io.papermc.paper.util.PapoTickProfile] PapoTickProfile.phase level.fluidTicks           total=  179.2ms avg/tick=  448.1us share=  2.4% n=1200
[00:39:25] [Server thread/INFO]: [STDOUT] [io.papermc.paper.util.PapoTickProfile] PapoTickProfile.phase sendChunks                 total=   29.0ms avg/tick=   72.6us share=  0.4% n=400
[00:39:25] [Server thread/INFO]: [STDOUT] [io.papermc.paper.util.PapoTickProfile] PapoTickProfile.phase level.blockEvents          total=    3.7ms avg/tick=    9.4us share=  0.0% n=1200
[00:39:25] [Server thread/INFO]: [STDOUT] [io.papermc.paper.util.PapoTickProfile] PapoTickProfile.phase functions                  total=    2.3ms avg/tick=    5.8us share=  0.0% n=400
[00:39:25] [Server thread/INFO]: [STDOUT] [io.papermc.paper.util.PapoTickProfile] PapoTickProfile.phase players                    total=    0.6ms avg/tick=    1.5us share=  0.0% n=400
[00:39:25] [Server thread/INFO]: [STDOUT] [io.papermc.paper.util.PapoTickProfile] PapoTickProfile.count rs.blockTickRuns           total=  68706 avg/tick=  171.8
[00:39:25] [Server thread/INFO]: [STDOUT] [io.papermc.paper.util.PapoTickProfile] PapoTickProfile.count rs.fluidTickRuns           total=   7866 avg/tick=   19.7
[00:39:45] [Server thread/INFO]: [STDOUT] [io.papermc.paper.util.PapoTickProfile] PapoTickProfile window=400ticks totalWallMs=20000 measuredMs=2591
[00:39:45] [Server thread/INFO]: [STDOUT] [io.papermc.paper.util.PapoTickProfile] PapoTickProfile.phase worlds                     total=  727.8ms avg/tick= 1819.5us share= 28.1% n=400
[00:39:45] [Server thread/INFO]: [STDOUT] [io.papermc.paper.util.PapoTickProfile] PapoTickProfile.phase connection                 total=  650.4ms avg/tick= 1626.1us share= 25.1% n=400
[00:39:45] [Server thread/INFO]: [STDOUT] [io.papermc.paper.util.PapoTickProfile] PapoTickProfile.phase level.tickPending+misc     total=  475.8ms avg/tick= 1189.4us share= 18.4% n=1200
[00:39:45] [Server thread/INFO]: [STDOUT] [io.papermc.paper.util.PapoTickProfile] PapoTickProfile.phase level.chunkSource          total=  447.3ms avg/tick= 1118.2us share= 17.3% n=1200
[00:39:45] [Server thread/INFO]: [STDOUT] [io.papermc.paper.util.PapoTickProfile] PapoTickProfile.phase level.entities             total=  241.7ms avg/tick=  604.3us share=  9.3% n=1200
[00:39:45] [Server thread/INFO]: [STDOUT] [io.papermc.paper.util.PapoTickProfile] PapoTickProfile.phase sendChunks                 total=   20.5ms avg/tick=   51.2us share=  0.8% n=400
[00:39:45] [Server thread/INFO]: [STDOUT] [io.papermc.paper.util.PapoTickProfile] PapoTickProfile.phase level.fluidTicks           total=   15.8ms avg/tick=   39.5us share=  0.6% n=1200
[00:39:45] [Server thread/INFO]: [STDOUT] [io.papermc.paper.util.PapoTickProfile] PapoTickProfile.phase level.blockTicks           total=    8.6ms avg/tick=   21.6us share=  0.3% n=1200
[00:39:45] [Server thread/INFO]: [STDOUT] [io.papermc.paper.util.PapoTickProfile] PapoTickProfile.phase level.blockEvents          total=    1.7ms avg/tick=    4.2us share=  0.1% n=1200
[00:39:45] [Server thread/INFO]: [STDOUT] [io.papermc.paper.util.PapoTickProfile] PapoTickProfile.phase players                    total=    1.1ms avg/tick=    2.8us share=  0.0% n=400
[00:39:45] [Server thread/INFO]: [STDOUT] [io.papermc.paper.util.PapoTickProfile] PapoTickProfile.phase functions                  total=    0.9ms avg/tick=    2.2us share=  0.0% n=400
[00:39:45] [Server thread/INFO]: [STDOUT] [io.papermc.paper.util.PapoTickProfile] PapoTickProfile.count rs.blockTickRuns           total=     11 avg/tick=    0.0
[00:39:45] [Server thread/INFO]: [STDOUT] [io.papermc.paper.util.PapoTickProfile] PapoTickProfile.count rs.fluidTickRuns           total=    882 avg/tick=    2.2
[00:39:45] [Server thread/INFO]: [STDOUT] [io.papermc.paper.util.PapoTickProfile] PapoTickProfile.count rs.wireEvalNoChange        total=   8883 avg/tick=   22.2
[00:39:45] [Server thread/INFO]: [STDOUT] [io.papermc.paper.util.PapoTickProfile] PapoTickProfile.count rs.wireEvalRuns            total=   8883 avg/tick=   22.2
[00:39:45] [Server thread/INFO]: [STDOUT] [io.papermc.paper.util.PapoTickProfile] PapoTickProfile.count rs.wireEvalSkipped         total=  18930 avg/tick=   47.3
[00:40:05] [Server thread/INFO]: [STDOUT] [io.papermc.paper.util.PapoTickProfile] PapoTickProfile window=400ticks totalWallMs=20000 measuredMs=19240
[00:40:05] [Server thread/INFO]: [STDOUT] [io.papermc.paper.util.PapoTickProfile] PapoTickProfile.phase worlds                     total= 6413.7ms avg/tick=16034.1us share= 33.3% n=400
[00:40:05] [Server thread/INFO]: [STDOUT] [io.papermc.paper.util.PapoTickProfile] PapoTickProfile.phase level.tickPending+misc     total= 6272.5ms avg/tick=15681.2us share= 32.6% n=1200
[00:40:05] [Server thread/INFO]: [STDOUT] [io.papermc.paper.util.PapoTickProfile] PapoTickProfile.phase level.blockTicks           total= 5777.8ms avg/tick=14444.4us share= 30.0% n=1200
[00:40:05] [Server thread/INFO]: [STDOUT] [io.papermc.paper.util.PapoTickProfile] PapoTickProfile.phase level.chunkSource          total=  486.2ms avg/tick= 1215.5us share=  2.5% n=1200
[00:40:05] [Server thread/INFO]: [STDOUT] [io.papermc.paper.util.PapoTickProfile] PapoTickProfile.phase connection                 total=  136.2ms avg/tick=  340.4us share=  0.7% n=400
[00:40:05] [Server thread/INFO]: [STDOUT] [io.papermc.paper.util.PapoTickProfile] PapoTickProfile.phase level.entities             total=  127.9ms avg/tick=  319.7us share=  0.7% n=1200
[00:40:05] [Server thread/INFO]: [STDOUT] [io.papermc.paper.util.PapoTickProfile] PapoTickProfile.phase sendChunks                 total=   18.9ms avg/tick=   47.3us share=  0.1% n=400
[00:40:05] [Server thread/INFO]: [STDOUT] [io.papermc.paper.util.PapoTickProfile] PapoTickProfile.phase level.fluidTicks           total=    5.4ms avg/tick=   13.5us share=  0.0% n=1200
[00:40:05] [Server thread/INFO]: [STDOUT] [io.papermc.paper.util.PapoTickProfile] PapoTickProfile.phase level.blockEvents          total=    1.6ms avg/tick=    3.9us share=  0.0% n=1200
[00:40:05] [Server thread/INFO]: [STDOUT] [io.papermc.paper.util.PapoTickProfile] PapoTickProfile.phase functions                  total=    0.7ms avg/tick=    1.7us share=  0.0% n=400
[00:40:05] [Server thread/INFO]: [STDOUT] [io.papermc.paper.util.PapoTickProfile] PapoTickProfile.phase players                    total=    0.3ms avg/tick=    0.6us share=  0.0% n=400
[00:40:05] [Server thread/INFO]: [STDOUT] [io.papermc.paper.util.PapoTickProfile] PapoTickProfile.count rs.blockTickRuns           total= 168837 avg/tick=  422.1
[00:40:05] [Server thread/INFO]: [STDOUT] [io.papermc.paper.util.PapoTickProfile] PapoTickProfile.count rs.fluidTickRuns           total=    159 avg/tick=    0.4
[00:40:05] [Server thread/INFO]: [STDOUT] [io.papermc.paper.util.PapoTickProfile] PapoTickProfile.count rs.wireEvalNoChange        total= 339798 avg/tick=  849.5
[00:40:05] [Server thread/INFO]: [STDOUT] [io.papermc.paper.util.PapoTickProfile] PapoTickProfile.count rs.wireEvalRuns            total=1775718 avg/tick= 4439.3
[00:40:05] [Server thread/INFO]: [STDOUT] [io.papermc.paper.util.PapoTickProfile] PapoTickProfile.count rs.wireEvalSkipped         total=10055001 avg/tick=25137.5
[00:40:25] [Server thread/INFO]: [STDOUT] [io.papermc.paper.util.PapoTickProfile] PapoTickProfile window=400ticks totalWallMs=19999 measuredMs=19688
[00:40:25] [Server thread/INFO]: [STDOUT] [io.papermc.paper.util.PapoTickProfile] PapoTickProfile.phase worlds                     total= 6584.3ms avg/tick=16460.7us share= 33.4% n=400
[00:40:25] [Server thread/INFO]: [STDOUT] [io.papermc.paper.util.PapoTickProfile] PapoTickProfile.phase level.tickPending+misc     total= 6436.8ms avg/tick=16092.1us share= 32.7% n=1200
[00:40:25] [Server thread/INFO]: [STDOUT] [io.papermc.paper.util.PapoTickProfile] PapoTickProfile.phase level.blockTicks           total= 5991.0ms avg/tick=14977.4us share= 30.4% n=1200
[00:40:25] [Server thread/INFO]: [STDOUT] [io.papermc.paper.util.PapoTickProfile] PapoTickProfile.phase level.chunkSource          total=  439.3ms avg/tick= 1098.4us share=  2.2% n=1200
[00:40:25] [Server thread/INFO]: [STDOUT] [io.papermc.paper.util.PapoTickProfile] PapoTickProfile.phase level.entities             total=  134.9ms avg/tick=  337.1us share=  0.7% n=1200
[00:40:25] [Server thread/INFO]: [STDOUT] [io.papermc.paper.util.PapoTickProfile] PapoTickProfile.phase connection                 total=   77.4ms avg/tick=  193.5us share=  0.4% n=400
[00:40:25] [Server thread/INFO]: [STDOUT] [io.papermc.paper.util.PapoTickProfile] PapoTickProfile.phase sendChunks                 total=   17.9ms avg/tick=   44.8us share=  0.1% n=400
[00:40:25] [Server thread/INFO]: [STDOUT] [io.papermc.paper.util.PapoTickProfile] PapoTickProfile.phase level.fluidTicks           total=    3.6ms avg/tick=    9.0us share=  0.0% n=1200
[00:40:25] [Server thread/INFO]: [STDOUT] [io.papermc.paper.util.PapoTickProfile] PapoTickProfile.phase level.blockEvents          total=    1.5ms avg/tick=    3.8us share=  0.0% n=1200
[00:40:25] [Server thread/INFO]: [STDOUT] [io.papermc.paper.util.PapoTickProfile] PapoTickProfile.phase functions                  total=    0.7ms avg/tick=    1.8us share=  0.0% n=400
[00:40:25] [Server thread/INFO]: [STDOUT] [io.papermc.paper.util.PapoTickProfile] PapoTickProfile.phase players                    total=    0.6ms avg/tick=    1.4us share=  0.0% n=400
[00:40:25] [Server thread/INFO]: [STDOUT] [io.papermc.paper.util.PapoTickProfile] PapoTickProfile.count rs.blockTickRuns           total= 176404 avg/tick=  441.0
[00:40:25] [Server thread/INFO]: [STDOUT] [io.papermc.paper.util.PapoTickProfile] PapoTickProfile.count rs.fluidTickRuns           total=     93 avg/tick=    0.2
[00:40:25] [Server thread/INFO]: [STDOUT] [io.papermc.paper.util.PapoTickProfile] PapoTickProfile.count rs.wireEvalNoChange        total= 352800 avg/tick=  882.0
[00:40:25] [Server thread/INFO]: [STDOUT] [io.papermc.paper.util.PapoTickProfile] PapoTickProfile.count rs.wireEvalRuns            total=1852200 avg/tick= 4630.5
[00:40:25] [Server thread/INFO]: [STDOUT] [io.papermc.paper.util.PapoTickProfile] PapoTickProfile.count rs.wireEvalSkipped         total=10495800 avg/tick=26239.5
[00:40:45] [Server thread/INFO]: [STDOUT] [io.papermc.paper.util.PapoTickProfile] PapoTickProfile window=400ticks totalWallMs=19999 measuredMs=19671
[00:40:45] [Server thread/INFO]: [STDOUT] [io.papermc.paper.util.PapoTickProfile] PapoTickProfile.phase worlds                     total= 6562.4ms avg/tick=16406.0us share= 33.4% n=400
[00:40:45] [Server thread/INFO]: [STDOUT] [io.papermc.paper.util.PapoTickProfile] PapoTickProfile.phase level.tickPending+misc     total= 6422.9ms avg/tick=16057.3us share= 32.7% n=1200
[00:40:45] [Server thread/INFO]: [STDOUT] [io.papermc.paper.util.PapoTickProfile] PapoTickProfile.phase level.blockTicks           total= 6004.4ms avg/tick=15011.0us share= 30.5% n=1200
[00:40:45] [Server thread/INFO]: [STDOUT] [io.papermc.paper.util.PapoTickProfile] PapoTickProfile.phase level.chunkSource          total=  412.2ms avg/tick= 1030.6us share=  2.1% n=1200
[00:40:45] [Server thread/INFO]: [STDOUT] [io.papermc.paper.util.PapoTickProfile] PapoTickProfile.phase level.entities             total=  128.1ms avg/tick=  320.2us share=  0.7% n=1200
[00:40:45] [Server thread/INFO]: [STDOUT] [io.papermc.paper.util.PapoTickProfile] PapoTickProfile.phase connection                 total=  117.5ms avg/tick=  293.8us share=  0.6% n=400
[00:40:45] [Server thread/INFO]: [STDOUT] [io.papermc.paper.util.PapoTickProfile] PapoTickProfile.phase sendChunks                 total=   17.9ms avg/tick=   44.7us share=  0.1% n=400
[00:40:45] [Server thread/INFO]: [STDOUT] [io.papermc.paper.util.PapoTickProfile] PapoTickProfile.phase level.fluidTicks           total=    3.6ms avg/tick=    9.0us share=  0.0% n=1200
[00:40:45] [Server thread/INFO]: [STDOUT] [io.papermc.paper.util.PapoTickProfile] PapoTickProfile.phase level.blockEvents          total=    1.3ms avg/tick=    3.3us share=  0.0% n=1200
[00:40:45] [Server thread/INFO]: [STDOUT] [io.papermc.paper.util.PapoTickProfile] PapoTickProfile.phase functions                  total=    0.8ms avg/tick=    1.9us share=  0.0% n=400
[00:40:45] [Server thread/INFO]: [STDOUT] [io.papermc.paper.util.PapoTickProfile] PapoTickProfile.phase players                    total=    0.5ms avg/tick=    1.3us share=  0.0% n=400
[00:40:45] [Server thread/INFO]: [STDOUT] [io.papermc.paper.util.PapoTickProfile] PapoTickProfile.count rs.blockTickRuns           total= 176402 avg/tick=  441.0
[00:40:45] [Server thread/INFO]: [STDOUT] [io.papermc.paper.util.PapoTickProfile] PapoTickProfile.count rs.fluidTickRuns           total=     97 avg/tick=    0.2
[00:40:45] [Server thread/INFO]: [STDOUT] [io.papermc.paper.util.PapoTickProfile] PapoTickProfile.count rs.wireEvalNoChange        total= 352800 avg/tick=  882.0
[00:40:45] [Server thread/INFO]: [STDOUT] [io.papermc.paper.util.PapoTickProfile] PapoTickProfile.count rs.wireEvalRuns            total=1852200 avg/tick= 4630.5
[00:40:45] [Server thread/INFO]: [STDOUT] [io.papermc.paper.util.PapoTickProfile] PapoTickProfile.count rs.wireEvalSkipped         total=10495800 avg/tick=26239.5
[00:41:05] [Server thread/INFO]: [STDOUT] [io.papermc.paper.util.PapoTickProfile] PapoTickProfile window=400ticks totalWallMs=20000 measuredMs=19683
[00:41:05] [Server thread/INFO]: [STDOUT] [io.papermc.paper.util.PapoTickProfile] PapoTickProfile.phase worlds                     total= 6572.4ms avg/tick=16431.1us share= 33.4% n=400
[00:41:05] [Server thread/INFO]: [STDOUT] [io.papermc.paper.util.PapoTickProfile] PapoTickProfile.phase level.tickPending+misc     total= 6445.4ms avg/tick=16113.5us share= 32.7% n=1200
[00:41:05] [Server thread/INFO]: [STDOUT] [io.papermc.paper.util.PapoTickProfile] PapoTickProfile.phase level.blockTicks           total= 6036.3ms avg/tick=15090.7us share= 30.7% n=1200
[00:41:05] [Server thread/INFO]: [STDOUT] [io.papermc.paper.util.PapoTickProfile] PapoTickProfile.phase level.chunkSource          total=  403.5ms avg/tick= 1008.9us share=  2.1% n=1200
[00:41:05] [Server thread/INFO]: [STDOUT] [io.papermc.paper.util.PapoTickProfile] PapoTickProfile.phase level.entities             total=  117.3ms avg/tick=  293.2us share=  0.6% n=1200
[00:41:05] [Server thread/INFO]: [STDOUT] [io.papermc.paper.util.PapoTickProfile] PapoTickProfile.phase connection                 total=   85.5ms avg/tick=  213.8us share=  0.4% n=400
[00:41:05] [Server thread/INFO]: [STDOUT] [io.papermc.paper.util.PapoTickProfile] PapoTickProfile.phase sendChunks                 total=   18.8ms avg/tick=   47.0us share=  0.1% n=400
[00:41:05] [Server thread/INFO]: [STDOUT] [io.papermc.paper.util.PapoTickProfile] PapoTickProfile.phase level.fluidTicks           total=    3.6ms avg/tick=    8.9us share=  0.0% n=1200
[00:41:05] [Server thread/INFO]: [STDOUT] [io.papermc.paper.util.PapoTickProfile] PapoTickProfile.phase level.blockEvents          total=    0.6ms avg/tick=    1.5us share=  0.0% n=1200
[00:41:05] [Server thread/INFO]: [STDOUT] [io.papermc.paper.util.PapoTickProfile] PapoTickProfile.phase functions                  total=    0.4ms avg/tick=    1.0us share=  0.0% n=400
[00:41:05] [Server thread/INFO]: [STDOUT] [io.papermc.paper.util.PapoTickProfile] PapoTickProfile.phase players                    total=    0.1ms avg/tick=    0.3us share=  0.0% n=400
[00:41:05] [Server thread/INFO]: [STDOUT] [io.papermc.paper.util.PapoTickProfile] PapoTickProfile.count rs.blockTickRuns           total= 176400 avg/tick=  441.0
[00:41:05] [Server thread/INFO]: [STDOUT] [io.papermc.paper.util.PapoTickProfile] PapoTickProfile.count rs.fluidTickRuns           total=     77 avg/tick=    0.2
[00:41:05] [Server thread/INFO]: [STDOUT] [io.papermc.paper.util.PapoTickProfile] PapoTickProfile.count rs.wireEvalNoChange        total= 352800 avg/tick=  882.0
[00:41:05] [Server thread/INFO]: [STDOUT] [io.papermc.paper.util.PapoTickProfile] PapoTickProfile.count rs.wireEvalRuns            total=1852200 avg/tick= 4630.5
[00:41:05] [Server thread/INFO]: [STDOUT] [io.papermc.paper.util.PapoTickProfile] PapoTickProfile.count rs.wireEvalSkipped         total=10495800 avg/tick=26239.5
[00:41:25] [Server thread/INFO]: [STDOUT] [io.papermc.paper.util.PapoTickProfile] PapoTickProfile window=400ticks totalWallMs=19999 measuredMs=19571
[00:41:25] [Server thread/INFO]: [STDOUT] [io.papermc.paper.util.PapoTickProfile] PapoTickProfile.phase worlds                     total= 6542.9ms avg/tick=16357.2us share= 33.4% n=400
[00:41:25] [Server thread/INFO]: [STDOUT] [io.papermc.paper.util.PapoTickProfile] PapoTickProfile.phase level.tickPending+misc     total= 6416.1ms avg/tick=16040.2us share= 32.8% n=1200
[00:41:25] [Server thread/INFO]: [STDOUT] [io.papermc.paper.util.PapoTickProfile] PapoTickProfile.phase level.blockTicks           total= 6050.1ms avg/tick=15125.2us share= 30.9% n=1200
[00:41:25] [Server thread/INFO]: [STDOUT] [io.papermc.paper.util.PapoTickProfile] PapoTickProfile.phase level.chunkSource          total=  362.8ms avg/tick=  906.9us share=  1.9% n=1200
[00:41:25] [Server thread/INFO]: [STDOUT] [io.papermc.paper.util.PapoTickProfile] PapoTickProfile.phase level.entities             total=  122.4ms avg/tick=  306.0us share=  0.6% n=1200
[00:41:25] [Server thread/INFO]: [STDOUT] [io.papermc.paper.util.PapoTickProfile] PapoTickProfile.phase connection                 total=   54.4ms avg/tick=  136.0us share=  0.3% n=400
[00:41:25] [Server thread/INFO]: [STDOUT] [io.papermc.paper.util.PapoTickProfile] PapoTickProfile.phase sendChunks                 total=   19.7ms avg/tick=   49.1us share=  0.1% n=400
[00:41:25] [Server thread/INFO]: [STDOUT] [io.papermc.paper.util.PapoTickProfile] PapoTickProfile.phase level.fluidTicks           total=    2.1ms avg/tick=    5.3us share=  0.0% n=1200
[00:41:25] [Server thread/INFO]: [STDOUT] [io.papermc.paper.util.PapoTickProfile] PapoTickProfile.phase functions                  total=    0.5ms avg/tick=    1.3us share=  0.0% n=400
[00:41:25] [Server thread/INFO]: [STDOUT] [io.papermc.paper.util.PapoTickProfile] PapoTickProfile.phase level.blockEvents          total=    0.5ms avg/tick=    1.2us share=  0.0% n=1200
[00:41:25] [Server thread/INFO]: [STDOUT] [io.papermc.paper.util.PapoTickProfile] PapoTickProfile.phase players                    total=    0.4ms avg/tick=    0.9us share=  0.0% n=400
[00:41:25] [Server thread/INFO]: [STDOUT] [io.papermc.paper.util.PapoTickProfile] PapoTickProfile.count rs.blockTickRuns           total= 176400 avg/tick=  441.0
[00:41:25] [Server thread/INFO]: [STDOUT] [io.papermc.paper.util.PapoTickProfile] PapoTickProfile.count rs.fluidTickRuns           total=     50 avg/tick=    0.1
[00:41:25] [Server thread/INFO]: [STDOUT] [io.papermc.paper.util.PapoTickProfile] PapoTickProfile.count rs.wireEvalNoChange        total= 352800 avg/tick=  882.0
[00:41:25] [Server thread/INFO]: [STDOUT] [io.papermc.paper.util.PapoTickProfile] PapoTickProfile.count rs.wireEvalRuns            total=1852200 avg/tick= 4630.5
[00:41:25] [Server thread/INFO]: [STDOUT] [io.papermc.paper.util.PapoTickProfile] PapoTickProfile.count rs.wireEvalSkipped         total=10495800 avg/tick=26239.5
[00:41:45] [Server thread/INFO]: [STDOUT] [io.papermc.paper.util.PapoTickProfile] PapoTickProfile window=400ticks totalWallMs=20000 measuredMs=19441
[00:41:45] [Server thread/INFO]: [STDOUT] [io.papermc.paper.util.PapoTickProfile] PapoTickProfile.phase worlds                     total= 6498.3ms avg/tick=16245.7us share= 33.4% n=400
[00:41:45] [Server thread/INFO]: [STDOUT] [io.papermc.paper.util.PapoTickProfile] PapoTickProfile.phase level.tickPending+misc     total= 6381.1ms avg/tick=15952.7us share= 32.8% n=1200
[00:41:45] [Server thread/INFO]: [STDOUT] [io.papermc.paper.util.PapoTickProfile] PapoTickProfile.phase level.blockTicks           total= 6033.1ms avg/tick=15082.8us share= 31.0% n=1200
[00:41:45] [Server thread/INFO]: [STDOUT] [io.papermc.paper.util.PapoTickProfile] PapoTickProfile.phase level.chunkSource          total=  345.0ms avg/tick=  862.4us share=  1.8% n=1200
[00:41:45] [Server thread/INFO]: [STDOUT] [io.papermc.paper.util.PapoTickProfile] PapoTickProfile.phase level.entities             total=  113.3ms avg/tick=  283.3us share=  0.6% n=1200
[00:41:45] [Server thread/INFO]: [STDOUT] [io.papermc.paper.util.PapoTickProfile] PapoTickProfile.phase connection                 total=   48.1ms avg/tick=  120.1us share=  0.2% n=400
[00:41:45] [Server thread/INFO]: [STDOUT] [io.papermc.paper.util.PapoTickProfile] PapoTickProfile.phase sendChunks                 total=   19.0ms avg/tick=   47.6us share=  0.1% n=400
[00:41:45] [Server thread/INFO]: [STDOUT] [io.papermc.paper.util.PapoTickProfile] PapoTickProfile.phase level.fluidTicks           total=    2.0ms avg/tick=    4.9us share=  0.0% n=1200
[00:41:45] [Server thread/INFO]: [STDOUT] [io.papermc.paper.util.PapoTickProfile] PapoTickProfile.phase functions                  total=    0.5ms avg/tick=    1.3us share=  0.0% n=400
[00:41:45] [Server thread/INFO]: [STDOUT] [io.papermc.paper.util.PapoTickProfile] PapoTickProfile.phase level.blockEvents          total=    0.4ms avg/tick=    1.0us share=  0.0% n=1200
[00:41:45] [Server thread/INFO]: [STDOUT] [io.papermc.paper.util.PapoTickProfile] PapoTickProfile.phase players                    total=    0.3ms avg/tick=    0.7us share=  0.0% n=400
[00:41:45] [Server thread/INFO]: [STDOUT] [io.papermc.paper.util.PapoTickProfile] PapoTickProfile.count rs.blockTickRuns           total= 176400 avg/tick=  441.0
[00:41:45] [Server thread/INFO]: [STDOUT] [io.papermc.paper.util.PapoTickProfile] PapoTickProfile.count rs.fluidTickRuns           total=    132 avg/tick=    0.3
[00:41:45] [Server thread/INFO]: [STDOUT] [io.papermc.paper.util.PapoTickProfile] PapoTickProfile.count rs.wireEvalNoChange        total= 352800 avg/tick=  882.0
[00:41:45] [Server thread/INFO]: [STDOUT] [io.papermc.paper.util.PapoTickProfile] PapoTickProfile.count rs.wireEvalRuns            total=1852200 avg/tick= 4630.5
[00:41:45] [Server thread/INFO]: [STDOUT] [io.papermc.paper.util.PapoTickProfile] PapoTickProfile.count rs.wireEvalSkipped         total=10495800 avg/tick=26239.5
[00:42:05] [Server thread/INFO]: [STDOUT] [io.papermc.paper.util.PapoTickProfile] PapoTickProfile window=400ticks totalWallMs=19998 measuredMs=21062
[00:42:05] [Server thread/INFO]: [STDOUT] [io.papermc.paper.util.PapoTickProfile] PapoTickProfile.phase worlds                     total= 7039.0ms avg/tick=17597.5us share= 33.4% n=400
[00:42:05] [Server thread/INFO]: [STDOUT] [io.papermc.paper.util.PapoTickProfile] PapoTickProfile.phase level.tickPending+misc     total= 6914.7ms avg/tick=17286.7us share= 32.8% n=1200
[00:42:05] [Server thread/INFO]: [STDOUT] [io.papermc.paper.util.PapoTickProfile] PapoTickProfile.phase level.blockTicks           total= 6532.9ms avg/tick=16332.3us share= 31.0% n=1200
[00:42:05] [Server thread/INFO]: [STDOUT] [io.papermc.paper.util.PapoTickProfile] PapoTickProfile.phase level.chunkSource          total=  378.7ms avg/tick=  946.9us share=  1.8% n=1200
[00:42:05] [Server thread/INFO]: [STDOUT] [io.papermc.paper.util.PapoTickProfile] PapoTickProfile.phase level.entities             total=  120.2ms avg/tick=  300.5us share=  0.6% n=1200
[00:42:05] [Server thread/INFO]: [STDOUT] [io.papermc.paper.util.PapoTickProfile] PapoTickProfile.phase connection                 total=   52.1ms avg/tick=  130.2us share=  0.2% n=400
[00:42:05] [Server thread/INFO]: [STDOUT] [io.papermc.paper.util.PapoTickProfile] PapoTickProfile.phase sendChunks                 total=   21.6ms avg/tick=   54.0us share=  0.1% n=400
[00:42:05] [Server thread/INFO]: [STDOUT] [io.papermc.paper.util.PapoTickProfile] PapoTickProfile.phase level.fluidTicks           total=    1.9ms avg/tick=    4.7us share=  0.0% n=1200
[00:42:05] [Server thread/INFO]: [STDOUT] [io.papermc.paper.util.PapoTickProfile] PapoTickProfile.phase functions                  total=    0.5ms avg/tick=    1.2us share=  0.0% n=400
[00:42:05] [Server thread/INFO]: [STDOUT] [io.papermc.paper.util.PapoTickProfile] PapoTickProfile.phase level.blockEvents          total=    0.4ms avg/tick=    1.1us share=  0.0% n=1200
[00:42:05] [Server thread/INFO]: [STDOUT] [io.papermc.paper.util.PapoTickProfile] PapoTickProfile.phase players                    total=    0.1ms avg/tick=    0.3us share=  0.0% n=400
[00:42:05] [Server thread/INFO]: [STDOUT] [io.papermc.paper.util.PapoTickProfile] PapoTickProfile.count rs.blockTickRuns           total= 176400 avg/tick=  441.0
[00:42:05] [Server thread/INFO]: [STDOUT] [io.papermc.paper.util.PapoTickProfile] PapoTickProfile.count rs.fluidTickRuns           total=     68 avg/tick=    0.2
[00:42:05] [Server thread/INFO]: [STDOUT] [io.papermc.paper.util.PapoTickProfile] PapoTickProfile.count rs.wireEvalNoChange        total= 352800 avg/tick=  882.0
[00:42:05] [Server thread/INFO]: [STDOUT] [io.papermc.paper.util.PapoTickProfile] PapoTickProfile.count rs.wireEvalRuns            total=1852200 avg/tick= 4630.5
[00:42:05] [Server thread/INFO]: [STDOUT] [io.papermc.paper.util.PapoTickProfile] PapoTickProfile.count rs.wireEvalSkipped         total=10495800 avg/tick=26239.5
[00:42:25] [Server thread/INFO]: [STDOUT] [io.papermc.paper.util.PapoTickProfile] PapoTickProfile window=400ticks totalWallMs=20000 measuredMs=20929
[00:42:25] [Server thread/INFO]: [STDOUT] [io.papermc.paper.util.PapoTickProfile] PapoTickProfile.phase worlds                     total= 6997.9ms avg/tick=17494.9us share= 33.4% n=400
[00:42:25] [Server thread/INFO]: [STDOUT] [io.papermc.paper.util.PapoTickProfile] PapoTickProfile.phase level.tickPending+misc     total= 6865.0ms avg/tick=17162.4us share= 32.8% n=1200
[00:42:25] [Server thread/INFO]: [STDOUT] [io.papermc.paper.util.PapoTickProfile] PapoTickProfile.phase level.blockTicks           total= 6489.0ms avg/tick=16222.6us share= 31.0% n=1200
[00:42:25] [Server thread/INFO]: [STDOUT] [io.papermc.paper.util.PapoTickProfile] PapoTickProfile.phase level.chunkSource          total=  372.9ms avg/tick=  932.3us share=  1.8% n=1200
[00:42:25] [Server thread/INFO]: [STDOUT] [io.papermc.paper.util.PapoTickProfile] PapoTickProfile.phase level.entities             total=  129.0ms avg/tick=  322.4us share=  0.6% n=1200
[00:42:25] [Server thread/INFO]: [STDOUT] [io.papermc.paper.util.PapoTickProfile] PapoTickProfile.phase connection                 total=   51.7ms avg/tick=  129.1us share=  0.2% n=400
[00:42:25] [Server thread/INFO]: [STDOUT] [io.papermc.paper.util.PapoTickProfile] PapoTickProfile.phase sendChunks                 total=   20.9ms avg/tick=   52.1us share=  0.1% n=400
[00:42:25] [Server thread/INFO]: [STDOUT] [io.papermc.paper.util.PapoTickProfile] PapoTickProfile.phase level.fluidTicks           total=    1.9ms avg/tick=    4.8us share=  0.0% n=1200
[00:42:25] [Server thread/INFO]: [STDOUT] [io.papermc.paper.util.PapoTickProfile] PapoTickProfile.phase functions                  total=    0.6ms avg/tick=    1.5us share=  0.0% n=400
[00:42:25] [Server thread/INFO]: [STDOUT] [io.papermc.paper.util.PapoTickProfile] PapoTickProfile.phase level.blockEvents          total=    0.4ms avg/tick=    1.1us share=  0.0% n=1200
[00:42:25] [Server thread/INFO]: [STDOUT] [io.papermc.paper.util.PapoTickProfile] PapoTickProfile.phase players                    total=    0.4ms avg/tick=    0.9us share=  0.0% n=400
[00:42:25] [Server thread/INFO]: [STDOUT] [io.papermc.paper.util.PapoTickProfile] PapoTickProfile.count rs.blockTickRuns           total= 176400 avg/tick=  441.0
[00:42:25] [Server thread/INFO]: [STDOUT] [io.papermc.paper.util.PapoTickProfile] PapoTickProfile.count rs.fluidTickRuns           total=     84 avg/tick=    0.2
[00:42:25] [Server thread/INFO]: [STDOUT] [io.papermc.paper.util.PapoTickProfile] PapoTickProfile.count rs.wireEvalNoChange        total= 352800 avg/tick=  882.0
[00:42:25] [Server thread/INFO]: [STDOUT] [io.papermc.paper.util.PapoTickProfile] PapoTickProfile.count rs.wireEvalRuns            total=1852200 avg/tick= 4630.5
[00:42:25] [Server thread/INFO]: [STDOUT] [io.papermc.paper.util.PapoTickProfile] PapoTickProfile.count rs.wireEvalSkipped         total=10495800 avg/tick=26239.5
[00:42:45] [Server thread/INFO]: [STDOUT] [io.papermc.paper.util.PapoTickProfile] PapoTickProfile window=400ticks totalWallMs=20000 measuredMs=20370
[00:42:45] [Server thread/INFO]: [STDOUT] [io.papermc.paper.util.PapoTickProfile] PapoTickProfile.phase worlds                     total= 6813.7ms avg/tick=17034.3us share= 33.4% n=400
[00:42:45] [Server thread/INFO]: [STDOUT] [io.papermc.paper.util.PapoTickProfile] PapoTickProfile.phase level.tickPending+misc     total= 6678.4ms avg/tick=16696.0us share= 32.8% n=1200
[00:42:45] [Server thread/INFO]: [STDOUT] [io.papermc.paper.util.PapoTickProfile] PapoTickProfile.phase level.blockTicks           total= 6300.8ms avg/tick=15751.9us share= 30.9% n=1200
[00:42:45] [Server thread/INFO]: [STDOUT] [io.papermc.paper.util.PapoTickProfile] PapoTickProfile.phase level.chunkSource          total=  374.7ms avg/tick=  936.8us share=  1.8% n=1200
[00:42:45] [Server thread/INFO]: [STDOUT] [io.papermc.paper.util.PapoTickProfile] PapoTickProfile.phase level.entities             total=  131.1ms avg/tick=  327.9us share=  0.6% n=1200
[00:42:45] [Server thread/INFO]: [STDOUT] [io.papermc.paper.util.PapoTickProfile] PapoTickProfile.phase connection                 total=   49.3ms avg/tick=  123.2us share=  0.2% n=400
[00:42:45] [Server thread/INFO]: [STDOUT] [io.papermc.paper.util.PapoTickProfile] PapoTickProfile.phase sendChunks                 total=   19.9ms avg/tick=   49.8us share=  0.1% n=400
[00:42:45] [Server thread/INFO]: [STDOUT] [io.papermc.paper.util.PapoTickProfile] PapoTickProfile.phase level.fluidTicks           total=    1.8ms avg/tick=    4.5us share=  0.0% n=1200
[00:42:45] [Server thread/INFO]: [STDOUT] [io.papermc.paper.util.PapoTickProfile] PapoTickProfile.phase functions                  total=    0.6ms avg/tick=    1.4us share=  0.0% n=400
[00:42:45] [Server thread/INFO]: [STDOUT] [io.papermc.paper.util.PapoTickProfile] PapoTickProfile.phase level.blockEvents          total=    0.4ms avg/tick=    1.1us share=  0.0% n=1200
[00:42:45] [Server thread/INFO]: [STDOUT] [io.papermc.paper.util.PapoTickProfile] PapoTickProfile.phase players                    total=    0.3ms avg/tick=    0.6us share=  0.0% n=400
[00:42:45] [Server thread/INFO]: [STDOUT] [io.papermc.paper.util.PapoTickProfile] PapoTickProfile.count rs.blockTickRuns           total= 176400 avg/tick=  441.0
[00:42:45] [Server thread/INFO]: [STDOUT] [io.papermc.paper.util.PapoTickProfile] PapoTickProfile.count rs.fluidTickRuns           total=     71 avg/tick=    0.2
[00:42:45] [Server thread/INFO]: [STDOUT] [io.papermc.paper.util.PapoTickProfile] PapoTickProfile.count rs.wireEvalNoChange        total= 352800 avg/tick=  882.0
[00:42:45] [Server thread/INFO]: [STDOUT] [io.papermc.paper.util.PapoTickProfile] PapoTickProfile.count rs.wireEvalRuns            total=1852200 avg/tick= 4630.5
[00:42:45] [Server thread/INFO]: [STDOUT] [io.papermc.paper.util.PapoTickProfile] PapoTickProfile.count rs.wireEvalSkipped         total=10495800 avg/tick=26239.5
[00:43:05] [Server thread/INFO]: [STDOUT] [io.papermc.paper.util.PapoTickProfile] PapoTickProfile window=400ticks totalWallMs=19999 measuredMs=19430
[00:43:05] [Server thread/INFO]: [STDOUT] [io.papermc.paper.util.PapoTickProfile] PapoTickProfile.phase worlds                     total= 6496.6ms avg/tick=16241.4us share= 33.4% n=400
[00:43:05] [Server thread/INFO]: [STDOUT] [io.papermc.paper.util.PapoTickProfile] PapoTickProfile.phase level.tickPending+misc     total= 6376.1ms avg/tick=15940.2us share= 32.8% n=1200
[00:43:05] [Server thread/INFO]: [STDOUT] [io.papermc.paper.util.PapoTickProfile] PapoTickProfile.phase level.blockTicks           total= 6027.5ms avg/tick=15068.9us share= 31.0% n=1200
[00:43:05] [Server thread/INFO]: [STDOUT] [io.papermc.paper.util.PapoTickProfile] PapoTickProfile.phase level.chunkSource          total=  345.5ms avg/tick=  863.7us share=  1.8% n=1200
[00:43:05] [Server thread/INFO]: [STDOUT] [io.papermc.paper.util.PapoTickProfile] PapoTickProfile.phase level.entities             total=  116.0ms avg/tick=  290.0us share=  0.6% n=1200
[00:43:05] [Server thread/INFO]: [STDOUT] [io.papermc.paper.util.PapoTickProfile] PapoTickProfile.phase connection                 total=   47.6ms avg/tick=  119.0us share=  0.2% n=400
[00:43:05] [Server thread/INFO]: [STDOUT] [io.papermc.paper.util.PapoTickProfile] PapoTickProfile.phase sendChunks                 total=   18.6ms avg/tick=   46.6us share=  0.1% n=400
[00:43:05] [Server thread/INFO]: [STDOUT] [io.papermc.paper.util.PapoTickProfile] PapoTickProfile.phase level.fluidTicks           total=    2.0ms avg/tick=    5.0us share=  0.0% n=1200
[00:43:05] [Server thread/INFO]: [STDOUT] [io.papermc.paper.util.PapoTickProfile] PapoTickProfile.phase functions                  total=    0.5ms avg/tick=    1.3us share=  0.0% n=400
[00:43:05] [Server thread/INFO]: [STDOUT] [io.papermc.paper.util.PapoTickProfile] PapoTickProfile.phase level.blockEvents          total=    0.4ms avg/tick=    1.0us share=  0.0% n=1200
[00:43:05] [Server thread/INFO]: [STDOUT] [io.papermc.paper.util.PapoTickProfile] PapoTickProfile.phase players                    total=    0.1ms avg/tick=    0.2us share=  0.0% n=400
[00:43:05] [Server thread/INFO]: [STDOUT] [io.papermc.paper.util.PapoTickProfile] PapoTickProfile.count rs.blockTickRuns           total= 176400 avg/tick=  441.0
[00:43:05] [Server thread/INFO]: [STDOUT] [io.papermc.paper.util.PapoTickProfile] PapoTickProfile.count rs.fluidTickRuns           total=     76 avg/tick=    0.2
[00:43:05] [Server thread/INFO]: [STDOUT] [io.papermc.paper.util.PapoTickProfile] PapoTickProfile.count rs.wireEvalNoChange        total= 352800 avg/tick=  882.0
[00:43:05] [Server thread/INFO]: [STDOUT] [io.papermc.paper.util.PapoTickProfile] PapoTickProfile.count rs.wireEvalRuns            total=1852200 avg/tick= 4630.5
[00:43:05] [Server thread/INFO]: [STDOUT] [io.papermc.paper.util.PapoTickProfile] PapoTickProfile.count rs.wireEvalSkipped         total=10495800 avg/tick=26239.5
[00:43:25] [Server thread/INFO]: [STDOUT] [io.papermc.paper.util.PapoTickProfile] PapoTickProfile window=400ticks totalWallMs=20000 measuredMs=19642
[00:43:25] [Server thread/INFO]: [STDOUT] [io.papermc.paper.util.PapoTickProfile] PapoTickProfile.phase worlds                     total= 6566.7ms avg/tick=16416.8us share= 33.4% n=400
[00:43:25] [Server thread/INFO]: [STDOUT] [io.papermc.paper.util.PapoTickProfile] PapoTickProfile.phase level.tickPending+misc     total= 6445.9ms avg/tick=16114.8us share= 32.8% n=1200
[00:43:25] [Server thread/INFO]: [STDOUT] [io.papermc.paper.util.PapoTickProfile] PapoTickProfile.phase level.blockTicks           total= 6087.1ms avg/tick=15217.7us share= 31.0% n=1200
[00:43:25] [Server thread/INFO]: [STDOUT] [io.papermc.paper.util.PapoTickProfile] PapoTickProfile.phase level.chunkSource          total=  355.8ms avg/tick=  889.5us share=  1.8% n=1200
[00:43:25] [Server thread/INFO]: [STDOUT] [io.papermc.paper.util.PapoTickProfile] PapoTickProfile.phase level.entities             total=  116.5ms avg/tick=  291.2us share=  0.6% n=1200
[00:43:25] [Server thread/INFO]: [STDOUT] [io.papermc.paper.util.PapoTickProfile] PapoTickProfile.phase connection                 total=   47.8ms avg/tick=  119.5us share=  0.2% n=400
[00:43:25] [Server thread/INFO]: [STDOUT] [io.papermc.paper.util.PapoTickProfile] PapoTickProfile.phase sendChunks                 total=   19.2ms avg/tick=   47.9us share=  0.1% n=400
[00:43:25] [Server thread/INFO]: [STDOUT] [io.papermc.paper.util.PapoTickProfile] PapoTickProfile.phase level.fluidTicks           total=    1.9ms avg/tick=    4.8us share=  0.0% n=1200
[00:43:25] [Server thread/INFO]: [STDOUT] [io.papermc.paper.util.PapoTickProfile] PapoTickProfile.phase functions                  total=    0.5ms avg/tick=    1.3us share=  0.0% n=400
[00:43:25] [Server thread/INFO]: [STDOUT] [io.papermc.paper.util.PapoTickProfile] PapoTickProfile.phase level.blockEvents          total=    0.4ms avg/tick=    1.0us share=  0.0% n=1200
[00:43:25] [Server thread/INFO]: [STDOUT] [io.papermc.paper.util.PapoTickProfile] PapoTickProfile.phase players                    total=    0.3ms avg/tick=    0.7us share=  0.0% n=400
[00:43:25] [Server thread/INFO]: [STDOUT] [io.papermc.paper.util.PapoTickProfile] PapoTickProfile.count rs.blockTickRuns           total= 176400 avg/tick=  441.0
[00:43:25] [Server thread/INFO]: [STDOUT] [io.papermc.paper.util.PapoTickProfile] PapoTickProfile.count rs.fluidTickRuns           total=     68 avg/tick=    0.2
[00:43:25] [Server thread/INFO]: [STDOUT] [io.papermc.paper.util.PapoTickProfile] PapoTickProfile.count rs.wireEvalNoChange        total= 352800 avg/tick=  882.0
[00:43:25] [Server thread/INFO]: [STDOUT] [io.papermc.paper.util.PapoTickProfile] PapoTickProfile.count rs.wireEvalRuns            total=1852200 avg/tick= 4630.5
[00:43:25] [Server thread/INFO]: [STDOUT] [io.papermc.paper.util.PapoTickProfile] PapoTickProfile.count rs.wireEvalSkipped         total=10495800 avg/tick=26239.5
[00:43:45] [Server thread/INFO]: [STDOUT] [io.papermc.paper.util.PapoTickProfile] PapoTickProfile window=400ticks totalWallMs=20000 measuredMs=21636
[00:43:45] [Server thread/INFO]: [STDOUT] [io.papermc.paper.util.PapoTickProfile] PapoTickProfile.phase worlds                     total= 7233.7ms avg/tick=18084.3us share= 33.4% n=400
[00:43:45] [Server thread/INFO]: [STDOUT] [io.papermc.paper.util.PapoTickProfile] PapoTickProfile.phase level.tickPending+misc     total= 7098.0ms avg/tick=17744.9us share= 32.8% n=1200
[00:43:45] [Server thread/INFO]: [STDOUT] [io.papermc.paper.util.PapoTickProfile] PapoTickProfile.phase level.blockTicks           total= 6702.6ms avg/tick=16756.4us share= 31.0% n=1200
[00:43:45] [Server thread/INFO]: [STDOUT] [io.papermc.paper.util.PapoTickProfile] PapoTickProfile.phase level.chunkSource          total=  392.2ms avg/tick=  980.5us share=  1.8% n=1200
[00:43:45] [Server thread/INFO]: [STDOUT] [io.papermc.paper.util.PapoTickProfile] PapoTickProfile.phase level.entities             total=  131.4ms avg/tick=  328.4us share=  0.6% n=1200
[00:43:45] [Server thread/INFO]: [STDOUT] [io.papermc.paper.util.PapoTickProfile] PapoTickProfile.phase connection                 total=   52.9ms avg/tick=  132.3us share=  0.2% n=400
[00:43:45] [Server thread/INFO]: [STDOUT] [io.papermc.paper.util.PapoTickProfile] PapoTickProfile.phase sendChunks                 total=   21.8ms avg/tick=   54.6us share=  0.1% n=400
[00:43:45] [Server thread/INFO]: [STDOUT] [io.papermc.paper.util.PapoTickProfile] PapoTickProfile.phase level.fluidTicks           total=    2.0ms avg/tick=    5.1us share=  0.0% n=1200
[00:43:45] [Server thread/INFO]: [STDOUT] [io.papermc.paper.util.PapoTickProfile] PapoTickProfile.phase functions                  total=    0.7ms avg/tick=    1.8us share=  0.0% n=400
[00:43:45] [Server thread/INFO]: [STDOUT] [io.papermc.paper.util.PapoTickProfile] PapoTickProfile.phase level.blockEvents          total=    0.4ms avg/tick=    1.1us share=  0.0% n=1200
[00:43:45] [Server thread/INFO]: [STDOUT] [io.papermc.paper.util.PapoTickProfile] PapoTickProfile.phase players                    total=    0.2ms avg/tick=    0.6us share=  0.0% n=400
[00:43:45] [Server thread/INFO]: [STDOUT] [io.papermc.paper.util.PapoTickProfile] PapoTickProfile.count rs.blockTickRuns           total= 176400 avg/tick=  441.0
[00:43:45] [Server thread/INFO]: [STDOUT] [io.papermc.paper.util.PapoTickProfile] PapoTickProfile.count rs.fluidTickRuns           total=     36 avg/tick=    0.1
[00:43:45] [Server thread/INFO]: [STDOUT] [io.papermc.paper.util.PapoTickProfile] PapoTickProfile.count rs.wireEvalNoChange        total= 352800 avg/tick=  882.0
[00:43:45] [Server thread/INFO]: [STDOUT] [io.papermc.paper.util.PapoTickProfile] PapoTickProfile.count rs.wireEvalRuns            total=1852200 avg/tick= 4630.5
[00:43:45] [Server thread/INFO]: [STDOUT] [io.papermc.paper.util.PapoTickProfile] PapoTickProfile.count rs.wireEvalSkipped         total=10495800 avg/tick=26239.5
[00:44:05] [Server thread/INFO]: [STDOUT] [io.papermc.paper.util.PapoTickProfile] PapoTickProfile window=400ticks totalWallMs=20059 measuredMs=21428
[00:44:05] [Server thread/INFO]: [STDOUT] [io.papermc.paper.util.PapoTickProfile] PapoTickProfile.phase worlds                     total= 7162.7ms avg/tick=17906.8us share= 33.4% n=400
[00:44:05] [Server thread/INFO]: [STDOUT] [io.papermc.paper.util.PapoTickProfile] PapoTickProfile.phase level.tickPending+misc     total= 7033.8ms avg/tick=17584.6us share= 32.8% n=1200
[00:44:05] [Server thread/INFO]: [STDOUT] [io.papermc.paper.util.PapoTickProfile] PapoTickProfile.phase level.blockTicks           total= 6634.5ms avg/tick=16586.1us share= 31.0% n=1200
[00:44:05] [Server thread/INFO]: [STDOUT] [io.papermc.paper.util.PapoTickProfile] PapoTickProfile.phase level.chunkSource          total=  396.4ms avg/tick=  991.0us share=  1.8% n=1200
[00:44:05] [Server thread/INFO]: [STDOUT] [io.papermc.paper.util.PapoTickProfile] PapoTickProfile.phase level.entities             total=  124.7ms avg/tick=  311.8us share=  0.6% n=1200
[00:44:05] [Server thread/INFO]: [STDOUT] [io.papermc.paper.util.PapoTickProfile] PapoTickProfile.phase connection                 total=   51.7ms avg/tick=  129.2us share=  0.2% n=400
[00:44:05] [Server thread/INFO]: [STDOUT] [io.papermc.paper.util.PapoTickProfile] PapoTickProfile.phase sendChunks                 total=   21.4ms avg/tick=   53.4us share=  0.1% n=400
[00:44:05] [Server thread/INFO]: [STDOUT] [io.papermc.paper.util.PapoTickProfile] PapoTickProfile.phase level.fluidTicks           total=    1.8ms avg/tick=    4.6us share=  0.0% n=1200
[00:44:05] [Server thread/INFO]: [STDOUT] [io.papermc.paper.util.PapoTickProfile] PapoTickProfile.phase functions                  total=    1.0ms avg/tick=    2.4us share=  0.0% n=400
[00:44:05] [Server thread/INFO]: [STDOUT] [io.papermc.paper.util.PapoTickProfile] PapoTickProfile.phase level.blockEvents          total=    0.4ms avg/tick=    1.1us share=  0.0% n=1200
[00:44:05] [Server thread/INFO]: [STDOUT] [io.papermc.paper.util.PapoTickProfile] PapoTickProfile.phase players                    total=    0.1ms avg/tick=    0.2us share=  0.0% n=400
[00:44:05] [Server thread/INFO]: [STDOUT] [io.papermc.paper.util.PapoTickProfile] PapoTickProfile.count rs.blockTickRuns           total= 176400 avg/tick=  441.0
[00:44:05] [Server thread/INFO]: [STDOUT] [io.papermc.paper.util.PapoTickProfile] PapoTickProfile.count rs.fluidTickRuns           total=     36 avg/tick=    0.1
[00:44:05] [Server thread/INFO]: [STDOUT] [io.papermc.paper.util.PapoTickProfile] PapoTickProfile.count rs.wireEvalNoChange        total= 352800 avg/tick=  882.0
[00:44:05] [Server thread/INFO]: [STDOUT] [io.papermc.paper.util.PapoTickProfile] PapoTickProfile.count rs.wireEvalRuns            total=1852200 avg/tick= 4630.5
[00:44:05] [Server thread/INFO]: [STDOUT] [io.papermc.paper.util.PapoTickProfile] PapoTickProfile.count rs.wireEvalSkipped         total=10495800 avg/tick=26239.5
[00:44:25] [Server thread/INFO]: [STDOUT] [io.papermc.paper.util.PapoTickProfile] PapoTickProfile window=400ticks totalWallMs=19940 measuredMs=22371
[00:44:25] [Server thread/INFO]: [STDOUT] [io.papermc.paper.util.PapoTickProfile] PapoTickProfile.phase worlds                     total= 7477.4ms avg/tick=18693.6us share= 33.4% n=400
[00:44:25] [Server thread/INFO]: [STDOUT] [io.papermc.paper.util.PapoTickProfile] PapoTickProfile.phase level.tickPending+misc     total= 7344.7ms avg/tick=18361.7us share= 32.8% n=1200
[00:44:25] [Server thread/INFO]: [STDOUT] [io.papermc.paper.util.PapoTickProfile] PapoTickProfile.phase level.blockTicks           total= 6892.4ms avg/tick=17231.1us share= 30.8% n=1200
[00:44:25] [Server thread/INFO]: [STDOUT] [io.papermc.paper.util.PapoTickProfile] PapoTickProfile.phase level.chunkSource          total=  449.2ms avg/tick= 1123.1us share=  2.0% n=1200
[00:44:25] [Server thread/INFO]: [STDOUT] [io.papermc.paper.util.PapoTickProfile] PapoTickProfile.phase level.entities             total=  128.4ms avg/tick=  321.1us share=  0.6% n=1200
[00:44:25] [Server thread/INFO]: [STDOUT] [io.papermc.paper.util.PapoTickProfile] PapoTickProfile.phase connection                 total=   53.5ms avg/tick=  133.8us share=  0.2% n=400
[00:44:25] [Server thread/INFO]: [STDOUT] [io.papermc.paper.util.PapoTickProfile] PapoTickProfile.phase sendChunks                 total=   22.1ms avg/tick=   55.3us share=  0.1% n=400
[00:44:25] [Server thread/INFO]: [STDOUT] [io.papermc.paper.util.PapoTickProfile] PapoTickProfile.phase level.fluidTicks           total=    1.9ms avg/tick=    4.7us share=  0.0% n=1200
[00:44:25] [Server thread/INFO]: [STDOUT] [io.papermc.paper.util.PapoTickProfile] PapoTickProfile.phase functions                  total=    1.0ms avg/tick=    2.5us share=  0.0% n=400
[00:44:25] [Server thread/INFO]: [STDOUT] [io.papermc.paper.util.PapoTickProfile] PapoTickProfile.phase level.blockEvents          total=    0.4ms avg/tick=    1.1us share=  0.0% n=1200
[00:44:25] [Server thread/INFO]: [STDOUT] [io.papermc.paper.util.PapoTickProfile] PapoTickProfile.phase players                    total=    0.3ms avg/tick=    0.7us share=  0.0% n=400
[00:44:25] [Server thread/INFO]: [STDOUT] [io.papermc.paper.util.PapoTickProfile] PapoTickProfile.count rs.blockTickRuns           total= 176400 avg/tick=  441.0
[00:44:25] [Server thread/INFO]: [STDOUT] [io.papermc.paper.util.PapoTickProfile] PapoTickProfile.count rs.fluidTickRuns           total=     67 avg/tick=    0.2
[00:44:25] [Server thread/INFO]: [STDOUT] [io.papermc.paper.util.PapoTickProfile] PapoTickProfile.count rs.wireEvalNoChange        total= 352800 avg/tick=  882.0
[00:44:25] [Server thread/INFO]: [STDOUT] [io.papermc.paper.util.PapoTickProfile] PapoTickProfile.count rs.wireEvalRuns            total=1852200 avg/tick= 4630.5
[00:44:25] [Server thread/INFO]: [STDOUT] [io.papermc.paper.util.PapoTickProfile] PapoTickProfile.count rs.wireEvalSkipped         total=10495800 avg/tick=26239.5
[00:44:45] [Server thread/INFO]: [STDOUT] [io.papermc.paper.util.PapoTickProfile] PapoTickProfile window=400ticks totalWallMs=20000 measuredMs=19806
[00:44:45] [Server thread/INFO]: [STDOUT] [io.papermc.paper.util.PapoTickProfile] PapoTickProfile.phase worlds                     total= 6628.5ms avg/tick=16571.3us share= 33.5% n=400
[00:44:45] [Server thread/INFO]: [STDOUT] [io.papermc.paper.util.PapoTickProfile] PapoTickProfile.phase level.tickPending+misc     total= 6486.6ms avg/tick=16216.5us share= 32.7% n=1200
[00:44:45] [Server thread/INFO]: [STDOUT] [io.papermc.paper.util.PapoTickProfile] PapoTickProfile.phase level.blockTicks           total= 6120.8ms avg/tick=15302.1us share= 30.9% n=1200
[00:44:45] [Server thread/INFO]: [STDOUT] [io.papermc.paper.util.PapoTickProfile] PapoTickProfile.phase level.chunkSource          total=  362.9ms avg/tick=  907.3us share=  1.8% n=1200
[00:44:45] [Server thread/INFO]: [STDOUT] [io.papermc.paper.util.PapoTickProfile] PapoTickProfile.phase level.entities             total=  137.8ms avg/tick=  344.5us share=  0.7% n=1200
[00:44:45] [Server thread/INFO]: [STDOUT] [io.papermc.paper.util.PapoTickProfile] PapoTickProfile.phase connection                 total=   46.8ms avg/tick=  117.1us share=  0.2% n=400
[00:44:45] [Server thread/INFO]: [STDOUT] [io.papermc.paper.util.PapoTickProfile] PapoTickProfile.phase sendChunks                 total=   20.0ms avg/tick=   49.9us share=  0.1% n=400
[00:44:45] [Server thread/INFO]: [STDOUT] [io.papermc.paper.util.PapoTickProfile] PapoTickProfile.phase level.fluidTicks           total=    1.8ms avg/tick=    4.4us share=  0.0% n=1200
[00:44:45] [Server thread/INFO]: [STDOUT] [io.papermc.paper.util.PapoTickProfile] PapoTickProfile.phase functions                  total=    1.1ms avg/tick=    2.8us share=  0.0% n=400
[00:44:45] [Server thread/INFO]: [STDOUT] [io.papermc.paper.util.PapoTickProfile] PapoTickProfile.phase level.blockEvents          total=    0.4ms avg/tick=    1.0us share=  0.0% n=1200
[00:44:45] [Server thread/INFO]: [STDOUT] [io.papermc.paper.util.PapoTickProfile] PapoTickProfile.phase players                    total=    0.2ms avg/tick=    0.6us share=  0.0% n=400
[00:44:45] [Server thread/INFO]: [STDOUT] [io.papermc.paper.util.PapoTickProfile] PapoTickProfile.count rs.blockTickRuns           total= 176400 avg/tick=  441.0
[00:44:45] [Server thread/INFO]: [STDOUT] [io.papermc.paper.util.PapoTickProfile] PapoTickProfile.count rs.fluidTickRuns           total=     55 avg/tick=    0.1
[00:44:45] [Server thread/INFO]: [STDOUT] [io.papermc.paper.util.PapoTickProfile] PapoTickProfile.count rs.wireEvalNoChange        total= 352800 avg/tick=  882.0
[00:44:45] [Server thread/INFO]: [STDOUT] [io.papermc.paper.util.PapoTickProfile] PapoTickProfile.count rs.wireEvalRuns            total=1852200 avg/tick= 4630.5
[00:44:45] [Server thread/INFO]: [STDOUT] [io.papermc.paper.util.PapoTickProfile] PapoTickProfile.count rs.wireEvalSkipped         total=10495800 avg/tick=26239.5
[00:45:05] [Server thread/INFO]: [STDOUT] [io.papermc.paper.util.PapoTickProfile] PapoTickProfile window=400ticks totalWallMs=19999 measuredMs=19636
[00:45:05] [Server thread/INFO]: [STDOUT] [io.papermc.paper.util.PapoTickProfile] PapoTickProfile.phase worlds                     total= 6549.6ms avg/tick=16374.0us share= 33.4% n=400
[00:45:05] [Server thread/INFO]: [STDOUT] [io.papermc.paper.util.PapoTickProfile] PapoTickProfile.phase level.tickPending+misc     total= 6427.9ms avg/tick=16069.8us share= 32.7% n=1200
[00:45:05] [Server thread/INFO]: [STDOUT] [io.papermc.paper.util.PapoTickProfile] PapoTickProfile.phase level.blockTicks           total= 6070.5ms avg/tick=15176.2us share= 30.9% n=1200
[00:45:05] [Server thread/INFO]: [STDOUT] [io.papermc.paper.util.PapoTickProfile] PapoTickProfile.phase level.chunkSource          total=  354.7ms avg/tick=  886.7us share=  1.8% n=1200
[00:45:05] [Server thread/INFO]: [STDOUT] [io.papermc.paper.util.PapoTickProfile] PapoTickProfile.phase level.entities             total=  117.6ms avg/tick=  294.1us share=  0.6% n=1200
[00:45:05] [Server thread/INFO]: [STDOUT] [io.papermc.paper.util.PapoTickProfile] PapoTickProfile.phase connection                 total=   94.3ms avg/tick=  235.9us share=  0.5% n=400
[00:45:05] [Server thread/INFO]: [STDOUT] [io.papermc.paper.util.PapoTickProfile] PapoTickProfile.phase sendChunks                 total=   18.7ms avg/tick=   46.7us share=  0.1% n=400
[00:45:05] [Server thread/INFO]: [STDOUT] [io.papermc.paper.util.PapoTickProfile] PapoTickProfile.phase level.fluidTicks           total=    1.7ms avg/tick=    4.2us share=  0.0% n=1200
[00:45:05] [Server thread/INFO]: [STDOUT] [io.papermc.paper.util.PapoTickProfile] PapoTickProfile.phase functions                  total=    0.5ms avg/tick=    1.3us share=  0.0% n=400
[00:45:05] [Server thread/INFO]: [STDOUT] [io.papermc.paper.util.PapoTickProfile] PapoTickProfile.phase level.blockEvents          total=    0.4ms avg/tick=    1.0us share=  0.0% n=1200
[00:45:05] [Server thread/INFO]: [STDOUT] [io.papermc.paper.util.PapoTickProfile] PapoTickProfile.phase players                    total=    0.1ms avg/tick=    0.1us share=  0.0% n=400
[00:45:05] [Server thread/INFO]: [STDOUT] [io.papermc.paper.util.PapoTickProfile] PapoTickProfile.count rs.blockTickRuns           total= 176400 avg/tick=  441.0
[00:45:05] [Server thread/INFO]: [STDOUT] [io.papermc.paper.util.PapoTickProfile] PapoTickProfile.count rs.fluidTickRuns           total=     44 avg/tick=    0.1
[00:45:05] [Server thread/INFO]: [STDOUT] [io.papermc.paper.util.PapoTickProfile] PapoTickProfile.count rs.wireEvalNoChange        total= 352800 avg/tick=  882.0
[00:45:05] [Server thread/INFO]: [STDOUT] [io.papermc.paper.util.PapoTickProfile] PapoTickProfile.count rs.wireEvalRuns            total=1852200 avg/tick= 4630.5
[00:45:05] [Server thread/INFO]: [STDOUT] [io.papermc.paper.util.PapoTickProfile] PapoTickProfile.count rs.wireEvalSkipped         total=10495800 avg/tick=26239.5
[00:45:25] [Server thread/INFO]: [STDOUT] [io.papermc.paper.util.PapoTickProfile] PapoTickProfile window=400ticks totalWallMs=20000 measuredMs=19519
[00:45:25] [Server thread/INFO]: [STDOUT] [io.papermc.paper.util.PapoTickProfile] PapoTickProfile.phase worlds                     total= 6526.7ms avg/tick=16316.8us share= 33.4% n=400
[00:45:25] [Server thread/INFO]: [STDOUT] [io.papermc.paper.util.PapoTickProfile] PapoTickProfile.phase level.tickPending+misc     total= 6404.5ms avg/tick=16011.2us share= 32.8% n=1200
[00:45:25] [Server thread/INFO]: [STDOUT] [io.papermc.paper.util.PapoTickProfile] PapoTickProfile.phase level.blockTicks           total= 6037.6ms avg/tick=15094.0us share= 30.9% n=1200
[00:45:25] [Server thread/INFO]: [STDOUT] [io.papermc.paper.util.PapoTickProfile] PapoTickProfile.phase level.chunkSource          total=  364.1ms avg/tick=  910.3us share=  1.9% n=1200
[00:45:25] [Server thread/INFO]: [STDOUT] [io.papermc.paper.util.PapoTickProfile] PapoTickProfile.phase level.entities             total=  118.0ms avg/tick=  295.0us share=  0.6% n=1200
[00:45:25] [Server thread/INFO]: [STDOUT] [io.papermc.paper.util.PapoTickProfile] PapoTickProfile.phase connection                 total=   46.4ms avg/tick=  116.1us share=  0.2% n=400
[00:45:25] [Server thread/INFO]: [STDOUT] [io.papermc.paper.util.PapoTickProfile] PapoTickProfile.phase sendChunks                 total=   19.3ms avg/tick=   48.1us share=  0.1% n=400
[00:45:25] [Server thread/INFO]: [STDOUT] [io.papermc.paper.util.PapoTickProfile] PapoTickProfile.phase level.fluidTicks           total=    1.7ms avg/tick=    4.2us share=  0.0% n=1200
[00:45:25] [Server thread/INFO]: [STDOUT] [io.papermc.paper.util.PapoTickProfile] PapoTickProfile.phase functions                  total=    0.6ms avg/tick=    1.4us share=  0.0% n=400
[00:45:25] [Server thread/INFO]: [STDOUT] [io.papermc.paper.util.PapoTickProfile] PapoTickProfile.phase level.blockEvents          total=    0.4ms avg/tick=    1.1us share=  0.0% n=1200
[00:45:25] [Server thread/INFO]: [STDOUT] [io.papermc.paper.util.PapoTickProfile] PapoTickProfile.phase players                    total=    0.2ms avg/tick=    0.5us share=  0.0% n=400
[00:45:25] [Server thread/INFO]: [STDOUT] [io.papermc.paper.util.PapoTickProfile] PapoTickProfile.count rs.blockTickRuns           total= 176400 avg/tick=  441.0
[00:45:25] [Server thread/INFO]: [STDOUT] [io.papermc.paper.util.PapoTickProfile] PapoTickProfile.count rs.fluidTickRuns           total=     44 avg/tick=    0.1
[00:45:25] [Server thread/INFO]: [STDOUT] [io.papermc.paper.util.PapoTickProfile] PapoTickProfile.count rs.wireEvalNoChange        total= 352800 avg/tick=  882.0
[00:45:25] [Server thread/INFO]: [STDOUT] [io.papermc.paper.util.PapoTickProfile] PapoTickProfile.count rs.wireEvalRuns            total=1852200 avg/tick= 4630.5
[00:45:25] [Server thread/INFO]: [STDOUT] [io.papermc.paper.util.PapoTickProfile] PapoTickProfile.count rs.wireEvalSkipped         total=10495800 avg/tick=26239.5
[00:45:45] [Server thread/INFO]: [STDOUT] [io.papermc.paper.util.PapoTickProfile] PapoTickProfile window=400ticks totalWallMs=19999 measuredMs=19440
[00:45:45] [Server thread/INFO]: [STDOUT] [io.papermc.paper.util.PapoTickProfile] PapoTickProfile.phase worlds                     total= 6501.2ms avg/tick=16253.1us share= 33.4% n=400
[00:45:45] [Server thread/INFO]: [STDOUT] [io.papermc.paper.util.PapoTickProfile] PapoTickProfile.phase level.tickPending+misc     total= 6376.3ms avg/tick=15940.8us share= 32.8% n=1200
[00:45:45] [Server thread/INFO]: [STDOUT] [io.papermc.paper.util.PapoTickProfile] PapoTickProfile.phase level.blockTicks           total= 6028.3ms avg/tick=15070.7us share= 31.0% n=1200
[00:45:45] [Server thread/INFO]: [STDOUT] [io.papermc.paper.util.PapoTickProfile] PapoTickProfile.phase level.chunkSource          total=  345.3ms avg/tick=  863.2us share=  1.8% n=1200
[00:45:45] [Server thread/INFO]: [STDOUT] [io.papermc.paper.util.PapoTickProfile] PapoTickProfile.phase level.entities             total=  121.0ms avg/tick=  302.4us share=  0.6% n=1200
[00:45:45] [Server thread/INFO]: [STDOUT] [io.papermc.paper.util.PapoTickProfile] PapoTickProfile.phase connection                 total=   46.3ms avg/tick=  115.7us share=  0.2% n=400
[00:45:45] [Server thread/INFO]: [STDOUT] [io.papermc.paper.util.PapoTickProfile] PapoTickProfile.phase sendChunks                 total=   19.2ms avg/tick=   48.0us share=  0.1% n=400
[00:45:45] [Server thread/INFO]: [STDOUT] [io.papermc.paper.util.PapoTickProfile] PapoTickProfile.phase level.fluidTicks           total=    1.6ms avg/tick=    4.0us share=  0.0% n=1200
[00:45:45] [Server thread/INFO]: [STDOUT] [io.papermc.paper.util.PapoTickProfile] PapoTickProfile.phase functions                  total=    0.7ms avg/tick=    1.7us share=  0.0% n=400
[00:45:45] [Server thread/INFO]: [STDOUT] [io.papermc.paper.util.PapoTickProfile] PapoTickProfile.phase level.blockEvents          total=    0.4ms avg/tick=    1.1us share=  0.0% n=1200
[00:45:45] [Server thread/INFO]: [STDOUT] [io.papermc.paper.util.PapoTickProfile] PapoTickProfile.phase players                    total=    0.2ms avg/tick=    0.5us share=  0.0% n=400
[00:45:45] [Server thread/INFO]: [STDOUT] [io.papermc.paper.util.PapoTickProfile] PapoTickProfile.count rs.blockTickRuns           total= 176400 avg/tick=  441.0
[00:45:45] [Server thread/INFO]: [STDOUT] [io.papermc.paper.util.PapoTickProfile] PapoTickProfile.count rs.fluidTickRuns           total=     55 avg/tick=    0.1
[00:45:45] [Server thread/INFO]: [STDOUT] [io.papermc.paper.util.PapoTickProfile] PapoTickProfile.count rs.wireEvalNoChange        total= 352800 avg/tick=  882.0
[00:45:45] [Server thread/INFO]: [STDOUT] [io.papermc.paper.util.PapoTickProfile] PapoTickProfile.count rs.wireEvalRuns            total=1852200 avg/tick= 4630.5
[00:45:45] [Server thread/INFO]: [STDOUT] [io.papermc.paper.util.PapoTickProfile] PapoTickProfile.count rs.wireEvalSkipped         total=10495800 avg/tick=26239.5
[00:46:05] [Server thread/INFO]: [STDOUT] [io.papermc.paper.util.PapoTickProfile] PapoTickProfile window=400ticks totalWallMs=19999 measuredMs=19521
[00:46:05] [Server thread/INFO]: [STDOUT] [io.papermc.paper.util.PapoTickProfile] PapoTickProfile.phase worlds                     total= 6527.9ms avg/tick=16319.9us share= 33.4% n=400
[00:46:05] [Server thread/INFO]: [STDOUT] [io.papermc.paper.util.PapoTickProfile] PapoTickProfile.phase level.tickPending+misc     total= 6403.7ms avg/tick=16009.2us share= 32.8% n=1200
[00:46:05] [Server thread/INFO]: [STDOUT] [io.papermc.paper.util.PapoTickProfile] PapoTickProfile.phase level.blockTicks           total= 6045.2ms avg/tick=15113.1us share= 31.0% n=1200
[00:46:05] [Server thread/INFO]: [STDOUT] [io.papermc.paper.util.PapoTickProfile] PapoTickProfile.phase level.chunkSource          total=  355.7ms avg/tick=  889.2us share=  1.8% n=1200
[00:46:05] [Server thread/INFO]: [STDOUT] [io.papermc.paper.util.PapoTickProfile] PapoTickProfile.phase level.entities             total=  119.8ms avg/tick=  299.4us share=  0.6% n=1200
[00:46:05] [Server thread/INFO]: [STDOUT] [io.papermc.paper.util.PapoTickProfile] PapoTickProfile.phase connection                 total=   47.4ms avg/tick=  118.5us share=  0.2% n=400
[00:46:05] [Server thread/INFO]: [STDOUT] [io.papermc.paper.util.PapoTickProfile] PapoTickProfile.phase sendChunks                 total=   19.0ms avg/tick=   47.4us share=  0.1% n=400
[00:46:05] [Server thread/INFO]: [STDOUT] [io.papermc.paper.util.PapoTickProfile] PapoTickProfile.phase level.fluidTicks           total=    1.6ms avg/tick=    4.0us share=  0.0% n=1200
[00:46:05] [Server thread/INFO]: [STDOUT] [io.papermc.paper.util.PapoTickProfile] PapoTickProfile.phase functions                  total=    0.5ms avg/tick=    1.4us share=  0.0% n=400
[00:46:05] [Server thread/INFO]: [STDOUT] [io.papermc.paper.util.PapoTickProfile] PapoTickProfile.phase level.blockEvents          total=    0.4ms avg/tick=    1.1us share=  0.0% n=1200
[00:46:05] [Server thread/INFO]: [STDOUT] [io.papermc.paper.util.PapoTickProfile] PapoTickProfile.phase players                    total=    0.1ms avg/tick=    0.1us share=  0.0% n=400
[00:46:05] [Server thread/INFO]: [STDOUT] [io.papermc.paper.util.PapoTickProfile] PapoTickProfile.count rs.blockTickRuns           total= 176400 avg/tick=  441.0
[00:46:05] [Server thread/INFO]: [STDOUT] [io.papermc.paper.util.PapoTickProfile] PapoTickProfile.count rs.fluidTickRuns           total=     47 avg/tick=    0.1
[00:46:05] [Server thread/INFO]: [STDOUT] [io.papermc.paper.util.PapoTickProfile] PapoTickProfile.count rs.wireEvalNoChange        total= 352800 avg/tick=  882.0
[00:46:05] [Server thread/INFO]: [STDOUT] [io.papermc.paper.util.PapoTickProfile] PapoTickProfile.count rs.wireEvalRuns            total=1852200 avg/tick= 4630.5
[00:46:05] [Server thread/INFO]: [STDOUT] [io.papermc.paper.util.PapoTickProfile] PapoTickProfile.count rs.wireEvalSkipped         total=10495800 avg/tick=26239.5
[00:46:25] [Server thread/INFO]: [STDOUT] [io.papermc.paper.util.PapoTickProfile] PapoTickProfile window=400ticks totalWallMs=19999 measuredMs=19496
[00:46:25] [Server thread/INFO]: [STDOUT] [io.papermc.paper.util.PapoTickProfile] PapoTickProfile.phase worlds                     total= 6519.1ms avg/tick=16297.7us share= 33.4% n=400
[00:46:25] [Server thread/INFO]: [STDOUT] [io.papermc.paper.util.PapoTickProfile] PapoTickProfile.phase level.tickPending+misc     total= 6394.7ms avg/tick=15986.7us share= 32.8% n=1200
[00:46:25] [Server thread/INFO]: [STDOUT] [io.papermc.paper.util.PapoTickProfile] PapoTickProfile.phase level.blockTicks           total= 6023.9ms avg/tick=15059.9us share= 30.9% n=1200
[00:46:25] [Server thread/INFO]: [STDOUT] [io.papermc.paper.util.PapoTickProfile] PapoTickProfile.phase level.chunkSource          total=  368.0ms avg/tick=  919.9us share=  1.9% n=1200
[00:46:25] [Server thread/INFO]: [STDOUT] [io.papermc.paper.util.PapoTickProfile] PapoTickProfile.phase level.entities             total=  120.0ms avg/tick=  300.1us share=  0.6% n=1200
[00:46:25] [Server thread/INFO]: [STDOUT] [io.papermc.paper.util.PapoTickProfile] PapoTickProfile.phase connection                 total=   48.6ms avg/tick=  121.6us share=  0.2% n=400
[00:46:25] [Server thread/INFO]: [STDOUT] [io.papermc.paper.util.PapoTickProfile] PapoTickProfile.phase sendChunks                 total=   19.3ms avg/tick=   48.4us share=  0.1% n=400
[00:46:25] [Server thread/INFO]: [STDOUT] [io.papermc.paper.util.PapoTickProfile] PapoTickProfile.phase level.fluidTicks           total=    1.6ms avg/tick=    4.1us share=  0.0% n=1200
[00:46:25] [Server thread/INFO]: [STDOUT] [io.papermc.paper.util.PapoTickProfile] PapoTickProfile.phase functions                  total=    0.6ms avg/tick=    1.6us share=  0.0% n=400
[00:46:25] [Server thread/INFO]: [STDOUT] [io.papermc.paper.util.PapoTickProfile] PapoTickProfile.phase level.blockEvents          total=    0.4ms avg/tick=    1.1us share=  0.0% n=1200
[00:46:25] [Server thread/INFO]: [STDOUT] [io.papermc.paper.util.PapoTickProfile] PapoTickProfile.phase players                    total=    0.3ms avg/tick=    0.7us share=  0.0% n=400
[00:46:25] [Server thread/INFO]: [STDOUT] [io.papermc.paper.util.PapoTickProfile] PapoTickProfile.count rs.blockTickRuns           total= 176401 avg/tick=  441.0
[00:46:25] [Server thread/INFO]: [STDOUT] [io.papermc.paper.util.PapoTickProfile] PapoTickProfile.count rs.fluidTickRuns           total=     64 avg/tick=    0.2
[00:46:25] [Server thread/INFO]: [STDOUT] [io.papermc.paper.util.PapoTickProfile] PapoTickProfile.count rs.wireEvalNoChange        total= 352800 avg/tick=  882.0
[00:46:25] [Server thread/INFO]: [STDOUT] [io.papermc.paper.util.PapoTickProfile] PapoTickProfile.count rs.wireEvalRuns            total=1852200 avg/tick= 4630.5
[00:46:25] [Server thread/INFO]: [STDOUT] [io.papermc.paper.util.PapoTickProfile] PapoTickProfile.count rs.wireEvalSkipped         total=10495800 avg/tick=26239.5
[00:46:45] [Server thread/INFO]: [STDOUT] [io.papermc.paper.util.PapoTickProfile] PapoTickProfile window=400ticks totalWallMs=20000 measuredMs=19608
[00:46:45] [Server thread/INFO]: [STDOUT] [io.papermc.paper.util.PapoTickProfile] PapoTickProfile.phase worlds                     total= 6563.7ms avg/tick=16409.3us share= 33.5% n=400
[00:46:45] [Server thread/INFO]: [STDOUT] [io.papermc.paper.util.PapoTickProfile] PapoTickProfile.phase level.tickPending+misc     total= 6417.6ms avg/tick=16044.0us share= 32.7% n=1200
[00:46:45] [Server thread/INFO]: [STDOUT] [io.papermc.paper.util.PapoTickProfile] PapoTickProfile.phase level.blockTicks           total= 6050.9ms avg/tick=15127.2us share= 30.9% n=1200
[00:46:45] [Server thread/INFO]: [STDOUT] [io.papermc.paper.util.PapoTickProfile] PapoTickProfile.phase level.chunkSource          total=  363.9ms avg/tick=  909.7us share=  1.9% n=1200
[00:46:45] [Server thread/INFO]: [STDOUT] [io.papermc.paper.util.PapoTickProfile] PapoTickProfile.phase level.entities             total=  141.2ms avg/tick=  352.9us share=  0.7% n=1200
[00:46:45] [Server thread/INFO]: [STDOUT] [io.papermc.paper.util.PapoTickProfile] PapoTickProfile.phase connection                 total=   48.2ms avg/tick=  120.6us share=  0.2% n=400
[00:46:45] [Server thread/INFO]: [STDOUT] [io.papermc.paper.util.PapoTickProfile] PapoTickProfile.phase sendChunks                 total=   19.8ms avg/tick=   49.6us share=  0.1% n=400
[00:46:45] [Server thread/INFO]: [STDOUT] [io.papermc.paper.util.PapoTickProfile] PapoTickProfile.phase level.fluidTicks           total=    1.7ms avg/tick=    4.2us share=  0.0% n=1200
[00:46:45] [Server thread/INFO]: [STDOUT] [io.papermc.paper.util.PapoTickProfile] PapoTickProfile.phase functions                  total=    0.6ms avg/tick=    1.5us share=  0.0% n=400
[00:46:45] [Server thread/INFO]: [STDOUT] [io.papermc.paper.util.PapoTickProfile] PapoTickProfile.phase level.blockEvents          total=    0.5ms avg/tick=    1.1us share=  0.0% n=1200
[00:46:45] [Server thread/INFO]: [STDOUT] [io.papermc.paper.util.PapoTickProfile] PapoTickProfile.phase players                    total=    0.2ms avg/tick=    0.6us share=  0.0% n=400
[00:46:45] [Server thread/INFO]: [STDOUT] [io.papermc.paper.util.PapoTickProfile] PapoTickProfile.count rs.blockTickRuns           total= 176400 avg/tick=  441.0
[00:46:45] [Server thread/INFO]: [STDOUT] [io.papermc.paper.util.PapoTickProfile] PapoTickProfile.count rs.fluidTickRuns           total=     55 avg/tick=    0.1
[00:46:45] [Server thread/INFO]: [STDOUT] [io.papermc.paper.util.PapoTickProfile] PapoTickProfile.count rs.wireEvalNoChange        total= 352800 avg/tick=  882.0
[00:46:45] [Server thread/INFO]: [STDOUT] [io.papermc.paper.util.PapoTickProfile] PapoTickProfile.count rs.wireEvalRuns            total=1852200 avg/tick= 4630.5
[00:46:45] [Server thread/INFO]: [STDOUT] [io.papermc.paper.util.PapoTickProfile] PapoTickProfile.count rs.wireEvalSkipped         total=10495800 avg/tick=26239.5
logErrors=0 exited=true
activity gate PASS: rs.blockTickRuns steady(tail-median)=441.0/tick vs expected ~441 (windows=46)
