boot: [22:09:50 INFO]: Done (16.600s)! For help, type "help"
---- baseline window 1 done ----
---- all batches sent ----
---- tickdist windows ----
PapoTickProfile] PapoTickProfile.tickdist n=400 durMs[p50=2.43 p95=15.62 p99=60.28 max=196.58] over45=1 over50=4 | gapMs[p95=56.27 p99=90.86 max=392.92] stalls100ms=2 | tps=19.82
PapoTickProfile] PapoTickProfile.tickdist n=400 durMs[p50=1.37 p95=1.90 p99=2.51 max=26.83] over45=0 over50=0 | gapMs[p95=51.44 p99=52.61 max=75.77] stalls100ms=0 | tps=20.00
PapoTickProfile] PapoTickProfile.tickdist n=400 durMs[p50=1.22 p95=1.59 p99=2.79 max=29.48] over45=0 over50=0 | gapMs[p95=51.41 p99=52.29 max=78.31] stalls100ms=0 | tps=20.00
PapoTickProfile] PapoTickProfile.tickdist n=400 durMs[p50=1.13 p95=1.48 p99=3.37 max=41.92] over45=0 over50=0 | gapMs[p95=51.39 p99=52.13 max=89.48] stalls100ms=0 | tps=20.00
PapoTickProfile] PapoTickProfile.tickdist n=400 durMs[p50=1.13 p95=1.52 p99=4.28 max=7.30] over45=0 over50=0 | gapMs[p95=51.44 p99=52.58 max=54.88] stalls100ms=0 | tps=20.00
PapoTickProfile] PapoTickProfile.tickdist n=400 durMs[p50=1.02 p95=1.30 p99=5.55 max=7.26] over45=0 over50=0 | gapMs[p95=51.48 p99=52.00 max=57.15] stalls100ms=0 | tps=20.00
PapoTickProfile] PapoTickProfile.tickdist n=400 durMs[p50=1.09 p95=1.48 p99=1.83 max=6.37] over45=0 over50=0 | gapMs[p95=51.50 p99=51.98 max=55.84] stalls100ms=0 | tps=20.00
PapoTickProfile] PapoTickProfile.tickdist n=400 durMs[p50=1.11 p95=1.57 p99=7.38 max=8.92] over45=0 over50=0 | gapMs[p95=51.54 p99=51.95 max=58.26] stalls100ms=0 | tps=20.00
PapoTickProfile] PapoTickProfile.tickdist n=400 durMs[p50=1.03 p95=1.47 p99=1.94 max=7.53] over45=0 over50=0 | gapMs[p95=51.50 p99=51.86 max=57.00] stalls100ms=0 | tps=20.00
PapoTickProfile] PapoTickProfile.tickdist n=400 durMs[p50=1.07 p95=1.47 p99=1.84 max=6.81] over45=0 over50=0 | gapMs[p95=51.43 p99=52.20 max=54.09] stalls100ms=0 | tps=20.00
PapoTickProfile] PapoTickProfile.tickdist n=400 durMs[p50=1.06 p95=1.49 p99=5.44 max=6.92] over45=0 over50=0 | gapMs[p95=51.52 p99=52.00 max=53.94] stalls100ms=0 | tps=20.00
PapoTickProfile] PapoTickProfile.tickdist n=400 durMs[p50=1.04 p95=1.43 p99=1.96 max=7.25] over45=0 over50=0 | gapMs[p95=51.42 p99=51.96 max=57.37] stalls100ms=0 | tps=20.00
PapoTickProfile] PapoTickProfile.tickdist n=400 durMs[p50=0.99 p95=1.45 p99=3.54 max=12.33] over45=0 over50=0 | gapMs[p95=51.39 p99=52.83 max=56.09] stalls100ms=0 | tps=20.00
---- markers ----
[22:10:27] [Server thread/INFO]: [Not Secure] [Server] CMDCOST_give_10_START
[22:10:27] [Server thread/INFO]: [Not Secure] [Server] CMDCOST_give_10_END
[22:10:42] [Server thread/INFO]: [Not Secure] [Server] CMDCOST_give_50_START
[22:10:42] [Server thread/INFO]: [Not Secure] [Server] CMDCOST_give_50_END
[22:10:57] [Server thread/INFO]: [Not Secure] [Server] CMDCOST_give_200_START
[22:10:58] [Server thread/INFO]: [Not Secure] [Server] CMDCOST_give_200_END
[22:11:13] [Server thread/INFO]: [Not Secure] [Server] CMDCOST_giveNbt_10_START
[22:11:13] [Server thread/INFO]: [Not Secure] [Server] CMDCOST_giveNbt_10_END
[22:11:28] [Server thread/INFO]: [Not Secure] [Server] CMDCOST_giveNbt_50_START
[22:11:28] [Server thread/INFO]: [Not Secure] [Server] CMDCOST_giveNbt_50_END
[22:11:43] [Server thread/INFO]: [Not Secure] [Server] CMDCOST_giveNbt_200_START
[22:11:43] [Server thread/INFO]: [Not Secure] [Server] CMDCOST_giveNbt_200_END
[22:11:58] [Server thread/INFO]: [Not Secure] [Server] CMDCOST_playsound_10_START
[22:11:58] [Server thread/INFO]: [Not Secure] [Server] CMDCOST_playsound_10_END
[22:12:13] [Server thread/INFO]: [Not Secure] [Server] CMDCOST_playsound_50_START
[22:12:13] [Server thread/INFO]: [Not Secure] [Server] CMDCOST_playsound_50_END
[22:12:28] [Server thread/INFO]: [Not Secure] [Server] CMDCOST_playsound_200_START
[22:12:28] [Server thread/INFO]: [Not Secure] [Server] CMDCOST_playsound_200_END
[22:12:43] [Server thread/INFO]: [Not Secure] [Server] CMDCOST_effect_10_START
[22:12:43] [Server thread/INFO]: [Not Secure] [Server] CMDCOST_effect_10_END
[22:12:58] [Server thread/INFO]: [Not Secure] [Server] CMDCOST_effect_50_START
[22:12:59] [Server thread/INFO]: [Not Secure] [Server] CMDCOST_effect_50_END
[22:13:14] [Server thread/INFO]: [Not Secure] [Server] CMDCOST_effect_200_START
[22:13:14] [Server thread/INFO]: [Not Secure] [Server] CMDCOST_effect_200_END
[22:13:29] [Server thread/INFO]: [Not Secure] [Server] CMDCOST_title_10_START
[22:13:29] [Server thread/INFO]: [Not Secure] [Server] CMDCOST_title_10_END
[22:13:44] [Server thread/INFO]: [Not Secure] [Server] CMDCOST_title_50_START
[22:13:44] [Server thread/INFO]: [Not Secure] [Server] CMDCOST_title_50_END
[22:13:59] [Server thread/INFO]: [Not Secure] [Server] CMDCOST_title_200_START
[22:13:59] [Server thread/INFO]: [Not Secure] [Server] CMDCOST_title_200_END
botOk=false exited=true
