boot: [21:52:27 INFO]: Done (26.926s)! For help, type "help"
walk window done (160 bots x 360000ms)
---- PapoTickProfile windows (from logs/latest.log) ----
[21:52:27] [Server thread/INFO]: [STDOUT] [io.papermc.paper.util.PapoTickProfile] PapoTickProfile window=400ticks totalWallMs=0 measuredMs=0 gcMs=0
[21:52:56] [Server thread/INFO]: [STDOUT] [io.papermc.paper.util.PapoTickProfile] PapoTickProfile window=400ticks totalWallMs=29388 measuredMs=37817 gcMs=316
[21:52:56] [Server thread/INFO]: [STDOUT] [io.papermc.paper.util.PapoTickProfile] PapoTickProfile.phase worlds                     total= 9458.0ms avg/tick=23644.9us share= 25.0% n=400
[21:52:56] [Server thread/INFO]: [STDOUT] [io.papermc.paper.util.PapoTickProfile] PapoTickProfile.phase level.tickPending+misc     total= 6274.2ms avg/tick=15685.4us share= 16.6% n=1200
[21:52:56] [Server thread/INFO]: [STDOUT] [io.papermc.paper.util.PapoTickProfile] PapoTickProfile.phase level.chunkSource          total= 5500.2ms avg/tick=13750.5us share= 14.5% n=1200
[21:52:56] [Server thread/INFO]: [STDOUT] [io.papermc.paper.util.PapoTickProfile] PapoTickProfile.phase connection                 total= 4872.6ms avg/tick=12181.4us share= 12.9% n=400
[21:52:56] [Server thread/INFO]: [STDOUT] [io.papermc.paper.util.PapoTickProfile] PapoTickProfile.phase conn.listenerTick          total= 4802.6ms avg/tick=12006.4us share= 12.7% n=56611
[21:52:56] [Server thread/INFO]: [STDOUT] [io.papermc.paper.util.PapoTickProfile] PapoTickProfile.phase level.entities             total= 3123.8ms avg/tick= 7809.4us share=  8.3% n=1200
[21:52:56] [Server thread/INFO]: [STDOUT] [io.papermc.paper.util.PapoTickProfile] PapoTickProfile.phase chunkMap.tracker.sendChanges total= 1294.8ms avg/tick= 3236.9us share=  3.4% n=1200
[21:52:56] [Server thread/INFO]: [STDOUT] [io.papermc.paper.util.PapoTickProfile] PapoTickProfile.phase server.taskDrain           total= 1192.0ms avg/tick= 2980.0us share=  3.2% n=400
[21:52:56] [Server thread/INFO]: [STDOUT] [io.papermc.paper.util.PapoTickProfile] PapoTickProfile.phase chunkMap.tracker.maintain  total= 1081.8ms avg/tick= 2704.4us share=  2.9% n=1200
[21:52:56] [Server thread/INFO]: [STDOUT] [io.papermc.paper.util.PapoTickProfile] PapoTickProfile.phase player.pushEntities        total=  152.0ms avg/tick=  380.1us share=  0.4% n=55469
[21:52:56] [Server thread/INFO]: [STDOUT] [io.papermc.paper.util.PapoTickProfile] PapoTickProfile.phase sendChunks                 total=   54.6ms avg/tick=  136.6us share=  0.1% n=400
[21:52:56] [Server thread/INFO]: [STDOUT] [io.papermc.paper.util.PapoTickProfile] PapoTickProfile.phase conn.flushQueue            total=    9.3ms avg/tick=   23.1us share=  0.0% n=56781
[21:52:56] [Server thread/INFO]: [STDOUT] [io.papermc.paper.util.PapoTickProfile] PapoTickProfile.phase functions                  total=    1.3ms avg/tick=    3.2us share=  0.0% n=400
[21:52:56] [Server thread/INFO]: [STDOUT] [io.papermc.paper.util.PapoTickProfile] PapoTickProfile.phase players                    total=    0.5ms avg/tick=    1.1us share=  0.0% n=400
[21:53:16] [Server thread/INFO]: [STDOUT] [io.papermc.paper.util.PapoTickProfile] PapoTickProfile window=400ticks totalWallMs=20002 measuredMs=20891 gcMs=42
[21:53:16] [Server thread/INFO]: [STDOUT] [io.papermc.paper.util.PapoTickProfile] PapoTickProfile.phase worlds                     total= 4183.0ms avg/tick=10457.5us share= 20.0% n=400
[21:53:16] [Server thread/INFO]: [STDOUT] [io.papermc.paper.util.PapoTickProfile] PapoTickProfile.phase connection                 total= 3756.3ms avg/tick= 9390.7us share= 18.0% n=400
[21:53:16] [Server thread/INFO]: [STDOUT] [io.papermc.paper.util.PapoTickProfile] PapoTickProfile.phase conn.listenerTick          total= 3718.7ms avg/tick= 9296.7us share= 17.8% n=64000
[21:53:16] [Server thread/INFO]: [STDOUT] [io.papermc.paper.util.PapoTickProfile] PapoTickProfile.phase level.tickPending+misc     total= 2933.1ms avg/tick= 7332.9us share= 14.0% n=1200
[21:53:16] [Server thread/INFO]: [STDOUT] [io.papermc.paper.util.PapoTickProfile] PapoTickProfile.phase level.chunkSource          total= 2893.2ms avg/tick= 7233.0us share= 13.8% n=1200
[21:53:16] [Server thread/INFO]: [STDOUT] [io.papermc.paper.util.PapoTickProfile] PapoTickProfile.phase chunkMap.tracker.sendChanges total= 1488.6ms avg/tick= 3721.4us share=  7.1% n=1200
[21:53:16] [Server thread/INFO]: [STDOUT] [io.papermc.paper.util.PapoTickProfile] PapoTickProfile.phase level.entities             total= 1228.0ms avg/tick= 3070.1us share=  5.9% n=1200
[21:53:16] [Server thread/INFO]: [STDOUT] [io.papermc.paper.util.PapoTickProfile] PapoTickProfile.phase chunkMap.tracker.maintain  total=  496.2ms avg/tick= 1240.4us share=  2.4% n=1200
[21:53:16] [Server thread/INFO]: [STDOUT] [io.papermc.paper.util.PapoTickProfile] PapoTickProfile.phase player.pushEntities        total=   87.1ms avg/tick=  217.6us share=  0.4% n=70593
[21:53:16] [Server thread/INFO]: [STDOUT] [io.papermc.paper.util.PapoTickProfile] PapoTickProfile.phase sendChunks                 total=   55.1ms avg/tick=  137.8us share=  0.3% n=400
[21:53:16] [Server thread/INFO]: [STDOUT] [io.papermc.paper.util.PapoTickProfile] PapoTickProfile.phase server.taskDrain           total=   35.3ms avg/tick=   88.3us share=  0.2% n=400
[21:53:16] [Server thread/INFO]: [STDOUT] [io.papermc.paper.util.PapoTickProfile] PapoTickProfile.phase players                    total=   12.4ms avg/tick=   31.1us share=  0.1% n=400
[21:53:16] [Server thread/INFO]: [STDOUT] [io.papermc.paper.util.PapoTickProfile] PapoTickProfile.phase conn.flushQueue            total=    4.0ms avg/tick=   10.0us share=  0.0% n=64000
[21:53:16] [Server thread/INFO]: [STDOUT] [io.papermc.paper.util.PapoTickProfile] PapoTickProfile.phase functions                  total=    0.5ms avg/tick=    1.2us share=  0.0% n=400
[21:53:36] [Server thread/INFO]: [STDOUT] [io.papermc.paper.util.PapoTickProfile] PapoTickProfile window=400ticks totalWallMs=19995 measuredMs=23893 gcMs=33
[21:53:36] [Server thread/INFO]: [STDOUT] [io.papermc.paper.util.PapoTickProfile] PapoTickProfile.phase connection                 total= 4838.0ms avg/tick=12094.9us share= 20.2% n=400
[21:53:36] [Server thread/INFO]: [STDOUT] [io.papermc.paper.util.PapoTickProfile] PapoTickProfile.phase conn.listenerTick          total= 4789.7ms avg/tick=11974.2us share= 20.0% n=64000
[21:53:36] [Server thread/INFO]: [STDOUT] [io.papermc.paper.util.PapoTickProfile] PapoTickProfile.phase worlds                     total= 4505.4ms avg/tick=11263.4us share= 18.9% n=400
[21:53:36] [Server thread/INFO]: [STDOUT] [io.papermc.paper.util.PapoTickProfile] PapoTickProfile.phase level.tickPending+misc     total= 3061.5ms avg/tick= 7653.7us share= 12.8% n=1200
[21:53:36] [Server thread/INFO]: [STDOUT] [io.papermc.paper.util.PapoTickProfile] PapoTickProfile.phase level.chunkSource          total= 3025.1ms avg/tick= 7562.7us share= 12.7% n=1200
[21:53:36] [Server thread/INFO]: [STDOUT] [io.papermc.paper.util.PapoTickProfile] PapoTickProfile.phase level.entities             total= 1415.8ms avg/tick= 3539.6us share=  5.9% n=1200
[21:53:36] [Server thread/INFO]: [STDOUT] [io.papermc.paper.util.PapoTickProfile] PapoTickProfile.phase chunkMap.tracker.sendChanges total= 1362.3ms avg/tick= 3405.7us share=  5.7% n=1200
[21:53:36] [Server thread/INFO]: [STDOUT] [io.papermc.paper.util.PapoTickProfile] PapoTickProfile.phase chunkMap.tracker.maintain  total=  623.1ms avg/tick= 1557.8us share=  2.6% n=1200
[21:53:36] [Server thread/INFO]: [STDOUT] [io.papermc.paper.util.PapoTickProfile] PapoTickProfile.phase player.pushEntities        total=  122.8ms avg/tick=  306.9us share=  0.5% n=69877
[21:53:36] [Server thread/INFO]: [STDOUT] [io.papermc.paper.util.PapoTickProfile] PapoTickProfile.phase server.taskDrain           total=   81.8ms avg/tick=  204.5us share=  0.3% n=400
[21:53:36] [Server thread/INFO]: [STDOUT] [io.papermc.paper.util.PapoTickProfile] PapoTickProfile.phase sendChunks                 total=   62.2ms avg/tick=  155.5us share=  0.3% n=400
[21:53:36] [Server thread/INFO]: [STDOUT] [io.papermc.paper.util.PapoTickProfile] PapoTickProfile.phase conn.flushQueue            total=    5.3ms avg/tick=   13.3us share=  0.0% n=64000
[21:53:36] [Server thread/INFO]: [STDOUT] [io.papermc.paper.util.PapoTickProfile] PapoTickProfile.phase functions                  total=    0.3ms avg/tick=    0.6us share=  0.0% n=400
[21:53:36] [Server thread/INFO]: [STDOUT] [io.papermc.paper.util.PapoTickProfile] PapoTickProfile.phase players                    total=    0.1ms avg/tick=    0.2us share=  0.0% n=400
[21:53:56] [Server thread/INFO]: [STDOUT] [io.papermc.paper.util.PapoTickProfile] PapoTickProfile window=400ticks totalWallMs=20006 measuredMs=19699 gcMs=8
[21:53:56] [Server thread/INFO]: [STDOUT] [io.papermc.paper.util.PapoTickProfile] PapoTickProfile.phase worlds                     total= 3846.1ms avg/tick= 9615.2us share= 19.5% n=400
[21:53:56] [Server thread/INFO]: [STDOUT] [io.papermc.paper.util.PapoTickProfile] PapoTickProfile.phase connection                 total= 3669.4ms avg/tick= 9173.4us share= 18.6% n=400
[21:53:56] [Server thread/INFO]: [STDOUT] [io.papermc.paper.util.PapoTickProfile] PapoTickProfile.phase conn.listenerTick          total= 3634.1ms avg/tick= 9085.3us share= 18.4% n=64000
[21:53:56] [Server thread/INFO]: [STDOUT] [io.papermc.paper.util.PapoTickProfile] PapoTickProfile.phase level.tickPending+misc     total= 2711.8ms avg/tick= 6779.5us share= 13.8% n=1200
[21:53:56] [Server thread/INFO]: [STDOUT] [io.papermc.paper.util.PapoTickProfile] PapoTickProfile.phase level.chunkSource          total= 2694.8ms avg/tick= 6737.0us share= 13.7% n=1200
[21:53:56] [Server thread/INFO]: [STDOUT] [io.papermc.paper.util.PapoTickProfile] PapoTickProfile.phase chunkMap.tracker.sendChanges total= 1346.1ms avg/tick= 3365.2us share=  6.8% n=1200
[21:53:56] [Server thread/INFO]: [STDOUT] [io.papermc.paper.util.PapoTickProfile] PapoTickProfile.phase level.entities             total= 1114.0ms avg/tick= 2785.0us share=  5.7% n=1200
[21:53:56] [Server thread/INFO]: [STDOUT] [io.papermc.paper.util.PapoTickProfile] PapoTickProfile.phase chunkMap.tracker.maintain  total=  500.8ms avg/tick= 1251.9us share=  2.5% n=1200
[21:53:56] [Server thread/INFO]: [STDOUT] [io.papermc.paper.util.PapoTickProfile] PapoTickProfile.phase player.pushEntities        total=   81.8ms avg/tick=  204.5us share=  0.4% n=69418
[21:53:56] [Server thread/INFO]: [STDOUT] [io.papermc.paper.util.PapoTickProfile] PapoTickProfile.phase sendChunks                 total=   55.2ms avg/tick=  138.0us share=  0.3% n=400
[21:53:56] [Server thread/INFO]: [STDOUT] [io.papermc.paper.util.PapoTickProfile] PapoTickProfile.phase server.taskDrain           total=   37.0ms avg/tick=   92.6us share=  0.2% n=400
[21:53:56] [Server thread/INFO]: [STDOUT] [io.papermc.paper.util.PapoTickProfile] PapoTickProfile.phase conn.flushQueue            total=    6.0ms avg/tick=   14.9us share=  0.0% n=64000
[21:53:56] [Server thread/INFO]: [STDOUT] [io.papermc.paper.util.PapoTickProfile] PapoTickProfile.phase players                    total=    2.0ms avg/tick=    4.9us share=  0.0% n=400
[21:53:56] [Server thread/INFO]: [STDOUT] [io.papermc.paper.util.PapoTickProfile] PapoTickProfile.phase functions                  total=    0.3ms avg/tick=    0.8us share=  0.0% n=400
[21:54:16] [Server thread/INFO]: [STDOUT] [io.papermc.paper.util.PapoTickProfile] PapoTickProfile window=400ticks totalWallMs=20006 measuredMs=24914 gcMs=38
[21:54:16] [Server thread/INFO]: [STDOUT] [io.papermc.paper.util.PapoTickProfile] PapoTickProfile.phase connection                 total= 5357.0ms avg/tick=13392.5us share= 21.5% n=400
[21:54:16] [Server thread/INFO]: [STDOUT] [io.papermc.paper.util.PapoTickProfile] PapoTickProfile.phase conn.listenerTick          total= 5301.4ms avg/tick=13253.5us share= 21.3% n=64000
[21:54:16] [Server thread/INFO]: [STDOUT] [io.papermc.paper.util.PapoTickProfile] PapoTickProfile.phase worlds                     total= 4620.5ms avg/tick=11551.2us share= 18.5% n=400
[21:54:16] [Server thread/INFO]: [STDOUT] [io.papermc.paper.util.PapoTickProfile] PapoTickProfile.phase level.tickPending+misc     total= 2957.7ms avg/tick= 7394.2us share= 11.9% n=1200
[21:54:16] [Server thread/INFO]: [STDOUT] [io.papermc.paper.util.PapoTickProfile] PapoTickProfile.phase level.chunkSource          total= 2939.6ms avg/tick= 7349.0us share= 11.8% n=1200
[21:54:16] [Server thread/INFO]: [STDOUT] [io.papermc.paper.util.PapoTickProfile] PapoTickProfile.phase level.entities             total= 1627.4ms avg/tick= 4068.6us share=  6.5% n=1200
[21:54:16] [Server thread/INFO]: [STDOUT] [io.papermc.paper.util.PapoTickProfile] PapoTickProfile.phase chunkMap.tracker.sendChanges total= 1148.6ms avg/tick= 2871.4us share=  4.6% n=1200
[21:54:16] [Server thread/INFO]: [STDOUT] [io.papermc.paper.util.PapoTickProfile] PapoTickProfile.phase chunkMap.tracker.maintain  total=  713.3ms avg/tick= 1783.3us share=  2.9% n=1200
[21:54:16] [Server thread/INFO]: [STDOUT] [io.papermc.paper.util.PapoTickProfile] PapoTickProfile.phase player.pushEntities        total=  112.3ms avg/tick=  280.8us share=  0.5% n=71410
[21:54:16] [Server thread/INFO]: [STDOUT] [io.papermc.paper.util.PapoTickProfile] PapoTickProfile.phase sendChunks                 total=   71.9ms avg/tick=  179.6us share=  0.3% n=400
[21:54:16] [Server thread/INFO]: [STDOUT] [io.papermc.paper.util.PapoTickProfile] PapoTickProfile.phase server.taskDrain           total=   57.9ms avg/tick=  144.7us share=  0.2% n=400
[21:54:16] [Server thread/INFO]: [STDOUT] [io.papermc.paper.util.PapoTickProfile] PapoTickProfile.phase conn.flushQueue            total=    6.0ms avg/tick=   14.9us share=  0.0% n=64000
[21:54:16] [Server thread/INFO]: [STDOUT] [io.papermc.paper.util.PapoTickProfile] PapoTickProfile.phase players                    total=    1.0ms avg/tick=    2.5us share=  0.0% n=400
[21:54:16] [Server thread/INFO]: [STDOUT] [io.papermc.paper.util.PapoTickProfile] PapoTickProfile.phase functions                  total=    0.3ms avg/tick=    0.7us share=  0.0% n=400
[21:54:36] [Server thread/INFO]: [STDOUT] [io.papermc.paper.util.PapoTickProfile] PapoTickProfile window=400ticks totalWallMs=19998 measuredMs=19583 gcMs=14
[21:54:36] [Server thread/INFO]: [STDOUT] [io.papermc.paper.util.PapoTickProfile] PapoTickProfile.phase connection                 total= 4114.2ms avg/tick=10285.6us share= 21.0% n=400
[21:54:36] [Server thread/INFO]: [STDOUT] [io.papermc.paper.util.PapoTickProfile] PapoTickProfile.phase conn.listenerTick          total= 4070.8ms avg/tick=10177.1us share= 20.8% n=64000
[21:54:36] [Server thread/INFO]: [STDOUT] [io.papermc.paper.util.PapoTickProfile] PapoTickProfile.phase worlds                     total= 3694.9ms avg/tick= 9237.1us share= 18.9% n=400
[21:54:36] [Server thread/INFO]: [STDOUT] [io.papermc.paper.util.PapoTickProfile] PapoTickProfile.phase level.tickPending+misc     total= 2419.6ms avg/tick= 6049.1us share= 12.4% n=1200
[21:54:36] [Server thread/INFO]: [STDOUT] [io.papermc.paper.util.PapoTickProfile] PapoTickProfile.phase level.chunkSource          total= 2399.9ms avg/tick= 5999.7us share= 12.3% n=1200
[21:54:36] [Server thread/INFO]: [STDOUT] [io.papermc.paper.util.PapoTickProfile] PapoTickProfile.phase level.entities             total= 1251.3ms avg/tick= 3128.2us share=  6.4% n=1200
[21:54:36] [Server thread/INFO]: [STDOUT] [io.papermc.paper.util.PapoTickProfile] PapoTickProfile.phase chunkMap.tracker.sendChanges total=  903.1ms avg/tick= 2257.6us share=  4.6% n=1200
[21:54:36] [Server thread/INFO]: [STDOUT] [io.papermc.paper.util.PapoTickProfile] PapoTickProfile.phase chunkMap.tracker.maintain  total=  531.5ms avg/tick= 1328.7us share=  2.7% n=1200
[21:54:36] [Server thread/INFO]: [STDOUT] [io.papermc.paper.util.PapoTickProfile] PapoTickProfile.phase player.pushEntities        total=  100.9ms avg/tick=  252.3us share=  0.5% n=68785
[21:54:36] [Server thread/INFO]: [STDOUT] [io.papermc.paper.util.PapoTickProfile] PapoTickProfile.phase sendChunks                 total=   54.8ms avg/tick=  136.9us share=  0.3% n=400
[21:54:36] [Server thread/INFO]: [STDOUT] [io.papermc.paper.util.PapoTickProfile] PapoTickProfile.phase server.taskDrain           total=   37.0ms avg/tick=   92.6us share=  0.2% n=400
[21:54:36] [Server thread/INFO]: [STDOUT] [io.papermc.paper.util.PapoTickProfile] PapoTickProfile.phase conn.flushQueue            total=    4.7ms avg/tick=   11.7us share=  0.0% n=64000
[21:54:36] [Server thread/INFO]: [STDOUT] [io.papermc.paper.util.PapoTickProfile] PapoTickProfile.phase functions                  total=    0.8ms avg/tick=    2.0us share=  0.0% n=400
[21:54:36] [Server thread/INFO]: [STDOUT] [io.papermc.paper.util.PapoTickProfile] PapoTickProfile.phase players                    total=    0.1ms avg/tick=    0.3us share=  0.0% n=400
[21:54:56] [Server thread/INFO]: [STDOUT] [io.papermc.paper.util.PapoTickProfile] PapoTickProfile window=400ticks totalWallMs=19992 measuredMs=13440 gcMs=8
[21:54:56] [Server thread/INFO]: [STDOUT] [io.papermc.paper.util.PapoTickProfile] PapoTickProfile.phase connection                 total= 2744.4ms avg/tick= 6860.9us share= 20.4% n=400
[21:54:56] [Server thread/INFO]: [STDOUT] [io.papermc.paper.util.PapoTickProfile] PapoTickProfile.phase conn.listenerTick          total= 2712.7ms avg/tick= 6781.7us share= 20.2% n=64000
[21:54:56] [Server thread/INFO]: [STDOUT] [io.papermc.paper.util.PapoTickProfile] PapoTickProfile.phase worlds                     total= 2638.3ms avg/tick= 6595.8us share= 19.6% n=400
[21:54:56] [Server thread/INFO]: [STDOUT] [io.papermc.paper.util.PapoTickProfile] PapoTickProfile.phase level.tickPending+misc     total= 1692.3ms avg/tick= 4230.8us share= 12.6% n=1200
[21:54:56] [Server thread/INFO]: [STDOUT] [io.papermc.paper.util.PapoTickProfile] PapoTickProfile.phase level.chunkSource          total= 1678.0ms avg/tick= 4195.0us share= 12.5% n=1200
[21:54:56] [Server thread/INFO]: [STDOUT] [io.papermc.paper.util.PapoTickProfile] PapoTickProfile.phase level.entities             total=  928.6ms avg/tick= 2321.6us share=  6.9% n=1200
[21:54:56] [Server thread/INFO]: [STDOUT] [io.papermc.paper.util.PapoTickProfile] PapoTickProfile.phase chunkMap.tracker.sendChanges total=  512.3ms avg/tick= 1280.7us share=  3.8% n=1200
[21:54:56] [Server thread/INFO]: [STDOUT] [io.papermc.paper.util.PapoTickProfile] PapoTickProfile.phase chunkMap.tracker.maintain  total=  383.0ms avg/tick=  957.5us share=  2.8% n=1200
[21:54:56] [Server thread/INFO]: [STDOUT] [io.papermc.paper.util.PapoTickProfile] PapoTickProfile.phase player.pushEntities        total=   67.5ms avg/tick=  168.8us share=  0.5% n=67314
[21:54:56] [Server thread/INFO]: [STDOUT] [io.papermc.paper.util.PapoTickProfile] PapoTickProfile.phase sendChunks                 total=   46.5ms avg/tick=  116.3us share=  0.3% n=400
[21:54:56] [Server thread/INFO]: [STDOUT] [io.papermc.paper.util.PapoTickProfile] PapoTickProfile.phase server.taskDrain           total=   32.0ms avg/tick=   80.1us share=  0.2% n=400
[21:54:56] [Server thread/INFO]: [STDOUT] [io.papermc.paper.util.PapoTickProfile] PapoTickProfile.phase conn.flushQueue            total=    3.9ms avg/tick=    9.8us share=  0.0% n=64000
[21:54:56] [Server thread/INFO]: [STDOUT] [io.papermc.paper.util.PapoTickProfile] PapoTickProfile.phase players                    total=    1.1ms avg/tick=    2.7us share=  0.0% n=400
[21:54:56] [Server thread/INFO]: [STDOUT] [io.papermc.paper.util.PapoTickProfile] PapoTickProfile.phase functions                  total=    0.2ms avg/tick=    0.5us share=  0.0% n=400
[21:55:16] [Server thread/INFO]: [STDOUT] [io.papermc.paper.util.PapoTickProfile] PapoTickProfile window=400ticks totalWallMs=20004 measuredMs=14387 gcMs=16
[21:55:16] [Server thread/INFO]: [STDOUT] [io.papermc.paper.util.PapoTickProfile] PapoTickProfile.phase connection                 total= 3143.3ms avg/tick= 7858.4us share= 21.8% n=400
[21:55:16] [Server thread/INFO]: [STDOUT] [io.papermc.paper.util.PapoTickProfile] PapoTickProfile.phase conn.listenerTick          total= 3105.5ms avg/tick= 7763.8us share= 21.6% n=64000
[21:55:16] [Server thread/INFO]: [STDOUT] [io.papermc.paper.util.PapoTickProfile] PapoTickProfile.phase worlds                     total= 2706.1ms avg/tick= 6765.3us share= 18.8% n=400
[21:55:16] [Server thread/INFO]: [STDOUT] [io.papermc.paper.util.PapoTickProfile] PapoTickProfile.phase level.tickPending+misc     total= 1698.9ms avg/tick= 4247.1us share= 11.8% n=1200
[21:55:16] [Server thread/INFO]: [STDOUT] [io.papermc.paper.util.PapoTickProfile] PapoTickProfile.phase level.chunkSource          total= 1689.2ms avg/tick= 4223.0us share= 11.7% n=1200
[21:55:16] [Server thread/INFO]: [STDOUT] [io.papermc.paper.util.PapoTickProfile] PapoTickProfile.phase level.entities             total=  996.0ms avg/tick= 2490.1us share=  6.9% n=1200
[21:55:16] [Server thread/INFO]: [STDOUT] [io.papermc.paper.util.PapoTickProfile] PapoTickProfile.phase chunkMap.tracker.sendChanges total=  436.6ms avg/tick= 1091.4us share=  3.0% n=1200
[21:55:16] [Server thread/INFO]: [STDOUT] [io.papermc.paper.util.PapoTickProfile] PapoTickProfile.phase chunkMap.tracker.maintain  total=  413.4ms avg/tick= 1033.4us share=  2.9% n=1200
[21:55:16] [Server thread/INFO]: [STDOUT] [io.papermc.paper.util.PapoTickProfile] PapoTickProfile.phase player.pushEntities        total=  105.9ms avg/tick=  264.8us share=  0.7% n=68920
[21:55:16] [Server thread/INFO]: [STDOUT] [io.papermc.paper.util.PapoTickProfile] PapoTickProfile.phase sendChunks                 total=   49.3ms avg/tick=  123.2us share=  0.3% n=400
[21:55:16] [Server thread/INFO]: [STDOUT] [io.papermc.paper.util.PapoTickProfile] PapoTickProfile.phase server.taskDrain           total=   36.8ms avg/tick=   92.0us share=  0.3% n=400
[21:55:16] [Server thread/INFO]: [STDOUT] [io.papermc.paper.util.PapoTickProfile] PapoTickProfile.phase conn.flushQueue            total=    5.1ms avg/tick=   12.7us share=  0.0% n=64000
[21:55:16] [Server thread/INFO]: [STDOUT] [io.papermc.paper.util.PapoTickProfile] PapoTickProfile.phase players                    total=    1.1ms avg/tick=    2.7us share=  0.0% n=400
[21:55:16] [Server thread/INFO]: [STDOUT] [io.papermc.paper.util.PapoTickProfile] PapoTickProfile.phase functions                  total=    0.6ms avg/tick=    1.6us share=  0.0% n=400
[21:55:36] [Server thread/INFO]: [STDOUT] [io.papermc.paper.util.PapoTickProfile] PapoTickProfile window=400ticks totalWallMs=19999 measuredMs=12353 gcMs=18
[21:55:36] [Server thread/INFO]: [STDOUT] [io.papermc.paper.util.PapoTickProfile] PapoTickProfile.phase connection                 total= 2687.2ms avg/tick= 6717.9us share= 21.8% n=400
[21:55:36] [Server thread/INFO]: [STDOUT] [io.papermc.paper.util.PapoTickProfile] PapoTickProfile.phase conn.listenerTick          total= 2652.5ms avg/tick= 6631.3us share= 21.5% n=64000
[21:55:36] [Server thread/INFO]: [STDOUT] [io.papermc.paper.util.PapoTickProfile] PapoTickProfile.phase worlds                     total= 2346.3ms avg/tick= 5865.9us share= 19.0% n=400
[21:55:36] [Server thread/INFO]: [STDOUT] [io.papermc.paper.util.PapoTickProfile] PapoTickProfile.phase level.tickPending+misc     total= 1473.2ms avg/tick= 3683.1us share= 11.9% n=1200
[21:55:36] [Server thread/INFO]: [STDOUT] [io.papermc.paper.util.PapoTickProfile] PapoTickProfile.phase level.chunkSource          total= 1465.4ms avg/tick= 3663.5us share= 11.9% n=1200
[21:55:36] [Server thread/INFO]: [STDOUT] [io.papermc.paper.util.PapoTickProfile] PapoTickProfile.phase level.entities             total=  860.8ms avg/tick= 2152.0us share=  7.0% n=1200
[21:55:36] [Server thread/INFO]: [STDOUT] [io.papermc.paper.util.PapoTickProfile] PapoTickProfile.phase chunkMap.tracker.maintain  total=  394.1ms avg/tick=  985.3us share=  3.2% n=1200
[21:55:36] [Server thread/INFO]: [STDOUT] [io.papermc.paper.util.PapoTickProfile] PapoTickProfile.phase chunkMap.tracker.sendChanges total=  316.3ms avg/tick=  790.7us share=  2.6% n=1200
[21:55:36] [Server thread/INFO]: [STDOUT] [io.papermc.paper.util.PapoTickProfile] PapoTickProfile.phase player.pushEntities        total=   70.4ms avg/tick=  175.9us share=  0.6% n=67226
[21:55:36] [Server thread/INFO]: [STDOUT] [io.papermc.paper.util.PapoTickProfile] PapoTickProfile.phase sendChunks                 total=   49.7ms avg/tick=  124.2us share=  0.4% n=400
[21:55:36] [Server thread/INFO]: [STDOUT] [io.papermc.paper.util.PapoTickProfile] PapoTickProfile.phase server.taskDrain           total=   32.9ms avg/tick=   82.2us share=  0.3% n=400
[21:55:36] [Server thread/INFO]: [STDOUT] [io.papermc.paper.util.PapoTickProfile] PapoTickProfile.phase conn.flushQueue            total=    4.0ms avg/tick=   10.1us share=  0.0% n=64000
[21:55:36] [Server thread/INFO]: [STDOUT] [io.papermc.paper.util.PapoTickProfile] PapoTickProfile.phase functions                  total=    0.3ms avg/tick=    0.8us share=  0.0% n=400
[21:55:36] [Server thread/INFO]: [STDOUT] [io.papermc.paper.util.PapoTickProfile] PapoTickProfile.phase players                    total=    0.1ms avg/tick=    0.1us share=  0.0% n=400
[21:55:56] [Server thread/INFO]: [STDOUT] [io.papermc.paper.util.PapoTickProfile] PapoTickProfile window=400ticks totalWallMs=19994 measuredMs=13980 gcMs=30
[21:55:56] [Server thread/INFO]: [STDOUT] [io.papermc.paper.util.PapoTickProfile] PapoTickProfile.phase connection                 total= 3056.1ms avg/tick= 7640.3us share= 21.9% n=400
[21:55:56] [Server thread/INFO]: [STDOUT] [io.papermc.paper.util.PapoTickProfile] PapoTickProfile.phase conn.listenerTick          total= 3020.1ms avg/tick= 7550.3us share= 21.6% n=64000
[21:55:56] [Server thread/INFO]: [STDOUT] [io.papermc.paper.util.PapoTickProfile] PapoTickProfile.phase worlds                     total= 2622.9ms avg/tick= 6557.3us share= 18.8% n=400
[21:55:56] [Server thread/INFO]: [STDOUT] [io.papermc.paper.util.PapoTickProfile] PapoTickProfile.phase level.tickPending+misc     total= 1627.6ms avg/tick= 4069.0us share= 11.6% n=1200
[21:55:56] [Server thread/INFO]: [STDOUT] [io.papermc.paper.util.PapoTickProfile] PapoTickProfile.phase level.chunkSource          total= 1619.5ms avg/tick= 4048.7us share= 11.6% n=1200
[21:55:56] [Server thread/INFO]: [STDOUT] [io.papermc.paper.util.PapoTickProfile] PapoTickProfile.phase level.entities             total=  985.0ms avg/tick= 2462.5us share=  7.0% n=1200
[21:55:56] [Server thread/INFO]: [STDOUT] [io.papermc.paper.util.PapoTickProfile] PapoTickProfile.phase chunkMap.tracker.sendChanges total=  451.9ms avg/tick= 1129.8us share=  3.2% n=1200
[21:55:56] [Server thread/INFO]: [STDOUT] [io.papermc.paper.util.PapoTickProfile] PapoTickProfile.phase chunkMap.tracker.maintain  total=  413.3ms avg/tick= 1033.2us share=  3.0% n=1200
[21:55:56] [Server thread/INFO]: [STDOUT] [io.papermc.paper.util.PapoTickProfile] PapoTickProfile.phase player.pushEntities        total=   92.4ms avg/tick=  231.0us share=  0.7% n=67155
[21:55:56] [Server thread/INFO]: [STDOUT] [io.papermc.paper.util.PapoTickProfile] PapoTickProfile.phase sendChunks                 total=   50.9ms avg/tick=  127.2us share=  0.4% n=400
[21:55:56] [Server thread/INFO]: [STDOUT] [io.papermc.paper.util.PapoTickProfile] PapoTickProfile.phase server.taskDrain           total=   34.0ms avg/tick=   85.1us share=  0.2% n=400
[21:55:56] [Server thread/INFO]: [STDOUT] [io.papermc.paper.util.PapoTickProfile] PapoTickProfile.phase conn.flushQueue            total=    4.5ms avg/tick=   11.1us share=  0.0% n=64000
[21:55:56] [Server thread/INFO]: [STDOUT] [io.papermc.paper.util.PapoTickProfile] PapoTickProfile.phase players                    total=    2.2ms avg/tick=    5.5us share=  0.0% n=400
[21:55:56] [Server thread/INFO]: [STDOUT] [io.papermc.paper.util.PapoTickProfile] PapoTickProfile.phase functions                  total=    0.3ms avg/tick=    0.9us share=  0.0% n=400
[21:56:16] [Server thread/INFO]: [STDOUT] [io.papermc.paper.util.PapoTickProfile] PapoTickProfile window=400ticks totalWallMs=20003 measuredMs=12933 gcMs=6
[21:56:16] [Server thread/INFO]: [STDOUT] [io.papermc.paper.util.PapoTickProfile] PapoTickProfile.phase connection                 total= 2575.4ms avg/tick= 6438.5us share= 19.9% n=400
[21:56:16] [Server thread/INFO]: [STDOUT] [io.papermc.paper.util.PapoTickProfile] PapoTickProfile.phase worlds                     total= 2550.8ms avg/tick= 6377.1us share= 19.7% n=400
[21:56:16] [Server thread/INFO]: [STDOUT] [io.papermc.paper.util.PapoTickProfile] PapoTickProfile.phase conn.listenerTick          total= 2545.0ms avg/tick= 6362.4us share= 19.7% n=64000
[21:56:16] [Server thread/INFO]: [STDOUT] [io.papermc.paper.util.PapoTickProfile] PapoTickProfile.phase level.tickPending+misc     total= 1695.9ms avg/tick= 4239.7us share= 13.1% n=1200
[21:56:16] [Server thread/INFO]: [STDOUT] [io.papermc.paper.util.PapoTickProfile] PapoTickProfile.phase level.chunkSource          total= 1688.6ms avg/tick= 4221.6us share= 13.1% n=1200
[21:56:16] [Server thread/INFO]: [STDOUT] [io.papermc.paper.util.PapoTickProfile] PapoTickProfile.phase level.entities             total=  844.7ms avg/tick= 2111.9us share=  6.5% n=1200
[21:56:16] [Server thread/INFO]: [STDOUT] [io.papermc.paper.util.PapoTickProfile] PapoTickProfile.phase chunkMap.tracker.sendChanges total=  512.8ms avg/tick= 1282.1us share=  4.0% n=1200
[21:56:16] [Server thread/INFO]: [STDOUT] [io.papermc.paper.util.PapoTickProfile] PapoTickProfile.phase chunkMap.tracker.maintain  total=  378.4ms avg/tick=  946.1us share=  2.9% n=1200
[21:56:16] [Server thread/INFO]: [STDOUT] [io.papermc.paper.util.PapoTickProfile] PapoTickProfile.phase player.pushEntities        total=   63.1ms avg/tick=  157.7us share=  0.5% n=67508
[21:56:16] [Server thread/INFO]: [STDOUT] [io.papermc.paper.util.PapoTickProfile] PapoTickProfile.phase sendChunks                 total=   44.3ms avg/tick=  110.7us share=  0.3% n=400
[21:56:16] [Server thread/INFO]: [STDOUT] [io.papermc.paper.util.PapoTickProfile] PapoTickProfile.phase server.taskDrain           total=   28.3ms avg/tick=   70.8us share=  0.2% n=400
[21:56:16] [Server thread/INFO]: [STDOUT] [io.papermc.paper.util.PapoTickProfile] PapoTickProfile.phase conn.flushQueue            total=    3.7ms avg/tick=    9.3us share=  0.0% n=64000
[21:56:16] [Server thread/INFO]: [STDOUT] [io.papermc.paper.util.PapoTickProfile] PapoTickProfile.phase players                    total=    2.4ms avg/tick=    6.1us share=  0.0% n=400
[21:56:16] [Server thread/INFO]: [STDOUT] [io.papermc.paper.util.PapoTickProfile] PapoTickProfile.phase functions                  total=    0.3ms avg/tick=    0.6us share=  0.0% n=400
[21:56:36] [Server thread/INFO]: [STDOUT] [io.papermc.paper.util.PapoTickProfile] PapoTickProfile window=400ticks totalWallMs=19998 measuredMs=12405 gcMs=8
[21:56:36] [Server thread/INFO]: [STDOUT] [io.papermc.paper.util.PapoTickProfile] PapoTickProfile.phase connection                 total= 2639.0ms avg/tick= 6597.5us share= 21.3% n=400
[21:56:36] [Server thread/INFO]: [STDOUT] [io.papermc.paper.util.PapoTickProfile] PapoTickProfile.phase conn.listenerTick          total= 2599.9ms avg/tick= 6499.8us share= 21.0% n=64000
[21:56:36] [Server thread/INFO]: [STDOUT] [io.papermc.paper.util.PapoTickProfile] PapoTickProfile.phase worlds                     total= 2394.7ms avg/tick= 5986.7us share= 19.3% n=400
[21:56:36] [Server thread/INFO]: [STDOUT] [io.papermc.paper.util.PapoTickProfile] PapoTickProfile.phase level.tickPending+misc     total= 1506.8ms avg/tick= 3767.0us share= 12.1% n=1200
[21:56:36] [Server thread/INFO]: [STDOUT] [io.papermc.paper.util.PapoTickProfile] PapoTickProfile.phase level.chunkSource          total= 1498.4ms avg/tick= 3746.1us share= 12.1% n=1200
[21:56:36] [Server thread/INFO]: [STDOUT] [io.papermc.paper.util.PapoTickProfile] PapoTickProfile.phase level.entities             total=  878.1ms avg/tick= 2195.4us share=  7.1% n=1200
[21:56:36] [Server thread/INFO]: [STDOUT] [io.papermc.paper.util.PapoTickProfile] PapoTickProfile.phase chunkMap.tracker.maintain  total=  375.2ms avg/tick=  937.9us share=  3.0% n=1200
[21:56:36] [Server thread/INFO]: [STDOUT] [io.papermc.paper.util.PapoTickProfile] PapoTickProfile.phase chunkMap.tracker.sendChanges total=  367.2ms avg/tick=  918.0us share=  3.0% n=1200
[21:56:36] [Server thread/INFO]: [STDOUT] [io.papermc.paper.util.PapoTickProfile] PapoTickProfile.phase player.pushEntities        total=   63.7ms avg/tick=  159.3us share=  0.5% n=66534
[21:56:36] [Server thread/INFO]: [STDOUT] [io.papermc.paper.util.PapoTickProfile] PapoTickProfile.phase sendChunks                 total=   44.4ms avg/tick=  111.0us share=  0.4% n=400
[21:56:36] [Server thread/INFO]: [STDOUT] [io.papermc.paper.util.PapoTickProfile] PapoTickProfile.phase server.taskDrain           total=   33.7ms avg/tick=   84.1us share=  0.3% n=400
[21:56:36] [Server thread/INFO]: [STDOUT] [io.papermc.paper.util.PapoTickProfile] PapoTickProfile.phase conn.flushQueue            total=    4.2ms avg/tick=   10.4us share=  0.0% n=64000
[21:56:36] [Server thread/INFO]: [STDOUT] [io.papermc.paper.util.PapoTickProfile] PapoTickProfile.phase functions                  total=    0.2ms avg/tick=    0.5us share=  0.0% n=400
[21:56:36] [Server thread/INFO]: [STDOUT] [io.papermc.paper.util.PapoTickProfile] PapoTickProfile.phase players                    total=    0.0ms avg/tick=    0.1us share=  0.0% n=400
[21:56:56] [Server thread/INFO]: [STDOUT] [io.papermc.paper.util.PapoTickProfile] PapoTickProfile window=400ticks totalWallMs=20002 measuredMs=10784 gcMs=27
[21:56:56] [Server thread/INFO]: [STDOUT] [io.papermc.paper.util.PapoTickProfile] PapoTickProfile.phase connection                 total= 2221.9ms avg/tick= 5554.8us share= 20.6% n=400
[21:56:56] [Server thread/INFO]: [STDOUT] [io.papermc.paper.util.PapoTickProfile] PapoTickProfile.phase conn.listenerTick          total= 2194.8ms avg/tick= 5487.1us share= 20.4% n=64000
[21:56:56] [Server thread/INFO]: [STDOUT] [io.papermc.paper.util.PapoTickProfile] PapoTickProfile.phase worlds                     total= 2119.1ms avg/tick= 5297.8us share= 19.7% n=400
[21:56:56] [Server thread/INFO]: [STDOUT] [io.papermc.paper.util.PapoTickProfile] PapoTickProfile.phase level.tickPending+misc     total= 1343.6ms avg/tick= 3359.0us share= 12.5% n=1200
[21:56:56] [Server thread/INFO]: [STDOUT] [io.papermc.paper.util.PapoTickProfile] PapoTickProfile.phase level.chunkSource          total= 1336.7ms avg/tick= 3341.7us share= 12.4% n=1200
[21:56:56] [Server thread/INFO]: [STDOUT] [io.papermc.paper.util.PapoTickProfile] PapoTickProfile.phase level.entities             total=  765.8ms avg/tick= 1914.5us share=  7.1% n=1200
[21:56:56] [Server thread/INFO]: [STDOUT] [io.papermc.paper.util.PapoTickProfile] PapoTickProfile.phase chunkMap.tracker.sendChanges total=  355.6ms avg/tick=  889.0us share=  3.3% n=1200
[21:56:56] [Server thread/INFO]: [STDOUT] [io.papermc.paper.util.PapoTickProfile] PapoTickProfile.phase chunkMap.tracker.maintain  total=  326.4ms avg/tick=  816.0us share=  3.0% n=1200
[21:56:56] [Server thread/INFO]: [STDOUT] [io.papermc.paper.util.PapoTickProfile] PapoTickProfile.phase player.pushEntities        total=   51.2ms avg/tick=  127.9us share=  0.5% n=67400
[21:56:56] [Server thread/INFO]: [STDOUT] [io.papermc.paper.util.PapoTickProfile] PapoTickProfile.phase sendChunks                 total=   35.7ms avg/tick=   89.2us share=  0.3% n=400
[21:56:56] [Server thread/INFO]: [STDOUT] [io.papermc.paper.util.PapoTickProfile] PapoTickProfile.phase server.taskDrain           total=   28.7ms avg/tick=   71.6us share=  0.3% n=400
[21:56:56] [Server thread/INFO]: [STDOUT] [io.papermc.paper.util.PapoTickProfile] PapoTickProfile.phase conn.flushQueue            total=    3.2ms avg/tick=    8.0us share=  0.0% n=64000
[21:56:56] [Server thread/INFO]: [STDOUT] [io.papermc.paper.util.PapoTickProfile] PapoTickProfile.phase players                    total=    1.5ms avg/tick=    3.8us share=  0.0% n=400
[21:56:56] [Server thread/INFO]: [STDOUT] [io.papermc.paper.util.PapoTickProfile] PapoTickProfile.phase functions                  total=    0.2ms avg/tick=    0.6us share=  0.0% n=400
[21:57:16] [Server thread/INFO]: [STDOUT] [io.papermc.paper.util.PapoTickProfile] PapoTickProfile window=400ticks totalWallMs=20001 measuredMs=10297 gcMs=3
[21:57:16] [Server thread/INFO]: [STDOUT] [io.papermc.paper.util.PapoTickProfile] PapoTickProfile.phase connection                 total= 2088.2ms avg/tick= 5220.4us share= 20.3% n=400
[21:57:16] [Server thread/INFO]: [STDOUT] [io.papermc.paper.util.PapoTickProfile] PapoTickProfile.phase conn.listenerTick          total= 2062.1ms avg/tick= 5155.2us share= 20.0% n=64000
[21:57:16] [Server thread/INFO]: [STDOUT] [io.papermc.paper.util.PapoTickProfile] PapoTickProfile.phase worlds                     total= 2030.1ms avg/tick= 5075.2us share= 19.7% n=400
[21:57:16] [Server thread/INFO]: [STDOUT] [io.papermc.paper.util.PapoTickProfile] PapoTickProfile.phase level.tickPending+misc     total= 1316.9ms avg/tick= 3292.2us share= 12.8% n=1200
[21:57:16] [Server thread/INFO]: [STDOUT] [io.papermc.paper.util.PapoTickProfile] PapoTickProfile.phase level.chunkSource          total= 1310.7ms avg/tick= 3276.7us share= 12.7% n=1200
[21:57:16] [Server thread/INFO]: [STDOUT] [io.papermc.paper.util.PapoTickProfile] PapoTickProfile.phase level.entities             total=  705.3ms avg/tick= 1763.2us share=  6.8% n=1200
[21:57:16] [Server thread/INFO]: [STDOUT] [io.papermc.paper.util.PapoTickProfile] PapoTickProfile.phase chunkMap.tracker.sendChanges total=  352.1ms avg/tick=  880.1us share=  3.4% n=1200
[21:57:16] [Server thread/INFO]: [STDOUT] [io.papermc.paper.util.PapoTickProfile] PapoTickProfile.phase chunkMap.tracker.maintain  total=  311.9ms avg/tick=  779.8us share=  3.0% n=1200
[21:57:16] [Server thread/INFO]: [STDOUT] [io.papermc.paper.util.PapoTickProfile] PapoTickProfile.phase player.pushEntities        total=   50.9ms avg/tick=  127.3us share=  0.5% n=67051
[21:57:16] [Server thread/INFO]: [STDOUT] [io.papermc.paper.util.PapoTickProfile] PapoTickProfile.phase sendChunks                 total=   37.0ms avg/tick=   92.6us share=  0.4% n=400
[21:57:16] [Server thread/INFO]: [STDOUT] [io.papermc.paper.util.PapoTickProfile] PapoTickProfile.phase server.taskDrain           total=   28.1ms avg/tick=   70.2us share=  0.3% n=400
[21:57:16] [Server thread/INFO]: [STDOUT] [io.papermc.paper.util.PapoTickProfile] PapoTickProfile.phase conn.flushQueue            total=    3.7ms avg/tick=    9.3us share=  0.0% n=64000
[21:57:16] [Server thread/INFO]: [STDOUT] [io.papermc.paper.util.PapoTickProfile] PapoTickProfile.phase players                    total=    0.9ms avg/tick=    2.2us share=  0.0% n=400
[21:57:16] [Server thread/INFO]: [STDOUT] [io.papermc.paper.util.PapoTickProfile] PapoTickProfile.phase functions                  total=    0.2ms avg/tick=    0.4us share=  0.0% n=400
[21:57:36] [Server thread/INFO]: [STDOUT] [io.papermc.paper.util.PapoTickProfile] PapoTickProfile window=400ticks totalWallMs=20025 measuredMs=13192 gcMs=16
[21:57:36] [Server thread/INFO]: [STDOUT] [io.papermc.paper.util.PapoTickProfile] PapoTickProfile.phase connection                 total= 2855.2ms avg/tick= 7138.1us share= 21.6% n=400
[21:57:36] [Server thread/INFO]: [STDOUT] [io.papermc.paper.util.PapoTickProfile] PapoTickProfile.phase conn.listenerTick          total= 2818.6ms avg/tick= 7046.4us share= 21.4% n=64000
[21:57:36] [Server thread/INFO]: [STDOUT] [io.papermc.paper.util.PapoTickProfile] PapoTickProfile.phase worlds                     total= 2502.3ms avg/tick= 6255.7us share= 19.0% n=400
[21:57:36] [Server thread/INFO]: [STDOUT] [io.papermc.paper.util.PapoTickProfile] PapoTickProfile.phase level.tickPending+misc     total= 1579.1ms avg/tick= 3947.7us share= 12.0% n=1200
[21:57:36] [Server thread/INFO]: [STDOUT] [io.papermc.paper.util.PapoTickProfile] PapoTickProfile.phase level.chunkSource          total= 1571.5ms avg/tick= 3928.8us share= 11.9% n=1200
[21:57:36] [Server thread/INFO]: [STDOUT] [io.papermc.paper.util.PapoTickProfile] PapoTickProfile.phase level.entities             total=  914.1ms avg/tick= 2285.3us share=  6.9% n=1200
[21:57:36] [Server thread/INFO]: [STDOUT] [io.papermc.paper.util.PapoTickProfile] PapoTickProfile.phase chunkMap.tracker.sendChanges total=  398.0ms avg/tick=  995.1us share=  3.0% n=1200
[21:57:36] [Server thread/INFO]: [STDOUT] [io.papermc.paper.util.PapoTickProfile] PapoTickProfile.phase chunkMap.tracker.maintain  total=  398.0ms avg/tick=  995.0us share=  3.0% n=1200
[21:57:36] [Server thread/INFO]: [STDOUT] [io.papermc.paper.util.PapoTickProfile] PapoTickProfile.phase player.pushEntities        total=   66.6ms avg/tick=  166.5us share=  0.5% n=67823
[21:57:36] [Server thread/INFO]: [STDOUT] [io.papermc.paper.util.PapoTickProfile] PapoTickProfile.phase sendChunks                 total=   50.9ms avg/tick=  127.4us share=  0.4% n=400
[21:57:36] [Server thread/INFO]: [STDOUT] [io.papermc.paper.util.PapoTickProfile] PapoTickProfile.phase server.taskDrain           total=   32.6ms avg/tick=   81.6us share=  0.2% n=400
[21:57:36] [Server thread/INFO]: [STDOUT] [io.papermc.paper.util.PapoTickProfile] PapoTickProfile.phase conn.flushQueue            total=    5.2ms avg/tick=   13.1us share=  0.0% n=64000
[21:57:36] [Server thread/INFO]: [STDOUT] [io.papermc.paper.util.PapoTickProfile] PapoTickProfile.phase functions                  total=    0.3ms avg/tick=    0.9us share=  0.0% n=400
[21:57:36] [Server thread/INFO]: [STDOUT] [io.papermc.paper.util.PapoTickProfile] PapoTickProfile.phase players                    total=    0.1ms avg/tick=    0.1us share=  0.0% n=400
[21:57:56] [Server thread/INFO]: [STDOUT] [io.papermc.paper.util.PapoTickProfile] PapoTickProfile window=400ticks totalWallMs=19967 measuredMs=11798 gcMs=8
[21:57:56] [Server thread/INFO]: [STDOUT] [io.papermc.paper.util.PapoTickProfile] PapoTickProfile.phase worlds                     total= 2367.1ms avg/tick= 5917.7us share= 20.1% n=400
[21:57:56] [Server thread/INFO]: [STDOUT] [io.papermc.paper.util.PapoTickProfile] PapoTickProfile.phase connection                 total= 2299.4ms avg/tick= 5748.4us share= 19.5% n=400
[21:57:56] [Server thread/INFO]: [STDOUT] [io.papermc.paper.util.PapoTickProfile] PapoTickProfile.phase conn.listenerTick          total= 2271.9ms avg/tick= 5679.8us share= 19.3% n=64000
[21:57:56] [Server thread/INFO]: [STDOUT] [io.papermc.paper.util.PapoTickProfile] PapoTickProfile.phase level.tickPending+misc     total= 1553.2ms avg/tick= 3882.9us share= 13.2% n=1200
[21:57:56] [Server thread/INFO]: [STDOUT] [io.papermc.paper.util.PapoTickProfile] PapoTickProfile.phase level.chunkSource          total= 1542.4ms avg/tick= 3855.9us share= 13.1% n=1200
[21:57:56] [Server thread/INFO]: [STDOUT] [io.papermc.paper.util.PapoTickProfile] PapoTickProfile.phase level.entities             total=  800.7ms avg/tick= 2001.7us share=  6.8% n=1200
[21:57:56] [Server thread/INFO]: [STDOUT] [io.papermc.paper.util.PapoTickProfile] PapoTickProfile.phase chunkMap.tracker.sendChanges total=  424.5ms avg/tick= 1061.2us share=  3.6% n=1200
[21:57:56] [Server thread/INFO]: [STDOUT] [io.papermc.paper.util.PapoTickProfile] PapoTickProfile.phase chunkMap.tracker.maintain  total=  390.8ms avg/tick=  977.0us share=  3.3% n=1200
[21:57:56] [Server thread/INFO]: [STDOUT] [io.papermc.paper.util.PapoTickProfile] PapoTickProfile.phase player.pushEntities        total=   54.5ms avg/tick=  136.2us share=  0.5% n=67446
[21:57:56] [Server thread/INFO]: [STDOUT] [io.papermc.paper.util.PapoTickProfile] PapoTickProfile.phase server.taskDrain           total=   50.5ms avg/tick=  126.4us share=  0.4% n=400
[21:57:56] [Server thread/INFO]: [STDOUT] [io.papermc.paper.util.PapoTickProfile] PapoTickProfile.phase sendChunks                 total=   36.8ms avg/tick=   91.9us share=  0.3% n=400
[21:57:56] [Server thread/INFO]: [STDOUT] [io.papermc.paper.util.PapoTickProfile] PapoTickProfile.phase conn.flushQueue            total=    4.3ms avg/tick=   10.8us share=  0.0% n=64000
[21:57:56] [Server thread/INFO]: [STDOUT] [io.papermc.paper.util.PapoTickProfile] PapoTickProfile.phase players                    total=    1.8ms avg/tick=    4.4us share=  0.0% n=400
[21:57:56] [Server thread/INFO]: [STDOUT] [io.papermc.paper.util.PapoTickProfile] PapoTickProfile.phase functions                  total=    0.4ms avg/tick=    1.0us share=  0.0% n=400
[21:58:16] [Server thread/INFO]: [STDOUT] [io.papermc.paper.util.PapoTickProfile] PapoTickProfile window=400ticks totalWallMs=20002 measuredMs=11319 gcMs=8
[21:58:16] [Server thread/INFO]: [STDOUT] [io.papermc.paper.util.PapoTickProfile] PapoTickProfile.phase connection                 total= 2270.8ms avg/tick= 5677.0us share= 20.1% n=400
[21:58:16] [Server thread/INFO]: [STDOUT] [io.papermc.paper.util.PapoTickProfile] PapoTickProfile.phase conn.listenerTick          total= 2244.2ms avg/tick= 5610.5us share= 19.8% n=64000
[21:58:16] [Server thread/INFO]: [STDOUT] [io.papermc.paper.util.PapoTickProfile] PapoTickProfile.phase worlds                     total= 2220.4ms avg/tick= 5551.1us share= 19.6% n=400
[21:58:16] [Server thread/INFO]: [STDOUT] [io.papermc.paper.util.PapoTickProfile] PapoTickProfile.phase level.tickPending+misc     total= 1475.6ms avg/tick= 3689.0us share= 13.0% n=1200
[21:58:16] [Server thread/INFO]: [STDOUT] [io.papermc.paper.util.PapoTickProfile] PapoTickProfile.phase level.chunkSource          total= 1461.5ms avg/tick= 3653.6us share= 12.9% n=1200
[21:58:16] [Server thread/INFO]: [STDOUT] [io.papermc.paper.util.PapoTickProfile] PapoTickProfile.phase level.entities             total=  731.1ms avg/tick= 1827.7us share=  6.5% n=1200
[21:58:16] [Server thread/INFO]: [STDOUT] [io.papermc.paper.util.PapoTickProfile] PapoTickProfile.phase chunkMap.tracker.sendChanges total=  460.5ms avg/tick= 1151.3us share=  4.1% n=1200
[21:58:16] [Server thread/INFO]: [STDOUT] [io.papermc.paper.util.PapoTickProfile] PapoTickProfile.phase chunkMap.tracker.maintain  total=  328.8ms avg/tick=  822.1us share=  2.9% n=1200
[21:58:16] [Server thread/INFO]: [STDOUT] [io.papermc.paper.util.PapoTickProfile] PapoTickProfile.phase player.pushEntities        total=   56.5ms avg/tick=  141.4us share=  0.5% n=66869
[21:58:16] [Server thread/INFO]: [STDOUT] [io.papermc.paper.util.PapoTickProfile] PapoTickProfile.phase sendChunks                 total=   37.3ms avg/tick=   93.3us share=  0.3% n=400
[21:58:16] [Server thread/INFO]: [STDOUT] [io.papermc.paper.util.PapoTickProfile] PapoTickProfile.phase server.taskDrain           total=   27.6ms avg/tick=   69.1us share=  0.2% n=400
[21:58:16] [Server thread/INFO]: [STDOUT] [io.papermc.paper.util.PapoTickProfile] PapoTickProfile.phase conn.flushQueue            total=    3.9ms avg/tick=    9.9us share=  0.0% n=64000
[21:58:16] [Server thread/INFO]: [STDOUT] [io.papermc.paper.util.PapoTickProfile] PapoTickProfile.phase players                    total=    0.8ms avg/tick=    2.0us share=  0.0% n=400
[21:58:16] [Server thread/INFO]: [STDOUT] [io.papermc.paper.util.PapoTickProfile] PapoTickProfile.phase functions                  total=    0.7ms avg/tick=    1.7us share=  0.0% n=400
[21:58:36] [Server thread/INFO]: [STDOUT] [io.papermc.paper.util.PapoTickProfile] PapoTickProfile window=400ticks totalWallMs=19996 measuredMs=15332 gcMs=21
[21:58:36] [Server thread/INFO]: [STDOUT] [io.papermc.paper.util.PapoTickProfile] PapoTickProfile.phase connection                 total= 3967.4ms avg/tick= 9918.6us share= 25.9% n=400
[21:58:36] [Server thread/INFO]: [STDOUT] [io.papermc.paper.util.PapoTickProfile] PapoTickProfile.phase conn.listenerTick          total= 2843.1ms avg/tick= 7107.8us share= 18.5% n=60060
[21:58:36] [Server thread/INFO]: [STDOUT] [io.papermc.paper.util.PapoTickProfile] PapoTickProfile.phase worlds                     total= 2773.6ms avg/tick= 6933.9us share= 18.1% n=400
[21:58:36] [Server thread/INFO]: [STDOUT] [io.papermc.paper.util.PapoTickProfile] PapoTickProfile.phase level.tickPending+misc     total= 1817.0ms avg/tick= 4542.5us share= 11.9% n=1200
[21:58:36] [Server thread/INFO]: [STDOUT] [io.papermc.paper.util.PapoTickProfile] PapoTickProfile.phase level.chunkSource          total= 1803.1ms avg/tick= 4507.7us share= 11.8% n=1200
[21:58:36] [Server thread/INFO]: [STDOUT] [io.papermc.paper.util.PapoTickProfile] PapoTickProfile.phase level.entities             total=  939.8ms avg/tick= 2349.4us share=  6.1% n=1200
[21:58:36] [Server thread/INFO]: [STDOUT] [io.papermc.paper.util.PapoTickProfile] PapoTickProfile.phase chunkMap.tracker.sendChanges total=  620.5ms avg/tick= 1551.4us share=  4.0% n=1200
[21:58:36] [Server thread/INFO]: [STDOUT] [io.papermc.paper.util.PapoTickProfile] PapoTickProfile.phase chunkMap.tracker.maintain  total=  400.7ms avg/tick= 1001.9us share=  2.6% n=1200
[21:58:36] [Server thread/INFO]: [STDOUT] [io.papermc.paper.util.PapoTickProfile] PapoTickProfile.phase player.pushEntities        total=   72.8ms avg/tick=  182.0us share=  0.5% n=64947
[21:58:36] [Server thread/INFO]: [STDOUT] [io.papermc.paper.util.PapoTickProfile] PapoTickProfile.phase sendChunks                 total=   59.1ms avg/tick=  147.6us share=  0.4% n=400
[21:58:36] [Server thread/INFO]: [STDOUT] [io.papermc.paper.util.PapoTickProfile] PapoTickProfile.phase server.taskDrain           total=   29.3ms avg/tick=   73.3us share=  0.2% n=400
[21:58:36] [Server thread/INFO]: [STDOUT] [io.papermc.paper.util.PapoTickProfile] PapoTickProfile.phase conn.flushQueue            total=    5.4ms avg/tick=   13.4us share=  0.0% n=60060
[21:58:36] [Server thread/INFO]: [STDOUT] [io.papermc.paper.util.PapoTickProfile] PapoTickProfile.phase functions                  total=    0.8ms avg/tick=    2.0us share=  0.0% n=400
[21:58:36] [Server thread/INFO]: [STDOUT] [io.papermc.paper.util.PapoTickProfile] PapoTickProfile.phase players                    total=    0.3ms avg/tick=    0.6us share=  0.0% n=400
logErrors=0 exited=true
