boot: [22:36:02 INFO]: Done (32.595s)! For help, type "help"
walk window done (40 bots x 360000ms)
---- PapoTickProfile windows (from logs/latest.log) ----
[22:36:02] [Server thread/INFO]: [STDOUT] [io.papermc.paper.util.PapoTickProfile] PapoTickProfile window=400ticks totalWallMs=0 measuredMs=0 gcMs=0
[22:36:24] [Server thread/INFO]: [STDOUT] [io.papermc.paper.util.PapoTickProfile] PapoTickProfile window=400ticks totalWallMs=22850 measuredMs=19534 gcMs=227
[22:36:24] [Server thread/INFO]: [STDOUT] [io.papermc.paper.util.PapoTickProfile] PapoTickProfile.phase worlds                     total= 5489.2ms avg/tick=13723.1us share= 28.1% n=400
[22:36:24] [Server thread/INFO]: [STDOUT] [io.papermc.paper.util.PapoTickProfile] PapoTickProfile.phase level.tickPending+misc     total= 3390.5ms avg/tick= 8476.3us share= 17.4% n=1200
[22:36:24] [Server thread/INFO]: [STDOUT] [io.papermc.paper.util.PapoTickProfile] PapoTickProfile.phase level.chunkSource          total= 2563.4ms avg/tick= 6408.4us share= 13.1% n=1200
[22:36:24] [Server thread/INFO]: [STDOUT] [io.papermc.paper.util.PapoTickProfile] PapoTickProfile.phase level.entities             total= 2007.3ms avg/tick= 5018.3us share= 10.3% n=1200
[22:36:24] [Server thread/INFO]: [STDOUT] [io.papermc.paper.util.PapoTickProfile] PapoTickProfile.phase connection                 total= 1587.2ms avg/tick= 3968.0us share=  8.1% n=400
[22:36:24] [Server thread/INFO]: [STDOUT] [io.papermc.paper.util.PapoTickProfile] PapoTickProfile.phase conn.listenerTick          total= 1549.4ms avg/tick= 3873.4us share=  7.9% n=14165
[22:36:24] [Server thread/INFO]: [STDOUT] [io.papermc.paper.util.PapoTickProfile] PapoTickProfile.phase server.taskDrain           total= 1179.7ms avg/tick= 2949.2us share=  6.0% n=400
[22:36:24] [Server thread/INFO]: [STDOUT] [io.papermc.paper.util.PapoTickProfile] PapoTickProfile.phase player.superTick           total= 1013.9ms avg/tick= 2534.8us share=  5.2% n=11800
[22:36:24] [Server thread/INFO]: [STDOUT] [io.papermc.paper.util.PapoTickProfile] PapoTickProfile.phase chunkMap.tracker.sendChanges total=  228.1ms avg/tick=  570.4us share=  1.2% n=1200
[22:36:24] [Server thread/INFO]: [STDOUT] [io.papermc.paper.util.PapoTickProfile] PapoTickProfile.phase chunkMap.tracker.fanout    total=  190.1ms avg/tick=  475.3us share=  1.0% n=1200
[22:36:24] [Server thread/INFO]: [STDOUT] [io.papermc.paper.util.PapoTickProfile] PapoTickProfile.phase chunkMap.tracker.maintain  total=  178.9ms avg/tick=  447.2us share=  0.9% n=1200
[22:36:24] [Server thread/INFO]: [STDOUT] [io.papermc.paper.util.PapoTickProfile] PapoTickProfile.phase sendChunks                 total=   57.3ms avg/tick=  143.2us share=  0.3% n=400
[22:36:24] [Server thread/INFO]: [STDOUT] [io.papermc.paper.util.PapoTickProfile] PapoTickProfile.phase player.pushEntities        total=   48.8ms avg/tick=  121.9us share=  0.2% n=17686
[22:36:24] [Server thread/INFO]: [STDOUT] [io.papermc.paper.util.PapoTickProfile] PapoTickProfile.phase player.aiStepTouchScan     total=   40.5ms avg/tick=  101.2us share=  0.2% n=11800
[22:36:24] [Server thread/INFO]: [STDOUT] [io.papermc.paper.util.PapoTickProfile] PapoTickProfile.phase conn.flushQueue            total=    7.2ms avg/tick=   17.9us share=  0.0% n=14193
[22:36:24] [Server thread/INFO]: [STDOUT] [io.papermc.paper.util.PapoTickProfile] PapoTickProfile.phase functions                  total=    1.9ms avg/tick=    4.7us share=  0.0% n=400
[22:36:24] [Server thread/INFO]: [STDOUT] [io.papermc.paper.util.PapoTickProfile] PapoTickProfile.phase players                    total=    1.2ms avg/tick=    2.9us share=  0.0% n=400
[22:36:44] [Server thread/INFO]: [STDOUT] [io.papermc.paper.util.PapoTickProfile] PapoTickProfile window=400ticks totalWallMs=19998 measuredMs=6786 gcMs=7
[22:36:44] [Server thread/INFO]: [STDOUT] [io.papermc.paper.util.PapoTickProfile] PapoTickProfile.phase worlds                     total= 1819.5ms avg/tick= 4548.8us share= 26.8% n=400
[22:36:44] [Server thread/INFO]: [STDOUT] [io.papermc.paper.util.PapoTickProfile] PapoTickProfile.phase level.tickPending+misc     total= 1105.7ms avg/tick= 2764.2us share= 16.3% n=1200
[22:36:44] [Server thread/INFO]: [STDOUT] [io.papermc.paper.util.PapoTickProfile] PapoTickProfile.phase level.chunkSource          total= 1062.5ms avg/tick= 2656.4us share= 15.7% n=1200
[22:36:44] [Server thread/INFO]: [STDOUT] [io.papermc.paper.util.PapoTickProfile] PapoTickProfile.phase level.entities             total=  695.0ms avg/tick= 1737.6us share= 10.2% n=1200
[22:36:44] [Server thread/INFO]: [STDOUT] [io.papermc.paper.util.PapoTickProfile] PapoTickProfile.phase connection                 total=  431.6ms avg/tick= 1079.0us share=  6.4% n=400
[22:36:44] [Server thread/INFO]: [STDOUT] [io.papermc.paper.util.PapoTickProfile] PapoTickProfile.phase conn.listenerTick          total=  420.8ms avg/tick= 1052.0us share=  6.2% n=16000
[22:36:44] [Server thread/INFO]: [STDOUT] [io.papermc.paper.util.PapoTickProfile] PapoTickProfile.phase chunkMap.tracker.sendChanges total=  381.6ms avg/tick=  954.1us share=  5.6% n=1200
[22:36:44] [Server thread/INFO]: [STDOUT] [io.papermc.paper.util.PapoTickProfile] PapoTickProfile.phase chunkMap.tracker.fanout    total=  367.2ms avg/tick=  918.0us share=  5.4% n=1200
[22:36:44] [Server thread/INFO]: [STDOUT] [io.papermc.paper.util.PapoTickProfile] PapoTickProfile.phase player.superTick           total=  304.9ms avg/tick=  762.4us share=  4.5% n=16000
[22:36:44] [Server thread/INFO]: [STDOUT] [io.papermc.paper.util.PapoTickProfile] PapoTickProfile.phase chunkMap.tracker.maintain  total=  101.8ms avg/tick=  254.4us share=  1.5% n=1200
[22:36:44] [Server thread/INFO]: [STDOUT] [io.papermc.paper.util.PapoTickProfile] PapoTickProfile.phase sendChunks                 total=   41.7ms avg/tick=  104.3us share=  0.6% n=400
[22:36:44] [Server thread/INFO]: [STDOUT] [io.papermc.paper.util.PapoTickProfile] PapoTickProfile.phase server.taskDrain           total=   27.4ms avg/tick=   68.5us share=  0.4% n=400
[22:36:44] [Server thread/INFO]: [STDOUT] [io.papermc.paper.util.PapoTickProfile] PapoTickProfile.phase player.pushEntities        total=   13.4ms avg/tick=   33.5us share=  0.2% n=22544
[22:36:44] [Server thread/INFO]: [STDOUT] [io.papermc.paper.util.PapoTickProfile] PapoTickProfile.phase player.aiStepTouchScan     total=    9.2ms avg/tick=   23.0us share=  0.1% n=16000
[22:36:44] [Server thread/INFO]: [STDOUT] [io.papermc.paper.util.PapoTickProfile] PapoTickProfile.phase players                    total=    2.9ms avg/tick=    7.3us share=  0.0% n=400
[22:36:44] [Server thread/INFO]: [STDOUT] [io.papermc.paper.util.PapoTickProfile] PapoTickProfile.phase conn.flushQueue            total=    1.3ms avg/tick=    3.2us share=  0.0% n=16000
[22:36:44] [Server thread/INFO]: [STDOUT] [io.papermc.paper.util.PapoTickProfile] PapoTickProfile.phase functions                  total=    0.3ms avg/tick=    0.6us share=  0.0% n=400
[22:37:04] [Server thread/INFO]: [STDOUT] [io.papermc.paper.util.PapoTickProfile] PapoTickProfile window=400ticks totalWallMs=20000 measuredMs=6184 gcMs=0
[22:37:04] [Server thread/INFO]: [STDOUT] [io.papermc.paper.util.PapoTickProfile] PapoTickProfile.phase worlds                     total= 1584.0ms avg/tick= 3960.1us share= 25.6% n=400
[22:37:04] [Server thread/INFO]: [STDOUT] [io.papermc.paper.util.PapoTickProfile] PapoTickProfile.phase level.tickPending+misc     total= 1038.7ms avg/tick= 2596.7us share= 16.8% n=1200
[22:37:04] [Server thread/INFO]: [STDOUT] [io.papermc.paper.util.PapoTickProfile] PapoTickProfile.phase level.chunkSource          total= 1019.3ms avg/tick= 2548.2us share= 16.5% n=1200
[22:37:04] [Server thread/INFO]: [STDOUT] [io.papermc.paper.util.PapoTickProfile] PapoTickProfile.phase level.entities             total=  527.9ms avg/tick= 1319.8us share=  8.5% n=1200
[22:37:04] [Server thread/INFO]: [STDOUT] [io.papermc.paper.util.PapoTickProfile] PapoTickProfile.phase chunkMap.tracker.sendChanges total=  433.6ms avg/tick= 1084.0us share=  7.0% n=1200
[22:37:04] [Server thread/INFO]: [STDOUT] [io.papermc.paper.util.PapoTickProfile] PapoTickProfile.phase chunkMap.tracker.fanout    total=  428.2ms avg/tick= 1070.4us share=  6.9% n=1200
[22:37:04] [Server thread/INFO]: [STDOUT] [io.papermc.paper.util.PapoTickProfile] PapoTickProfile.phase connection                 total=  367.4ms avg/tick=  918.5us share=  5.9% n=400
[22:37:04] [Server thread/INFO]: [STDOUT] [io.papermc.paper.util.PapoTickProfile] PapoTickProfile.phase conn.listenerTick          total=  356.6ms avg/tick=  891.5us share=  5.8% n=16000
[22:37:04] [Server thread/INFO]: [STDOUT] [io.papermc.paper.util.PapoTickProfile] PapoTickProfile.phase player.superTick           total=  264.7ms avg/tick=  661.8us share=  4.3% n=16000
[22:37:04] [Server thread/INFO]: [STDOUT] [io.papermc.paper.util.PapoTickProfile] PapoTickProfile.phase chunkMap.tracker.maintain  total=   84.9ms avg/tick=  212.2us share=  1.4% n=1200
[22:37:04] [Server thread/INFO]: [STDOUT] [io.papermc.paper.util.PapoTickProfile] PapoTickProfile.phase sendChunks                 total=   33.5ms avg/tick=   83.8us share=  0.5% n=400
[22:37:04] [Server thread/INFO]: [STDOUT] [io.papermc.paper.util.PapoTickProfile] PapoTickProfile.phase server.taskDrain           total=   25.0ms avg/tick=   62.5us share=  0.4% n=400
[22:37:04] [Server thread/INFO]: [STDOUT] [io.papermc.paper.util.PapoTickProfile] PapoTickProfile.phase player.pushEntities        total=   11.3ms avg/tick=   28.3us share=  0.2% n=21005
[22:37:04] [Server thread/INFO]: [STDOUT] [io.papermc.paper.util.PapoTickProfile] PapoTickProfile.phase player.aiStepTouchScan     total=    7.9ms avg/tick=   19.7us share=  0.1% n=16000
[22:37:04] [Server thread/INFO]: [STDOUT] [io.papermc.paper.util.PapoTickProfile] PapoTickProfile.phase conn.flushQueue            total=    1.0ms avg/tick=    2.6us share=  0.0% n=16000
[22:37:04] [Server thread/INFO]: [STDOUT] [io.papermc.paper.util.PapoTickProfile] PapoTickProfile.phase functions                  total=    0.2ms avg/tick=    0.6us share=  0.0% n=400
[22:37:04] [Server thread/INFO]: [STDOUT] [io.papermc.paper.util.PapoTickProfile] PapoTickProfile.phase players                    total=    0.1ms avg/tick=    0.3us share=  0.0% n=400
[22:37:24] [Server thread/INFO]: [STDOUT] [io.papermc.paper.util.PapoTickProfile] PapoTickProfile window=400ticks totalWallMs=19999 measuredMs=5249 gcMs=0
[22:37:24] [Server thread/INFO]: [STDOUT] [io.papermc.paper.util.PapoTickProfile] PapoTickProfile.phase worlds                     total= 1335.1ms avg/tick= 3337.7us share= 25.4% n=400
[22:37:24] [Server thread/INFO]: [STDOUT] [io.papermc.paper.util.PapoTickProfile] PapoTickProfile.phase level.tickPending+misc     total=  896.7ms avg/tick= 2241.7us share= 17.1% n=1200
[22:37:24] [Server thread/INFO]: [STDOUT] [io.papermc.paper.util.PapoTickProfile] PapoTickProfile.phase level.chunkSource          total=  885.4ms avg/tick= 2213.4us share= 16.9% n=1200
[22:37:24] [Server thread/INFO]: [STDOUT] [io.papermc.paper.util.PapoTickProfile] PapoTickProfile.phase level.entities             total=  423.1ms avg/tick= 1057.8us share=  8.1% n=1200
[22:37:24] [Server thread/INFO]: [STDOUT] [io.papermc.paper.util.PapoTickProfile] PapoTickProfile.phase chunkMap.tracker.sendChanges total=  348.7ms avg/tick=  871.8us share=  6.6% n=1200
[22:37:24] [Server thread/INFO]: [STDOUT] [io.papermc.paper.util.PapoTickProfile] PapoTickProfile.phase chunkMap.tracker.fanout    total=  342.4ms avg/tick=  855.9us share=  6.5% n=1200
[22:37:24] [Server thread/INFO]: [STDOUT] [io.papermc.paper.util.PapoTickProfile] PapoTickProfile.phase connection                 total=  325.7ms avg/tick=  814.2us share=  6.2% n=400
[22:37:24] [Server thread/INFO]: [STDOUT] [io.papermc.paper.util.PapoTickProfile] PapoTickProfile.phase conn.listenerTick          total=  315.3ms avg/tick=  788.3us share=  6.0% n=16000
[22:37:24] [Server thread/INFO]: [STDOUT] [io.papermc.paper.util.PapoTickProfile] PapoTickProfile.phase player.superTick           total=  231.4ms avg/tick=  578.4us share=  4.4% n=16000
[22:37:24] [Server thread/INFO]: [STDOUT] [io.papermc.paper.util.PapoTickProfile] PapoTickProfile.phase chunkMap.tracker.maintain  total=   75.2ms avg/tick=  188.1us share=  1.4% n=1200
[22:37:24] [Server thread/INFO]: [STDOUT] [io.papermc.paper.util.PapoTickProfile] PapoTickProfile.phase sendChunks                 total=   29.2ms avg/tick=   73.0us share=  0.6% n=400
[22:37:24] [Server thread/INFO]: [STDOUT] [io.papermc.paper.util.PapoTickProfile] PapoTickProfile.phase server.taskDrain           total=   21.3ms avg/tick=   53.2us share=  0.4% n=400
[22:37:24] [Server thread/INFO]: [STDOUT] [io.papermc.paper.util.PapoTickProfile] PapoTickProfile.phase player.pushEntities        total=   11.0ms avg/tick=   27.4us share=  0.2% n=20055
[22:37:24] [Server thread/INFO]: [STDOUT] [io.papermc.paper.util.PapoTickProfile] PapoTickProfile.phase player.aiStepTouchScan     total=    6.8ms avg/tick=   16.9us share=  0.1% n=16000
[22:37:24] [Server thread/INFO]: [STDOUT] [io.papermc.paper.util.PapoTickProfile] PapoTickProfile.phase players                    total=    1.1ms avg/tick=    2.8us share=  0.0% n=400
[22:37:24] [Server thread/INFO]: [STDOUT] [io.papermc.paper.util.PapoTickProfile] PapoTickProfile.phase conn.flushQueue            total=    0.9ms avg/tick=    2.2us share=  0.0% n=16000
[22:37:24] [Server thread/INFO]: [STDOUT] [io.papermc.paper.util.PapoTickProfile] PapoTickProfile.phase functions                  total=    0.2ms avg/tick=    0.5us share=  0.0% n=400
[22:37:44] [Server thread/INFO]: [STDOUT] [io.papermc.paper.util.PapoTickProfile] PapoTickProfile window=400ticks totalWallMs=19999 measuredMs=5283 gcMs=18
[22:37:44] [Server thread/INFO]: [STDOUT] [io.papermc.paper.util.PapoTickProfile] PapoTickProfile.phase worlds                     total= 1337.8ms avg/tick= 3344.4us share= 25.3% n=400
[22:37:44] [Server thread/INFO]: [STDOUT] [io.papermc.paper.util.PapoTickProfile] PapoTickProfile.phase level.tickPending+misc     total=  900.4ms avg/tick= 2250.9us share= 17.0% n=1200
[22:37:44] [Server thread/INFO]: [STDOUT] [io.papermc.paper.util.PapoTickProfile] PapoTickProfile.phase level.chunkSource          total=  887.5ms avg/tick= 2218.7us share= 16.8% n=1200
[22:37:44] [Server thread/INFO]: [STDOUT] [io.papermc.paper.util.PapoTickProfile] PapoTickProfile.phase level.entities             total=  423.1ms avg/tick= 1057.8us share=  8.0% n=1200
[22:37:44] [Server thread/INFO]: [STDOUT] [io.papermc.paper.util.PapoTickProfile] PapoTickProfile.phase chunkMap.tracker.sendChanges total=  357.1ms avg/tick=  892.7us share=  6.8% n=1200
[22:37:44] [Server thread/INFO]: [STDOUT] [io.papermc.paper.util.PapoTickProfile] PapoTickProfile.phase chunkMap.tracker.fanout    total=  351.7ms avg/tick=  879.3us share=  6.7% n=1200
[22:37:44] [Server thread/INFO]: [STDOUT] [io.papermc.paper.util.PapoTickProfile] PapoTickProfile.phase connection                 total=  325.8ms avg/tick=  814.4us share=  6.2% n=400
[22:37:44] [Server thread/INFO]: [STDOUT] [io.papermc.paper.util.PapoTickProfile] PapoTickProfile.phase conn.listenerTick          total=  318.4ms avg/tick=  796.0us share=  6.0% n=16000
[22:37:44] [Server thread/INFO]: [STDOUT] [io.papermc.paper.util.PapoTickProfile] PapoTickProfile.phase player.superTick           total=  232.4ms avg/tick=  581.1us share=  4.4% n=16000
[22:37:44] [Server thread/INFO]: [STDOUT] [io.papermc.paper.util.PapoTickProfile] PapoTickProfile.phase chunkMap.tracker.maintain  total=   74.5ms avg/tick=  186.1us share=  1.4% n=1200
[22:37:44] [Server thread/INFO]: [STDOUT] [io.papermc.paper.util.PapoTickProfile] PapoTickProfile.phase sendChunks                 total=   31.2ms avg/tick=   78.0us share=  0.6% n=400
[22:37:44] [Server thread/INFO]: [STDOUT] [io.papermc.paper.util.PapoTickProfile] PapoTickProfile.phase server.taskDrain           total=   22.2ms avg/tick=   55.5us share=  0.4% n=400
[22:37:44] [Server thread/INFO]: [STDOUT] [io.papermc.paper.util.PapoTickProfile] PapoTickProfile.phase player.pushEntities        total=   11.5ms avg/tick=   28.7us share=  0.2% n=21610
[22:37:44] [Server thread/INFO]: [STDOUT] [io.papermc.paper.util.PapoTickProfile] PapoTickProfile.phase player.aiStepTouchScan     total=    8.0ms avg/tick=   20.0us share=  0.2% n=16000
[22:37:44] [Server thread/INFO]: [STDOUT] [io.papermc.paper.util.PapoTickProfile] PapoTickProfile.phase conn.flushQueue            total=    0.9ms avg/tick=    2.4us share=  0.0% n=16000
[22:37:44] [Server thread/INFO]: [STDOUT] [io.papermc.paper.util.PapoTickProfile] PapoTickProfile.phase players                    total=    0.8ms avg/tick=    2.0us share=  0.0% n=400
[22:37:44] [Server thread/INFO]: [STDOUT] [io.papermc.paper.util.PapoTickProfile] PapoTickProfile.phase functions                  total=    0.2ms avg/tick=    0.4us share=  0.0% n=400
[22:38:04] [Server thread/INFO]: [STDOUT] [io.papermc.paper.util.PapoTickProfile] PapoTickProfile window=400ticks totalWallMs=20001 measuredMs=4767 gcMs=0
[22:38:04] [Server thread/INFO]: [STDOUT] [io.papermc.paper.util.PapoTickProfile] PapoTickProfile.phase worlds                     total= 1233.2ms avg/tick= 3083.1us share= 25.9% n=400
[22:38:04] [Server thread/INFO]: [STDOUT] [io.papermc.paper.util.PapoTickProfile] PapoTickProfile.phase level.tickPending+misc     total=  782.2ms avg/tick= 1955.6us share= 16.4% n=1200
[22:38:04] [Server thread/INFO]: [STDOUT] [io.papermc.paper.util.PapoTickProfile] PapoTickProfile.phase level.chunkSource          total=  771.5ms avg/tick= 1928.8us share= 16.2% n=1200
[22:38:04] [Server thread/INFO]: [STDOUT] [io.papermc.paper.util.PapoTickProfile] PapoTickProfile.phase level.entities             total=  438.4ms avg/tick= 1096.0us share=  9.2% n=1200
[22:38:04] [Server thread/INFO]: [STDOUT] [io.papermc.paper.util.PapoTickProfile] PapoTickProfile.phase connection                 total=  328.4ms avg/tick=  820.9us share=  6.9% n=400
[22:38:04] [Server thread/INFO]: [STDOUT] [io.papermc.paper.util.PapoTickProfile] PapoTickProfile.phase conn.listenerTick          total=  320.8ms avg/tick=  802.1us share=  6.7% n=16000
[22:38:04] [Server thread/INFO]: [STDOUT] [io.papermc.paper.util.PapoTickProfile] PapoTickProfile.phase chunkMap.tracker.sendChanges total=  258.2ms avg/tick=  645.4us share=  5.4% n=1200
[22:38:04] [Server thread/INFO]: [STDOUT] [io.papermc.paper.util.PapoTickProfile] PapoTickProfile.phase chunkMap.tracker.fanout    total=  254.0ms avg/tick=  635.1us share=  5.3% n=1200
[22:38:04] [Server thread/INFO]: [STDOUT] [io.papermc.paper.util.PapoTickProfile] PapoTickProfile.phase player.superTick           total=  237.5ms avg/tick=  593.7us share=  5.0% n=16000
[22:38:04] [Server thread/INFO]: [STDOUT] [io.papermc.paper.util.PapoTickProfile] PapoTickProfile.phase chunkMap.tracker.maintain  total=   67.7ms avg/tick=  169.2us share=  1.4% n=1200
[22:38:04] [Server thread/INFO]: [STDOUT] [io.papermc.paper.util.PapoTickProfile] PapoTickProfile.phase sendChunks                 total=   30.7ms avg/tick=   76.6us share=  0.6% n=400
[22:38:04] [Server thread/INFO]: [STDOUT] [io.papermc.paper.util.PapoTickProfile] PapoTickProfile.phase server.taskDrain           total=   28.1ms avg/tick=   70.3us share=  0.6% n=400
[22:38:04] [Server thread/INFO]: [STDOUT] [io.papermc.paper.util.PapoTickProfile] PapoTickProfile.phase player.pushEntities        total=    8.7ms avg/tick=   21.8us share=  0.2% n=20118
[22:38:04] [Server thread/INFO]: [STDOUT] [io.papermc.paper.util.PapoTickProfile] PapoTickProfile.phase player.aiStepTouchScan     total=    7.2ms avg/tick=   18.0us share=  0.2% n=15708
[22:38:04] [Server thread/INFO]: [STDOUT] [io.papermc.paper.util.PapoTickProfile] PapoTickProfile.phase conn.flushQueue            total=    1.1ms avg/tick=    2.7us share=  0.0% n=16000
[22:38:04] [Server thread/INFO]: [STDOUT] [io.papermc.paper.util.PapoTickProfile] PapoTickProfile.phase functions                  total=    0.1ms avg/tick=    0.3us share=  0.0% n=400
[22:38:04] [Server thread/INFO]: [STDOUT] [io.papermc.paper.util.PapoTickProfile] PapoTickProfile.phase players                    total=    0.0ms avg/tick=    0.1us share=  0.0% n=400
[22:38:24] [Server thread/INFO]: [STDOUT] [io.papermc.paper.util.PapoTickProfile] PapoTickProfile window=400ticks totalWallMs=19998 measuredMs=3945 gcMs=0
[22:38:24] [Server thread/INFO]: [STDOUT] [io.papermc.paper.util.PapoTickProfile] PapoTickProfile.phase worlds                     total= 1076.5ms avg/tick= 2691.1us share= 27.3% n=400
[22:38:24] [Server thread/INFO]: [STDOUT] [io.papermc.paper.util.PapoTickProfile] PapoTickProfile.phase level.tickPending+misc     total=  685.8ms avg/tick= 1714.4us share= 17.4% n=1200
[22:38:24] [Server thread/INFO]: [STDOUT] [io.papermc.paper.util.PapoTickProfile] PapoTickProfile.phase level.chunkSource          total=  676.9ms avg/tick= 1692.3us share= 17.2% n=1200
[22:38:24] [Server thread/INFO]: [STDOUT] [io.papermc.paper.util.PapoTickProfile] PapoTickProfile.phase level.entities             total=  379.1ms avg/tick=  947.7us share=  9.6% n=1200
[22:38:24] [Server thread/INFO]: [STDOUT] [io.papermc.paper.util.PapoTickProfile] PapoTickProfile.phase connection                 total=  224.4ms avg/tick=  561.1us share=  5.7% n=400
[22:38:24] [Server thread/INFO]: [STDOUT] [io.papermc.paper.util.PapoTickProfile] PapoTickProfile.phase conn.listenerTick          total=  217.5ms avg/tick=  543.7us share=  5.5% n=16000
[22:38:24] [Server thread/INFO]: [STDOUT] [io.papermc.paper.util.PapoTickProfile] PapoTickProfile.phase chunkMap.tracker.sendChanges total=  205.9ms avg/tick=  514.7us share=  5.2% n=1200
[22:38:24] [Server thread/INFO]: [STDOUT] [io.papermc.paper.util.PapoTickProfile] PapoTickProfile.phase chunkMap.tracker.fanout    total=  195.0ms avg/tick=  487.5us share=  4.9% n=1200
[22:38:24] [Server thread/INFO]: [STDOUT] [io.papermc.paper.util.PapoTickProfile] PapoTickProfile.phase player.superTick           total=  154.9ms avg/tick=  387.4us share=  3.9% n=16000
[22:38:24] [Server thread/INFO]: [STDOUT] [io.papermc.paper.util.PapoTickProfile] PapoTickProfile.phase chunkMap.tracker.maintain  total=   61.5ms avg/tick=  153.8us share=  1.6% n=1200
[22:38:24] [Server thread/INFO]: [STDOUT] [io.papermc.paper.util.PapoTickProfile] PapoTickProfile.phase sendChunks                 total=   26.0ms avg/tick=   65.0us share=  0.7% n=400
[22:38:24] [Server thread/INFO]: [STDOUT] [io.papermc.paper.util.PapoTickProfile] PapoTickProfile.phase server.taskDrain           total=   25.9ms avg/tick=   64.8us share=  0.7% n=400
[22:38:24] [Server thread/INFO]: [STDOUT] [io.papermc.paper.util.PapoTickProfile] PapoTickProfile.phase player.pushEntities        total=    8.5ms avg/tick=   21.2us share=  0.2% n=19884
[22:38:24] [Server thread/INFO]: [STDOUT] [io.papermc.paper.util.PapoTickProfile] PapoTickProfile.phase player.aiStepTouchScan     total=    5.9ms avg/tick=   14.6us share=  0.1% n=15200
[22:38:24] [Server thread/INFO]: [STDOUT] [io.papermc.paper.util.PapoTickProfile] PapoTickProfile.phase conn.flushQueue            total=    1.0ms avg/tick=    2.4us share=  0.0% n=16000
[22:38:24] [Server thread/INFO]: [STDOUT] [io.papermc.paper.util.PapoTickProfile] PapoTickProfile.phase players                    total=    0.3ms avg/tick=    0.7us share=  0.0% n=400
[22:38:24] [Server thread/INFO]: [STDOUT] [io.papermc.paper.util.PapoTickProfile] PapoTickProfile.phase functions                  total=    0.2ms avg/tick=    0.4us share=  0.0% n=400
[22:38:44] [Server thread/INFO]: [STDOUT] [io.papermc.paper.util.PapoTickProfile] PapoTickProfile window=400ticks totalWallMs=20000 measuredMs=3737 gcMs=5
[22:38:44] [Server thread/INFO]: [STDOUT] [io.papermc.paper.util.PapoTickProfile] PapoTickProfile.phase worlds                     total= 1023.8ms avg/tick= 2559.6us share= 27.4% n=400
[22:38:44] [Server thread/INFO]: [STDOUT] [io.papermc.paper.util.PapoTickProfile] PapoTickProfile.phase level.tickPending+misc     total=  646.3ms avg/tick= 1615.6us share= 17.3% n=1200
[22:38:44] [Server thread/INFO]: [STDOUT] [io.papermc.paper.util.PapoTickProfile] PapoTickProfile.phase level.chunkSource          total=  640.0ms avg/tick= 1599.9us share= 17.1% n=1200
[22:38:44] [Server thread/INFO]: [STDOUT] [io.papermc.paper.util.PapoTickProfile] PapoTickProfile.phase level.entities             total=  371.9ms avg/tick=  929.8us share= 10.0% n=1200
[22:38:44] [Server thread/INFO]: [STDOUT] [io.papermc.paper.util.PapoTickProfile] PapoTickProfile.phase connection                 total=  213.0ms avg/tick=  532.6us share=  5.7% n=400
[22:38:44] [Server thread/INFO]: [STDOUT] [io.papermc.paper.util.PapoTickProfile] PapoTickProfile.phase conn.listenerTick          total=  206.4ms avg/tick=  516.0us share=  5.5% n=16000
[22:38:44] [Server thread/INFO]: [STDOUT] [io.papermc.paper.util.PapoTickProfile] PapoTickProfile.phase chunkMap.tracker.sendChanges total=  185.5ms avg/tick=  463.8us share=  5.0% n=1200
[22:38:44] [Server thread/INFO]: [STDOUT] [io.papermc.paper.util.PapoTickProfile] PapoTickProfile.phase chunkMap.tracker.fanout    total=  175.9ms avg/tick=  439.8us share=  4.7% n=1200
[22:38:44] [Server thread/INFO]: [STDOUT] [io.papermc.paper.util.PapoTickProfile] PapoTickProfile.phase player.superTick           total=  146.8ms avg/tick=  366.9us share=  3.9% n=16000
[22:38:44] [Server thread/INFO]: [STDOUT] [io.papermc.paper.util.PapoTickProfile] PapoTickProfile.phase chunkMap.tracker.maintain  total=   58.4ms avg/tick=  146.1us share=  1.6% n=1200
[22:38:44] [Server thread/INFO]: [STDOUT] [io.papermc.paper.util.PapoTickProfile] PapoTickProfile.phase sendChunks                 total=   27.0ms avg/tick=   67.5us share=  0.7% n=400
[22:38:44] [Server thread/INFO]: [STDOUT] [io.papermc.paper.util.PapoTickProfile] PapoTickProfile.phase server.taskDrain           total=   26.3ms avg/tick=   65.7us share=  0.7% n=400
[22:38:44] [Server thread/INFO]: [STDOUT] [io.papermc.paper.util.PapoTickProfile] PapoTickProfile.phase player.pushEntities        total=    8.6ms avg/tick=   21.5us share=  0.2% n=21475
[22:38:44] [Server thread/INFO]: [STDOUT] [io.papermc.paper.util.PapoTickProfile] PapoTickProfile.phase player.aiStepTouchScan     total=    6.0ms avg/tick=   15.1us share=  0.2% n=15200
[22:38:44] [Server thread/INFO]: [STDOUT] [io.papermc.paper.util.PapoTickProfile] PapoTickProfile.phase conn.flushQueue            total=    0.8ms avg/tick=    2.1us share=  0.0% n=16000
[22:38:44] [Server thread/INFO]: [STDOUT] [io.papermc.paper.util.PapoTickProfile] PapoTickProfile.phase players                    total=    0.3ms avg/tick=    0.8us share=  0.0% n=400
[22:38:44] [Server thread/INFO]: [STDOUT] [io.papermc.paper.util.PapoTickProfile] PapoTickProfile.phase functions                  total=    0.1ms avg/tick=    0.4us share=  0.0% n=400
[22:39:04] [Server thread/INFO]: [STDOUT] [io.papermc.paper.util.PapoTickProfile] PapoTickProfile window=400ticks totalWallMs=20000 measuredMs=4736 gcMs=0
[22:39:04] [Server thread/INFO]: [STDOUT] [io.papermc.paper.util.PapoTickProfile] PapoTickProfile.phase worlds                     total= 1269.3ms avg/tick= 3173.2us share= 26.8% n=400
[22:39:04] [Server thread/INFO]: [STDOUT] [io.papermc.paper.util.PapoTickProfile] PapoTickProfile.phase level.tickPending+misc     total=  830.1ms avg/tick= 2075.3us share= 17.5% n=1200
[22:39:04] [Server thread/INFO]: [STDOUT] [io.papermc.paper.util.PapoTickProfile] PapoTickProfile.phase level.chunkSource          total=  822.8ms avg/tick= 2057.0us share= 17.4% n=1200
[22:39:04] [Server thread/INFO]: [STDOUT] [io.papermc.paper.util.PapoTickProfile] PapoTickProfile.phase level.entities             total=  433.1ms avg/tick= 1082.7us share=  9.1% n=1200
[22:39:04] [Server thread/INFO]: [STDOUT] [io.papermc.paper.util.PapoTickProfile] PapoTickProfile.phase chunkMap.tracker.sendChanges total=  290.4ms avg/tick=  725.9us share=  6.1% n=1200
[22:39:04] [Server thread/INFO]: [STDOUT] [io.papermc.paper.util.PapoTickProfile] PapoTickProfile.phase chunkMap.tracker.fanout    total=  276.9ms avg/tick=  692.1us share=  5.8% n=1200
[22:39:04] [Server thread/INFO]: [STDOUT] [io.papermc.paper.util.PapoTickProfile] PapoTickProfile.phase connection                 total=  249.6ms avg/tick=  624.0us share=  5.3% n=400
[22:39:04] [Server thread/INFO]: [STDOUT] [io.papermc.paper.util.PapoTickProfile] PapoTickProfile.phase conn.listenerTick          total=  242.1ms avg/tick=  605.2us share=  5.1% n=16000
[22:39:04] [Server thread/INFO]: [STDOUT] [io.papermc.paper.util.PapoTickProfile] PapoTickProfile.phase player.superTick           total=  173.0ms avg/tick=  432.4us share=  3.7% n=16000
[22:39:04] [Server thread/INFO]: [STDOUT] [io.papermc.paper.util.PapoTickProfile] PapoTickProfile.phase chunkMap.tracker.maintain  total=   73.0ms avg/tick=  182.5us share=  1.5% n=1200
[22:39:04] [Server thread/INFO]: [STDOUT] [io.papermc.paper.util.PapoTickProfile] PapoTickProfile.phase sendChunks                 total=   31.5ms avg/tick=   78.8us share=  0.7% n=400
[22:39:04] [Server thread/INFO]: [STDOUT] [io.papermc.paper.util.PapoTickProfile] PapoTickProfile.phase server.taskDrain           total=   28.0ms avg/tick=   70.1us share=  0.6% n=400
[22:39:04] [Server thread/INFO]: [STDOUT] [io.papermc.paper.util.PapoTickProfile] PapoTickProfile.phase player.pushEntities        total=    9.3ms avg/tick=   23.2us share=  0.2% n=20319
[22:39:04] [Server thread/INFO]: [STDOUT] [io.papermc.paper.util.PapoTickProfile] PapoTickProfile.phase player.aiStepTouchScan     total=    6.4ms avg/tick=   16.0us share=  0.1% n=15200
[22:39:04] [Server thread/INFO]: [STDOUT] [io.papermc.paper.util.PapoTickProfile] PapoTickProfile.phase conn.flushQueue            total=    0.9ms avg/tick=    2.3us share=  0.0% n=16000
[22:39:04] [Server thread/INFO]: [STDOUT] [io.papermc.paper.util.PapoTickProfile] PapoTickProfile.phase functions                  total=    0.1ms avg/tick=    0.4us share=  0.0% n=400
[22:39:04] [Server thread/INFO]: [STDOUT] [io.papermc.paper.util.PapoTickProfile] PapoTickProfile.phase players                    total=    0.0ms avg/tick=    0.1us share=  0.0% n=400
[22:39:24] [Server thread/INFO]: [STDOUT] [io.papermc.paper.util.PapoTickProfile] PapoTickProfile window=400ticks totalWallMs=20000 measuredMs=5177 gcMs=0
[22:39:24] [Server thread/INFO]: [STDOUT] [io.papermc.paper.util.PapoTickProfile] PapoTickProfile.phase worlds                     total= 1395.5ms avg/tick= 3488.9us share= 27.0% n=400
[22:39:24] [Server thread/INFO]: [STDOUT] [io.papermc.paper.util.PapoTickProfile] PapoTickProfile.phase level.tickPending+misc     total=  876.2ms avg/tick= 2190.5us share= 16.9% n=1200
[22:39:24] [Server thread/INFO]: [STDOUT] [io.papermc.paper.util.PapoTickProfile] PapoTickProfile.phase level.chunkSource          total=  869.0ms avg/tick= 2172.4us share= 16.8% n=1200
[22:39:24] [Server thread/INFO]: [STDOUT] [io.papermc.paper.util.PapoTickProfile] PapoTickProfile.phase level.entities             total=  512.5ms avg/tick= 1281.4us share=  9.9% n=1200
[22:39:24] [Server thread/INFO]: [STDOUT] [io.papermc.paper.util.PapoTickProfile] PapoTickProfile.phase connection                 total=  306.5ms avg/tick=  766.4us share=  5.9% n=400
[22:39:24] [Server thread/INFO]: [STDOUT] [io.papermc.paper.util.PapoTickProfile] PapoTickProfile.phase conn.listenerTick          total=  297.4ms avg/tick=  743.5us share=  5.7% n=16000
[22:39:24] [Server thread/INFO]: [STDOUT] [io.papermc.paper.util.PapoTickProfile] PapoTickProfile.phase chunkMap.tracker.sendChanges total=  276.0ms avg/tick=  690.1us share=  5.3% n=1200
[22:39:24] [Server thread/INFO]: [STDOUT] [io.papermc.paper.util.PapoTickProfile] PapoTickProfile.phase chunkMap.tracker.fanout    total=  264.9ms avg/tick=  662.2us share=  5.1% n=1200
[22:39:24] [Server thread/INFO]: [STDOUT] [io.papermc.paper.util.PapoTickProfile] PapoTickProfile.phase player.superTick           total=  213.1ms avg/tick=  532.8us share=  4.1% n=16000
[22:39:24] [Server thread/INFO]: [STDOUT] [io.papermc.paper.util.PapoTickProfile] PapoTickProfile.phase chunkMap.tracker.maintain  total=   80.8ms avg/tick=  202.0us share=  1.6% n=1200
[22:39:24] [Server thread/INFO]: [STDOUT] [io.papermc.paper.util.PapoTickProfile] PapoTickProfile.phase sendChunks                 total=   34.8ms avg/tick=   86.9us share=  0.7% n=400
[22:39:24] [Server thread/INFO]: [STDOUT] [io.papermc.paper.util.PapoTickProfile] PapoTickProfile.phase server.taskDrain           total=   29.9ms avg/tick=   74.7us share=  0.6% n=400
[22:39:24] [Server thread/INFO]: [STDOUT] [io.papermc.paper.util.PapoTickProfile] PapoTickProfile.phase player.pushEntities        total=   11.7ms avg/tick=   29.4us share=  0.2% n=20189
[22:39:24] [Server thread/INFO]: [STDOUT] [io.papermc.paper.util.PapoTickProfile] PapoTickProfile.phase player.aiStepTouchScan     total=    7.3ms avg/tick=   18.3us share=  0.1% n=15200
[22:39:24] [Server thread/INFO]: [STDOUT] [io.papermc.paper.util.PapoTickProfile] PapoTickProfile.phase conn.flushQueue            total=    1.1ms avg/tick=    2.7us share=  0.0% n=16000
[22:39:24] [Server thread/INFO]: [STDOUT] [io.papermc.paper.util.PapoTickProfile] PapoTickProfile.phase players                    total=    0.4ms avg/tick=    1.0us share=  0.0% n=400
[22:39:24] [Server thread/INFO]: [STDOUT] [io.papermc.paper.util.PapoTickProfile] PapoTickProfile.phase functions                  total=    0.2ms avg/tick=    0.4us share=  0.0% n=400
[22:39:44] [Server thread/INFO]: [STDOUT] [io.papermc.paper.util.PapoTickProfile] PapoTickProfile window=400ticks totalWallMs=19999 measuredMs=4815 gcMs=8
[22:39:44] [Server thread/INFO]: [STDOUT] [io.papermc.paper.util.PapoTickProfile] PapoTickProfile.phase worlds                     total= 1298.1ms avg/tick= 3245.1us share= 27.0% n=400
[22:39:44] [Server thread/INFO]: [STDOUT] [io.papermc.paper.util.PapoTickProfile] PapoTickProfile.phase level.tickPending+misc     total=  792.1ms avg/tick= 1980.3us share= 16.4% n=1200
[22:39:44] [Server thread/INFO]: [STDOUT] [io.papermc.paper.util.PapoTickProfile] PapoTickProfile.phase level.chunkSource          total=  784.0ms avg/tick= 1960.0us share= 16.3% n=1200
[22:39:44] [Server thread/INFO]: [STDOUT] [io.papermc.paper.util.PapoTickProfile] PapoTickProfile.phase level.entities             total=  496.8ms avg/tick= 1242.0us share= 10.3% n=1200
[22:39:44] [Server thread/INFO]: [STDOUT] [io.papermc.paper.util.PapoTickProfile] PapoTickProfile.phase connection                 total=  316.8ms avg/tick=  792.0us share=  6.6% n=400
[22:39:44] [Server thread/INFO]: [STDOUT] [io.papermc.paper.util.PapoTickProfile] PapoTickProfile.phase conn.listenerTick          total=  306.7ms avg/tick=  766.7us share=  6.4% n=16000
[22:39:44] [Server thread/INFO]: [STDOUT] [io.papermc.paper.util.PapoTickProfile] PapoTickProfile.phase player.superTick           total=  219.5ms avg/tick=  548.8us share=  4.6% n=16000
[22:39:44] [Server thread/INFO]: [STDOUT] [io.papermc.paper.util.PapoTickProfile] PapoTickProfile.phase chunkMap.tracker.sendChanges total=  219.0ms avg/tick=  547.5us share=  4.5% n=1200
[22:39:44] [Server thread/INFO]: [STDOUT] [io.papermc.paper.util.PapoTickProfile] PapoTickProfile.phase chunkMap.tracker.fanout    total=  204.3ms avg/tick=  510.7us share=  4.2% n=1200
[22:39:44] [Server thread/INFO]: [STDOUT] [io.papermc.paper.util.PapoTickProfile] PapoTickProfile.phase chunkMap.tracker.maintain  total=   80.5ms avg/tick=  201.3us share=  1.7% n=1200
[22:39:44] [Server thread/INFO]: [STDOUT] [io.papermc.paper.util.PapoTickProfile] PapoTickProfile.phase sendChunks                 total=   39.7ms avg/tick=   99.3us share=  0.8% n=400
[22:39:44] [Server thread/INFO]: [STDOUT] [io.papermc.paper.util.PapoTickProfile] PapoTickProfile.phase server.taskDrain           total=   33.9ms avg/tick=   84.8us share=  0.7% n=400
[22:39:44] [Server thread/INFO]: [STDOUT] [io.papermc.paper.util.PapoTickProfile] PapoTickProfile.phase player.pushEntities        total=   14.2ms avg/tick=   35.6us share=  0.3% n=21168
[22:39:44] [Server thread/INFO]: [STDOUT] [io.papermc.paper.util.PapoTickProfile] PapoTickProfile.phase player.aiStepTouchScan     total=    7.6ms avg/tick=   19.0us share=  0.2% n=15200
[22:39:44] [Server thread/INFO]: [STDOUT] [io.papermc.paper.util.PapoTickProfile] PapoTickProfile.phase conn.flushQueue            total=    1.6ms avg/tick=    4.1us share=  0.0% n=16000
[22:39:44] [Server thread/INFO]: [STDOUT] [io.papermc.paper.util.PapoTickProfile] PapoTickProfile.phase players                    total=    0.3ms avg/tick=    0.7us share=  0.0% n=400
[22:39:44] [Server thread/INFO]: [STDOUT] [io.papermc.paper.util.PapoTickProfile] PapoTickProfile.phase functions                  total=    0.2ms avg/tick=    0.4us share=  0.0% n=400
[22:40:04] [Server thread/INFO]: [STDOUT] [io.papermc.paper.util.PapoTickProfile] PapoTickProfile window=400ticks totalWallMs=19998 measuredMs=4296 gcMs=0
[22:40:04] [Server thread/INFO]: [STDOUT] [io.papermc.paper.util.PapoTickProfile] PapoTickProfile.phase worlds                     total= 1165.1ms avg/tick= 2912.7us share= 27.1% n=400
[22:40:04] [Server thread/INFO]: [STDOUT] [io.papermc.paper.util.PapoTickProfile] PapoTickProfile.phase level.tickPending+misc     total=  716.7ms avg/tick= 1791.6us share= 16.7% n=1200
[22:40:04] [Server thread/INFO]: [STDOUT] [io.papermc.paper.util.PapoTickProfile] PapoTickProfile.phase level.chunkSource          total=  708.3ms avg/tick= 1770.8us share= 16.5% n=1200
[22:40:04] [Server thread/INFO]: [STDOUT] [io.papermc.paper.util.PapoTickProfile] PapoTickProfile.phase level.entities             total=  442.4ms avg/tick= 1106.1us share= 10.3% n=1200
[22:40:04] [Server thread/INFO]: [STDOUT] [io.papermc.paper.util.PapoTickProfile] PapoTickProfile.phase connection                 total=  271.2ms avg/tick=  678.0us share=  6.3% n=400
[22:40:04] [Server thread/INFO]: [STDOUT] [io.papermc.paper.util.PapoTickProfile] PapoTickProfile.phase conn.listenerTick          total=  262.0ms avg/tick=  655.1us share=  6.1% n=16000
[22:40:04] [Server thread/INFO]: [STDOUT] [io.papermc.paper.util.PapoTickProfile] PapoTickProfile.phase chunkMap.tracker.sendChanges total=  200.5ms avg/tick=  501.2us share=  4.7% n=1200
[22:40:04] [Server thread/INFO]: [STDOUT] [io.papermc.paper.util.PapoTickProfile] PapoTickProfile.phase player.superTick           total=  186.9ms avg/tick=  467.2us share=  4.3% n=16000
[22:40:04] [Server thread/INFO]: [STDOUT] [io.papermc.paper.util.PapoTickProfile] PapoTickProfile.phase chunkMap.tracker.fanout    total=  184.6ms avg/tick=  461.5us share=  4.3% n=1200
[22:40:04] [Server thread/INFO]: [STDOUT] [io.papermc.paper.util.PapoTickProfile] PapoTickProfile.phase chunkMap.tracker.maintain  total=   71.9ms avg/tick=  179.6us share=  1.7% n=1200
[22:40:04] [Server thread/INFO]: [STDOUT] [io.papermc.paper.util.PapoTickProfile] PapoTickProfile.phase sendChunks                 total=   36.1ms avg/tick=   90.3us share=  0.8% n=400
[22:40:04] [Server thread/INFO]: [STDOUT] [io.papermc.paper.util.PapoTickProfile] PapoTickProfile.phase server.taskDrain           total=   31.2ms avg/tick=   78.0us share=  0.7% n=400
[22:40:04] [Server thread/INFO]: [STDOUT] [io.papermc.paper.util.PapoTickProfile] PapoTickProfile.phase player.pushEntities        total=   11.1ms avg/tick=   27.7us share=  0.3% n=20656
[22:40:04] [Server thread/INFO]: [STDOUT] [io.papermc.paper.util.PapoTickProfile] PapoTickProfile.phase player.aiStepTouchScan     total=    7.0ms avg/tick=   17.4us share=  0.2% n=15200
[22:40:04] [Server thread/INFO]: [STDOUT] [io.papermc.paper.util.PapoTickProfile] PapoTickProfile.phase conn.flushQueue            total=    1.4ms avg/tick=    3.4us share=  0.0% n=16000
[22:40:04] [Server thread/INFO]: [STDOUT] [io.papermc.paper.util.PapoTickProfile] PapoTickProfile.phase functions                  total=    0.2ms avg/tick=    0.4us share=  0.0% n=400
[22:40:04] [Server thread/INFO]: [STDOUT] [io.papermc.paper.util.PapoTickProfile] PapoTickProfile.phase players                    total=    0.0ms avg/tick=    0.1us share=  0.0% n=400
[22:40:24] [Server thread/INFO]: [STDOUT] [io.papermc.paper.util.PapoTickProfile] PapoTickProfile window=400ticks totalWallMs=20000 measuredMs=4288 gcMs=0
[22:40:24] [Server thread/INFO]: [STDOUT] [io.papermc.paper.util.PapoTickProfile] PapoTickProfile.phase worlds                     total= 1176.0ms avg/tick= 2940.1us share= 27.4% n=400
[22:40:24] [Server thread/INFO]: [STDOUT] [io.papermc.paper.util.PapoTickProfile] PapoTickProfile.phase level.tickPending+misc     total=  723.4ms avg/tick= 1808.5us share= 16.9% n=1200
[22:40:24] [Server thread/INFO]: [STDOUT] [io.papermc.paper.util.PapoTickProfile] PapoTickProfile.phase level.chunkSource          total=  716.5ms avg/tick= 1791.4us share= 16.7% n=1200
[22:40:24] [Server thread/INFO]: [STDOUT] [io.papermc.paper.util.PapoTickProfile] PapoTickProfile.phase level.entities             total=  446.4ms avg/tick= 1116.0us share= 10.4% n=1200
[22:40:24] [Server thread/INFO]: [STDOUT] [io.papermc.paper.util.PapoTickProfile] PapoTickProfile.phase connection                 total=  270.6ms avg/tick=  676.5us share=  6.3% n=400
[22:40:24] [Server thread/INFO]: [STDOUT] [io.papermc.paper.util.PapoTickProfile] PapoTickProfile.phase conn.listenerTick          total=  261.9ms avg/tick=  654.7us share=  6.1% n=16000
[22:40:24] [Server thread/INFO]: [STDOUT] [io.papermc.paper.util.PapoTickProfile] PapoTickProfile.phase chunkMap.tracker.sendChanges total=  189.1ms avg/tick=  472.7us share=  4.4% n=1200
[22:40:24] [Server thread/INFO]: [STDOUT] [io.papermc.paper.util.PapoTickProfile] PapoTickProfile.phase player.superTick           total=  186.7ms avg/tick=  466.6us share=  4.4% n=16000
[22:40:24] [Server thread/INFO]: [STDOUT] [io.papermc.paper.util.PapoTickProfile] PapoTickProfile.phase chunkMap.tracker.fanout    total=  172.1ms avg/tick=  430.2us share=  4.0% n=1200
[22:40:24] [Server thread/INFO]: [STDOUT] [io.papermc.paper.util.PapoTickProfile] PapoTickProfile.phase chunkMap.tracker.maintain  total=   66.2ms avg/tick=  165.6us share=  1.5% n=1200
[22:40:24] [Server thread/INFO]: [STDOUT] [io.papermc.paper.util.PapoTickProfile] PapoTickProfile.phase sendChunks                 total=   32.7ms avg/tick=   81.8us share=  0.8% n=400
[22:40:24] [Server thread/INFO]: [STDOUT] [io.papermc.paper.util.PapoTickProfile] PapoTickProfile.phase server.taskDrain           total=   28.9ms avg/tick=   72.2us share=  0.7% n=400
[22:40:24] [Server thread/INFO]: [STDOUT] [io.papermc.paper.util.PapoTickProfile] PapoTickProfile.phase player.pushEntities        total=   10.1ms avg/tick=   25.2us share=  0.2% n=20009
[22:40:24] [Server thread/INFO]: [STDOUT] [io.papermc.paper.util.PapoTickProfile] PapoTickProfile.phase player.aiStepTouchScan     total=    6.4ms avg/tick=   16.0us share=  0.1% n=15200
[22:40:24] [Server thread/INFO]: [STDOUT] [io.papermc.paper.util.PapoTickProfile] PapoTickProfile.phase conn.flushQueue            total=    1.2ms avg/tick=    3.0us share=  0.0% n=16000
[22:40:24] [Server thread/INFO]: [STDOUT] [io.papermc.paper.util.PapoTickProfile] PapoTickProfile.phase players                    total=    0.2ms avg/tick=    0.6us share=  0.0% n=400
[22:40:24] [Server thread/INFO]: [STDOUT] [io.papermc.paper.util.PapoTickProfile] PapoTickProfile.phase functions                  total=    0.2ms avg/tick=    0.4us share=  0.0% n=400
[22:40:44] [Server thread/INFO]: [STDOUT] [io.papermc.paper.util.PapoTickProfile] PapoTickProfile window=400ticks totalWallMs=20000 measuredMs=4475 gcMs=0
[22:40:44] [Server thread/INFO]: [STDOUT] [io.papermc.paper.util.PapoTickProfile] PapoTickProfile.phase worlds                     total= 1206.8ms avg/tick= 3017.1us share= 27.0% n=400
[22:40:44] [Server thread/INFO]: [STDOUT] [io.papermc.paper.util.PapoTickProfile] PapoTickProfile.phase level.tickPending+misc     total=  758.5ms avg/tick= 1896.2us share= 16.9% n=1200
[22:40:44] [Server thread/INFO]: [STDOUT] [io.papermc.paper.util.PapoTickProfile] PapoTickProfile.phase level.chunkSource          total=  751.0ms avg/tick= 1877.4us share= 16.8% n=1200
[22:40:44] [Server thread/INFO]: [STDOUT] [io.papermc.paper.util.PapoTickProfile] PapoTickProfile.phase level.entities             total=  441.9ms avg/tick= 1104.7us share=  9.9% n=1200
[22:40:44] [Server thread/INFO]: [STDOUT] [io.papermc.paper.util.PapoTickProfile] PapoTickProfile.phase connection                 total=  278.7ms avg/tick=  696.8us share=  6.2% n=400
[22:40:44] [Server thread/INFO]: [STDOUT] [io.papermc.paper.util.PapoTickProfile] PapoTickProfile.phase conn.listenerTick          total=  270.2ms avg/tick=  675.6us share=  6.0% n=16000
[22:40:44] [Server thread/INFO]: [STDOUT] [io.papermc.paper.util.PapoTickProfile] PapoTickProfile.phase chunkMap.tracker.sendChanges total=  220.8ms avg/tick=  552.0us share=  4.9% n=1200
[22:40:44] [Server thread/INFO]: [STDOUT] [io.papermc.paper.util.PapoTickProfile] PapoTickProfile.phase chunkMap.tracker.fanout    total=  206.4ms avg/tick=  515.9us share=  4.6% n=1200
[22:40:44] [Server thread/INFO]: [STDOUT] [io.papermc.paper.util.PapoTickProfile] PapoTickProfile.phase player.superTick           total=  190.4ms avg/tick=  475.9us share=  4.3% n=16000
[22:40:44] [Server thread/INFO]: [STDOUT] [io.papermc.paper.util.PapoTickProfile] PapoTickProfile.phase chunkMap.tracker.maintain  total=   66.2ms avg/tick=  165.6us share=  1.5% n=1200
[22:40:44] [Server thread/INFO]: [STDOUT] [io.papermc.paper.util.PapoTickProfile] PapoTickProfile.phase server.taskDrain           total=   33.9ms avg/tick=   84.8us share=  0.8% n=400
[22:40:44] [Server thread/INFO]: [STDOUT] [io.papermc.paper.util.PapoTickProfile] PapoTickProfile.phase sendChunks                 total=   31.2ms avg/tick=   78.1us share=  0.7% n=400
[22:40:44] [Server thread/INFO]: [STDOUT] [io.papermc.paper.util.PapoTickProfile] PapoTickProfile.phase player.pushEntities        total=   10.4ms avg/tick=   26.1us share=  0.2% n=20126
[22:40:44] [Server thread/INFO]: [STDOUT] [io.papermc.paper.util.PapoTickProfile] PapoTickProfile.phase player.aiStepTouchScan     total=    6.8ms avg/tick=   17.0us share=  0.2% n=15200
[22:40:44] [Server thread/INFO]: [STDOUT] [io.papermc.paper.util.PapoTickProfile] PapoTickProfile.phase conn.flushQueue            total=    1.3ms avg/tick=    3.3us share=  0.0% n=16000
[22:40:44] [Server thread/INFO]: [STDOUT] [io.papermc.paper.util.PapoTickProfile] PapoTickProfile.phase players                    total=    0.3ms avg/tick=    0.7us share=  0.0% n=400
[22:40:44] [Server thread/INFO]: [STDOUT] [io.papermc.paper.util.PapoTickProfile] PapoTickProfile.phase functions                  total=    0.2ms avg/tick=    0.5us share=  0.0% n=400
[22:41:04] [Server thread/INFO]: [STDOUT] [io.papermc.paper.util.PapoTickProfile] PapoTickProfile window=400ticks totalWallMs=20002 measuredMs=4396 gcMs=29
[22:41:04] [Server thread/INFO]: [STDOUT] [io.papermc.paper.util.PapoTickProfile] PapoTickProfile.phase worlds                     total= 1204.7ms avg/tick= 3011.7us share= 27.4% n=400
[22:41:04] [Server thread/INFO]: [STDOUT] [io.papermc.paper.util.PapoTickProfile] PapoTickProfile.phase level.tickPending+misc     total=  751.9ms avg/tick= 1879.8us share= 17.1% n=1200
[22:41:04] [Server thread/INFO]: [STDOUT] [io.papermc.paper.util.PapoTickProfile] PapoTickProfile.phase level.chunkSource          total=  741.9ms avg/tick= 1854.7us share= 16.9% n=1200
[22:41:04] [Server thread/INFO]: [STDOUT] [io.papermc.paper.util.PapoTickProfile] PapoTickProfile.phase level.entities             total=  446.9ms avg/tick= 1117.1us share= 10.2% n=1200
[22:41:04] [Server thread/INFO]: [STDOUT] [io.papermc.paper.util.PapoTickProfile] PapoTickProfile.phase connection                 total=  267.5ms avg/tick=  668.7us share=  6.1% n=400
[22:41:04] [Server thread/INFO]: [STDOUT] [io.papermc.paper.util.PapoTickProfile] PapoTickProfile.phase conn.listenerTick          total=  258.0ms avg/tick=  644.9us share=  5.9% n=16000
[22:41:04] [Server thread/INFO]: [STDOUT] [io.papermc.paper.util.PapoTickProfile] PapoTickProfile.phase chunkMap.tracker.sendChanges total=  201.0ms avg/tick=  502.4us share=  4.6% n=1200
[22:41:04] [Server thread/INFO]: [STDOUT] [io.papermc.paper.util.PapoTickProfile] PapoTickProfile.phase player.superTick           total=  185.0ms avg/tick=  462.5us share=  4.2% n=16000
[22:41:04] [Server thread/INFO]: [STDOUT] [io.papermc.paper.util.PapoTickProfile] PapoTickProfile.phase chunkMap.tracker.fanout    total=  184.3ms avg/tick=  460.8us share=  4.2% n=1200
[22:41:04] [Server thread/INFO]: [STDOUT] [io.papermc.paper.util.PapoTickProfile] PapoTickProfile.phase chunkMap.tracker.maintain  total=   69.0ms avg/tick=  172.5us share=  1.6% n=1200
[22:41:04] [Server thread/INFO]: [STDOUT] [io.papermc.paper.util.PapoTickProfile] PapoTickProfile.phase sendChunks                 total=   37.2ms avg/tick=   93.1us share=  0.8% n=400
[22:41:04] [Server thread/INFO]: [STDOUT] [io.papermc.paper.util.PapoTickProfile] PapoTickProfile.phase server.taskDrain           total=   30.3ms avg/tick=   75.9us share=  0.7% n=400
[22:41:04] [Server thread/INFO]: [STDOUT] [io.papermc.paper.util.PapoTickProfile] PapoTickProfile.phase player.pushEntities        total=   11.0ms avg/tick=   27.4us share=  0.2% n=21595
[22:41:04] [Server thread/INFO]: [STDOUT] [io.papermc.paper.util.PapoTickProfile] PapoTickProfile.phase player.aiStepTouchScan     total=    6.6ms avg/tick=   16.4us share=  0.1% n=15200
[22:41:04] [Server thread/INFO]: [STDOUT] [io.papermc.paper.util.PapoTickProfile] PapoTickProfile.phase conn.flushQueue            total=    1.2ms avg/tick=    3.0us share=  0.0% n=16000
[22:41:04] [Server thread/INFO]: [STDOUT] [io.papermc.paper.util.PapoTickProfile] PapoTickProfile.phase functions                  total=    0.2ms avg/tick=    0.4us share=  0.0% n=400
[22:41:04] [Server thread/INFO]: [STDOUT] [io.papermc.paper.util.PapoTickProfile] PapoTickProfile.phase players                    total=    0.0ms avg/tick=    0.1us share=  0.0% n=400
[22:41:24] [Server thread/INFO]: [STDOUT] [io.papermc.paper.util.PapoTickProfile] PapoTickProfile window=400ticks totalWallMs=19996 measuredMs=4417 gcMs=7
[22:41:24] [Server thread/INFO]: [STDOUT] [io.papermc.paper.util.PapoTickProfile] PapoTickProfile.phase worlds                     total= 1213.5ms avg/tick= 3033.7us share= 27.5% n=400
[22:41:24] [Server thread/INFO]: [STDOUT] [io.papermc.paper.util.PapoTickProfile] PapoTickProfile.phase level.tickPending+misc     total=  782.6ms avg/tick= 1956.4us share= 17.7% n=1200
[22:41:24] [Server thread/INFO]: [STDOUT] [io.papermc.paper.util.PapoTickProfile] PapoTickProfile.phase level.chunkSource          total=  771.4ms avg/tick= 1928.5us share= 17.5% n=1200
[22:41:24] [Server thread/INFO]: [STDOUT] [io.papermc.paper.util.PapoTickProfile] PapoTickProfile.phase level.entities             total=  418.0ms avg/tick= 1044.9us share=  9.5% n=1200
[22:41:24] [Server thread/INFO]: [STDOUT] [io.papermc.paper.util.PapoTickProfile] PapoTickProfile.phase connection                 total=  276.3ms avg/tick=  690.8us share=  6.3% n=400
[22:41:24] [Server thread/INFO]: [STDOUT] [io.papermc.paper.util.PapoTickProfile] PapoTickProfile.phase conn.listenerTick          total=  266.9ms avg/tick=  667.1us share=  6.0% n=16000
[22:41:24] [Server thread/INFO]: [STDOUT] [io.papermc.paper.util.PapoTickProfile] PapoTickProfile.phase chunkMap.tracker.sendChanges total=  184.8ms avg/tick=  462.0us share=  4.2% n=1200
[22:41:24] [Server thread/INFO]: [STDOUT] [io.papermc.paper.util.PapoTickProfile] PapoTickProfile.phase player.superTick           total=  184.7ms avg/tick=  461.7us share=  4.2% n=16000
[22:41:24] [Server thread/INFO]: [STDOUT] [io.papermc.paper.util.PapoTickProfile] PapoTickProfile.phase chunkMap.tracker.fanout    total=  170.6ms avg/tick=  426.4us share=  3.9% n=1200
[22:41:24] [Server thread/INFO]: [STDOUT] [io.papermc.paper.util.PapoTickProfile] PapoTickProfile.phase chunkMap.tracker.maintain  total=   63.9ms avg/tick=  159.7us share=  1.4% n=1200
[22:41:24] [Server thread/INFO]: [STDOUT] [io.papermc.paper.util.PapoTickProfile] PapoTickProfile.phase sendChunks                 total=   36.0ms avg/tick=   89.9us share=  0.8% n=400
[22:41:24] [Server thread/INFO]: [STDOUT] [io.papermc.paper.util.PapoTickProfile] PapoTickProfile.phase server.taskDrain           total=   29.2ms avg/tick=   73.0us share=  0.7% n=400
[22:41:24] [Server thread/INFO]: [STDOUT] [io.papermc.paper.util.PapoTickProfile] PapoTickProfile.phase player.pushEntities        total=   10.6ms avg/tick=   26.5us share=  0.2% n=19785
[22:41:24] [Server thread/INFO]: [STDOUT] [io.papermc.paper.util.PapoTickProfile] PapoTickProfile.phase player.aiStepTouchScan     total=    7.6ms avg/tick=   19.0us share=  0.2% n=15200
[22:41:24] [Server thread/INFO]: [STDOUT] [io.papermc.paper.util.PapoTickProfile] PapoTickProfile.phase conn.flushQueue            total=    1.4ms avg/tick=    3.5us share=  0.0% n=16000
[22:41:24] [Server thread/INFO]: [STDOUT] [io.papermc.paper.util.PapoTickProfile] PapoTickProfile.phase functions                  total=    0.2ms avg/tick=    0.6us share=  0.0% n=400
[22:41:24] [Server thread/INFO]: [STDOUT] [io.papermc.paper.util.PapoTickProfile] PapoTickProfile.phase players                    total=    0.2ms avg/tick=    0.5us share=  0.0% n=400
[22:41:44] [Server thread/INFO]: [STDOUT] [io.papermc.paper.util.PapoTickProfile] PapoTickProfile window=400ticks totalWallMs=19999 measuredMs=4321 gcMs=0
[22:41:44] [Server thread/INFO]: [STDOUT] [io.papermc.paper.util.PapoTickProfile] PapoTickProfile.phase worlds                     total= 1117.8ms avg/tick= 2794.5us share= 25.9% n=400
[22:41:44] [Server thread/INFO]: [STDOUT] [io.papermc.paper.util.PapoTickProfile] PapoTickProfile.phase level.tickPending+misc     total=  775.7ms avg/tick= 1939.2us share= 17.9% n=1200
[22:41:44] [Server thread/INFO]: [STDOUT] [io.papermc.paper.util.PapoTickProfile] PapoTickProfile.phase level.chunkSource          total=  767.0ms avg/tick= 1917.6us share= 17.7% n=1200
[22:41:44] [Server thread/INFO]: [STDOUT] [io.papermc.paper.util.PapoTickProfile] PapoTickProfile.phase level.entities             total=  334.3ms avg/tick=  835.7us share=  7.7% n=1200
[22:41:44] [Server thread/INFO]: [STDOUT] [io.papermc.paper.util.PapoTickProfile] PapoTickProfile.phase chunkMap.tracker.sendChanges total=  314.9ms avg/tick=  787.3us share=  7.3% n=1200
[22:41:44] [Server thread/INFO]: [STDOUT] [io.papermc.paper.util.PapoTickProfile] PapoTickProfile.phase chunkMap.tracker.fanout    total=  301.8ms avg/tick=  754.5us share=  7.0% n=1200
[22:41:44] [Server thread/INFO]: [STDOUT] [io.papermc.paper.util.PapoTickProfile] PapoTickProfile.phase connection                 total=  218.5ms avg/tick=  546.3us share=  5.1% n=400
[22:41:44] [Server thread/INFO]: [STDOUT] [io.papermc.paper.util.PapoTickProfile] PapoTickProfile.phase conn.listenerTick          total=  211.6ms avg/tick=  529.0us share=  4.9% n=16000
[22:41:44] [Server thread/INFO]: [STDOUT] [io.papermc.paper.util.PapoTickProfile] PapoTickProfile.phase player.superTick           total=  151.6ms avg/tick=  379.1us share=  3.5% n=16000
[22:41:44] [Server thread/INFO]: [STDOUT] [io.papermc.paper.util.PapoTickProfile] PapoTickProfile.phase chunkMap.tracker.maintain  total=   61.5ms avg/tick=  153.7us share=  1.4% n=1200
[22:41:44] [Server thread/INFO]: [STDOUT] [io.papermc.paper.util.PapoTickProfile] PapoTickProfile.phase sendChunks                 total=   27.0ms avg/tick=   67.4us share=  0.6% n=400
[22:41:44] [Server thread/INFO]: [STDOUT] [io.papermc.paper.util.PapoTickProfile] PapoTickProfile.phase server.taskDrain           total=   25.3ms avg/tick=   63.2us share=  0.6% n=400
[22:41:44] [Server thread/INFO]: [STDOUT] [io.papermc.paper.util.PapoTickProfile] PapoTickProfile.phase player.pushEntities        total=    7.8ms avg/tick=   19.4us share=  0.2% n=19886
[22:41:44] [Server thread/INFO]: [STDOUT] [io.papermc.paper.util.PapoTickProfile] PapoTickProfile.phase player.aiStepTouchScan     total=    5.7ms avg/tick=   14.2us share=  0.1% n=15200
[22:41:44] [Server thread/INFO]: [STDOUT] [io.papermc.paper.util.PapoTickProfile] PapoTickProfile.phase conn.flushQueue            total=    0.9ms avg/tick=    2.1us share=  0.0% n=16000
[22:41:44] [Server thread/INFO]: [STDOUT] [io.papermc.paper.util.PapoTickProfile] PapoTickProfile.phase players                    total=    0.2ms avg/tick=    0.5us share=  0.0% n=400
[22:41:44] [Server thread/INFO]: [STDOUT] [io.papermc.paper.util.PapoTickProfile] PapoTickProfile.phase functions                  total=    0.2ms avg/tick=    0.4us share=  0.0% n=400
[22:42:04] [Server thread/INFO]: [STDOUT] [io.papermc.paper.util.PapoTickProfile] PapoTickProfile window=400ticks totalWallMs=20000 measuredMs=4068 gcMs=0
[22:42:04] [Server thread/INFO]: [STDOUT] [io.papermc.paper.util.PapoTickProfile] PapoTickProfile.phase worlds                     total= 1083.4ms avg/tick= 2708.5us share= 26.6% n=400
[22:42:04] [Server thread/INFO]: [STDOUT] [io.papermc.paper.util.PapoTickProfile] PapoTickProfile.phase level.tickPending+misc     total=  712.3ms avg/tick= 1780.7us share= 17.5% n=1200
[22:42:04] [Server thread/INFO]: [STDOUT] [io.papermc.paper.util.PapoTickProfile] PapoTickProfile.phase level.chunkSource          total=  703.2ms avg/tick= 1758.1us share= 17.3% n=1200
[22:42:04] [Server thread/INFO]: [STDOUT] [io.papermc.paper.util.PapoTickProfile] PapoTickProfile.phase level.entities             total=  362.0ms avg/tick=  905.0us share=  8.9% n=1200
[22:42:04] [Server thread/INFO]: [STDOUT] [io.papermc.paper.util.PapoTickProfile] PapoTickProfile.phase chunkMap.tracker.sendChanges total=  253.8ms avg/tick=  634.6us share=  6.2% n=1200
[22:42:04] [Server thread/INFO]: [STDOUT] [io.papermc.paper.util.PapoTickProfile] PapoTickProfile.phase chunkMap.tracker.fanout    total=  243.0ms avg/tick=  607.6us share=  6.0% n=1200
[22:42:04] [Server thread/INFO]: [STDOUT] [io.papermc.paper.util.PapoTickProfile] PapoTickProfile.phase connection                 total=  218.6ms avg/tick=  546.5us share=  5.4% n=400
[22:42:04] [Server thread/INFO]: [STDOUT] [io.papermc.paper.util.PapoTickProfile] PapoTickProfile.phase conn.listenerTick          total=  212.0ms avg/tick=  530.1us share=  5.2% n=16000
[22:42:04] [Server thread/INFO]: [STDOUT] [io.papermc.paper.util.PapoTickProfile] PapoTickProfile.phase player.superTick           total=  151.1ms avg/tick=  377.8us share=  3.7% n=16000
[22:42:04] [Server thread/INFO]: [STDOUT] [io.papermc.paper.util.PapoTickProfile] PapoTickProfile.phase chunkMap.tracker.maintain  total=   61.5ms avg/tick=  153.8us share=  1.5% n=1200
[22:42:04] [Server thread/INFO]: [STDOUT] [io.papermc.paper.util.PapoTickProfile] PapoTickProfile.phase sendChunks                 total=   26.1ms avg/tick=   65.2us share=  0.6% n=400
[22:42:04] [Server thread/INFO]: [STDOUT] [io.papermc.paper.util.PapoTickProfile] PapoTickProfile.phase server.taskDrain           total=   25.8ms avg/tick=   64.5us share=  0.6% n=400
[22:42:04] [Server thread/INFO]: [STDOUT] [io.papermc.paper.util.PapoTickProfile] PapoTickProfile.phase player.pushEntities        total=    8.1ms avg/tick=   20.3us share=  0.2% n=21181
[22:42:04] [Server thread/INFO]: [STDOUT] [io.papermc.paper.util.PapoTickProfile] PapoTickProfile.phase player.aiStepTouchScan     total=    6.3ms avg/tick=   15.7us share=  0.2% n=15200
[22:42:04] [Server thread/INFO]: [STDOUT] [io.papermc.paper.util.PapoTickProfile] PapoTickProfile.phase conn.flushQueue            total=    0.9ms avg/tick=    2.2us share=  0.0% n=16000
[22:42:04] [Server thread/INFO]: [STDOUT] [io.papermc.paper.util.PapoTickProfile] PapoTickProfile.phase functions                  total=    0.1ms avg/tick=    0.4us share=  0.0% n=400
[22:42:04] [Server thread/INFO]: [STDOUT] [io.papermc.paper.util.PapoTickProfile] PapoTickProfile.phase players                    total=    0.0ms avg/tick=    0.1us share=  0.0% n=400
logErrors=0 exited=true
