boot: [01:23:57 INFO]: Done (17.359s)! For help, type "help"

-- steady rejoin x6 (spawn median=26ms) --
  LOGIN:0x3:4ms          t=   4ms  gap=   4ms
  LOGIN:0x2:4ms          t=   4ms  gap=   0ms
  CONFIG:0x1:5ms         t=   5ms  gap=   1ms
  CONFIG:0xc:5ms         t=   5ms  gap=   0ms
  CONFIG:0xe:5ms         t=   5ms  gap=   0ms
  CONFIG:0x7:7ms         t=   7ms  gap=   2ms
  CONFIG:0x7:7ms         t=   7ms  gap=   0ms
  CONFIG:0x7:7ms         t=   7ms  gap=   0ms
  CONFIG:0x7:7ms         t=   7ms  gap=   0ms
  CONFIG:0x7:7ms         t=   7ms  gap=   0ms
  CONFIG:0x7:7ms         t=   7ms  gap=   0ms
  CONFIG:0x7:7ms         t=   7ms  gap=   0ms
  CONFIG:0x7:7ms         t=   7ms  gap=   0ms
  CONFIG:0x7:7ms         t=   7ms  gap=   0ms
  CONFIG:0x7:7ms         t=   7ms  gap=   0ms
  CONFIG:0x7:7ms         t=   7ms  gap=   0ms
  CONFIG:0x7:7ms         t=   7ms  gap=   0ms
  CONFIG:0x7:7ms         t=   7ms  gap=   0ms
  CONFIG:0x7:7ms         t=   7ms  gap=   0ms
  CONFIG:0x7:7ms         t=   7ms  gap=   0ms
  CONFIG:0x7:7ms         t=   7ms  gap=   0ms
  CONFIG:0x7:7ms         t=   7ms  gap=   0ms
  CONFIG:0x7:7ms         t=   7ms  gap=   0ms
  CONFIG:0x7:7ms         t=   7ms  gap=   0ms
  CONFIG:0x7:7ms         t=   7ms  gap=   0ms
  CONFIG:0x7:7ms         t=   7ms  gap=   0ms
  CONFIG:0x7:7ms         t=   7ms  gap=   0ms
  CONFIG:0x7:7ms         t=   7ms  gap=   0ms
  CONFIG:0xd:9ms         t=   9ms  gap=   2ms
  CONFIG:0x3:9ms         t=   9ms  gap=   0ms
  PLAY:0x30:26ms         t=  26ms  gap=  17ms
  PLAY:0xa:26ms          t=  26ms  gap=   0ms
  PLAY:0x3e:26ms         t=  26ms  gap=   0ms
  PLAY:0x67:26ms         t=  26ms  gap=   0ms
  PLAY:0x83:26ms         t=  26ms  gap=   0ms
  PLAY:0x22:26ms         t=  26ms  gap=   0ms
  PLAY:0x4a:26ms         t=  26ms  gap=   0ms
  PLAY:0x48:26ms         t=  26ms  gap=   0ms
  PLAY:0x46:26ms         t=  26ms  gap=   0ms
  PLAY:0x54:26ms         t=  26ms  gap=   0ms
  PLAY:0x2a:26ms         t=  26ms  gap=   0ms
  PLAY:0x6f:26ms         t=  26ms  gap=   0ms
  PLAY:0x5f:26ms         t=  26ms  gap=   0ms
-- 20-bot burst (slowest bot trace) --
burst lastSpawn=634ms; slowest bot trace:
  LOGIN:0x3:9ms          t=   9ms  gap=   9ms
  LOGIN:0x2:9ms          t=   9ms  gap=   0ms
  CONFIG:0x1:10ms        t=  10ms  gap=   1ms
  CONFIG:0xc:11ms        t=  11ms  gap=   1ms
  CONFIG:0xe:11ms        t=  11ms  gap=   0ms
  CONFIG:0x7:13ms        t=  13ms  gap=   2ms
  CONFIG:0x7:13ms        t=  13ms  gap=   0ms
  CONFIG:0x7:13ms        t=  13ms  gap=   0ms
  CONFIG:0x7:13ms        t=  13ms  gap=   0ms
  CONFIG:0x7:13ms        t=  13ms  gap=   0ms
  CONFIG:0x7:13ms        t=  13ms  gap=   0ms
  CONFIG:0x7:13ms        t=  13ms  gap=   0ms
  CONFIG:0x7:13ms        t=  13ms  gap=   0ms
  CONFIG:0x7:13ms        t=  13ms  gap=   0ms
  CONFIG:0x7:13ms        t=  13ms  gap=   0ms
  CONFIG:0x7:13ms        t=  13ms  gap=   0ms
  CONFIG:0x7:13ms        t=  13ms  gap=   0ms
  CONFIG:0x7:13ms        t=  13ms  gap=   0ms
  CONFIG:0x7:14ms        t=  14ms  gap=   1ms
  CONFIG:0x7:14ms        t=  14ms  gap=   0ms
  CONFIG:0x7:14ms        t=  14ms  gap=   0ms
  CONFIG:0x7:14ms        t=  14ms  gap=   0ms
  CONFIG:0x7:14ms        t=  14ms  gap=   0ms
  CONFIG:0x7:14ms        t=  14ms  gap=   0ms
  CONFIG:0x7:14ms        t=  14ms  gap=   0ms
  CONFIG:0x7:14ms        t=  14ms  gap=   0ms
  CONFIG:0x7:14ms        t=  14ms  gap=   0ms
  CONFIG:0x7:14ms        t=  14ms  gap=   0ms
  CONFIG:0xd:15ms        t=  15ms  gap=   1ms
  CONFIG:0x3:139ms       t= 139ms  gap= 124ms
  PLAY:0x30:221ms        t= 221ms  gap=  82ms
  PLAY:0xa:221ms         t= 221ms  gap=   0ms
  PLAY:0x3e:221ms        t= 221ms  gap=   0ms
  PLAY:0x67:221ms        t= 221ms  gap=   0ms
  PLAY:0x83:221ms        t= 221ms  gap=   0ms
  PLAY:0x22:221ms        t= 221ms  gap=   0ms
  PLAY:0x4a:221ms        t= 221ms  gap=   0ms
  PLAY:0x48:221ms        t= 221ms  gap=   0ms
  PLAY:0x46:221ms        t= 221ms  gap=   0ms
  PLAY:0x54:221ms        t= 221ms  gap=   0ms
  PLAY:0x2a:221ms        t= 221ms  gap=   0ms
  PLAY:0x6f:221ms        t= 221ms  gap=   0ms
  PLAY:0x5f:221ms        t= 221ms  gap=   0ms
logErrors=0
