boot: [01:56:04 INFO]: Done (16.707s)! For help, type "help"

-- steady rejoin x6 (spawn median=20ms) --
  LOGIN:0x3:4ms          t=   4ms  gap=   4ms
  LOGIN:0x2:4ms          t=   4ms  gap=   0ms
  CONFIG:0x1:5ms         t=   5ms  gap=   1ms
  CONFIG:0xc:5ms         t=   5ms  gap=   0ms
  CONFIG:0xe:5ms         t=   5ms  gap=   0ms
  CONFIG:0x7:6ms         t=   6ms  gap=   1ms
  CONFIG:0x7:6ms         t=   6ms  gap=   0ms
  CONFIG:0x7:6ms         t=   6ms  gap=   0ms
  CONFIG:0x7:6ms         t=   6ms  gap=   0ms
  CONFIG:0x7:6ms         t=   6ms  gap=   0ms
  CONFIG:0x7:6ms         t=   6ms  gap=   0ms
  CONFIG:0x7:6ms         t=   6ms  gap=   0ms
  CONFIG:0x7:6ms         t=   6ms  gap=   0ms
  CONFIG:0x7:6ms         t=   6ms  gap=   0ms
  CONFIG:0x7:6ms         t=   6ms  gap=   0ms
  CONFIG:0x7:6ms         t=   6ms  gap=   0ms
  CONFIG:0x7:6ms         t=   6ms  gap=   0ms
  CONFIG:0x7:6ms         t=   6ms  gap=   0ms
  CONFIG:0x7:6ms         t=   6ms  gap=   0ms
  CONFIG:0x7:6ms         t=   6ms  gap=   0ms
  CONFIG:0x7:6ms         t=   6ms  gap=   0ms
  CONFIG:0x7:6ms         t=   6ms  gap=   0ms
  CONFIG:0x7:6ms         t=   6ms  gap=   0ms
  CONFIG:0x7:6ms         t=   6ms  gap=   0ms
  CONFIG:0x7:6ms         t=   6ms  gap=   0ms
  CONFIG:0x7:6ms         t=   6ms  gap=   0ms
  CONFIG:0x7:6ms         t=   6ms  gap=   0ms
  CONFIG:0x7:6ms         t=   6ms  gap=   0ms
  CONFIG:0xd:8ms         t=   8ms  gap=   2ms
  CONFIG:0x3:8ms         t=   8ms  gap=   0ms
  PLAY:0x30:20ms         t=  20ms  gap=  12ms
  PLAY:0xa:20ms          t=  20ms  gap=   0ms
  PLAY:0x3e:20ms         t=  20ms  gap=   0ms
  PLAY:0x67:20ms         t=  20ms  gap=   0ms
  PLAY:0x83:20ms         t=  20ms  gap=   0ms
  PLAY:0x22:20ms         t=  20ms  gap=   0ms
  PLAY:0x4a:20ms         t=  20ms  gap=   0ms
  PLAY:0x48:20ms         t=  20ms  gap=   0ms
  PLAY:0x46:20ms         t=  20ms  gap=   0ms
  PLAY:0x54:20ms         t=  20ms  gap=   0ms
  PLAY:0x2a:20ms         t=  20ms  gap=   0ms
  PLAY:0x6f:20ms         t=  20ms  gap=   0ms
  PLAY:0x5f:20ms         t=  20ms  gap=   0ms
-- 20-bot burst (slowest bot trace) --
burst lastSpawn=658ms; slowest bot trace:
  LOGIN:0x3:6ms          t=   6ms  gap=   6ms
  LOGIN:0x2:6ms          t=   6ms  gap=   0ms
  CONFIG:0x1:7ms         t=   7ms  gap=   1ms
  CONFIG:0xc:8ms         t=   8ms  gap=   1ms
  CONFIG:0xe:8ms         t=   8ms  gap=   0ms
  CONFIG:0x7:9ms         t=   9ms  gap=   1ms
  CONFIG:0x7:9ms         t=   9ms  gap=   0ms
  CONFIG:0x7:9ms         t=   9ms  gap=   0ms
  CONFIG:0x7:9ms         t=   9ms  gap=   0ms
  CONFIG:0x7:9ms         t=   9ms  gap=   0ms
  CONFIG:0x7:9ms         t=   9ms  gap=   0ms
  CONFIG:0x7:9ms         t=   9ms  gap=   0ms
  CONFIG:0x7:9ms         t=   9ms  gap=   0ms
  CONFIG:0x7:9ms         t=   9ms  gap=   0ms
  CONFIG:0x7:9ms         t=   9ms  gap=   0ms
  CONFIG:0x7:9ms         t=   9ms  gap=   0ms
  CONFIG:0x7:9ms         t=   9ms  gap=   0ms
  CONFIG:0x7:10ms        t=  10ms  gap=   1ms
  CONFIG:0x7:10ms        t=  10ms  gap=   0ms
  CONFIG:0x7:10ms        t=  10ms  gap=   0ms
  CONFIG:0x7:10ms        t=  10ms  gap=   0ms
  CONFIG:0x7:10ms        t=  10ms  gap=   0ms
  CONFIG:0x7:10ms        t=  10ms  gap=   0ms
  CONFIG:0x7:10ms        t=  10ms  gap=   0ms
  CONFIG:0x7:10ms        t=  10ms  gap=   0ms
  CONFIG:0x7:10ms        t=  10ms  gap=   0ms
  CONFIG:0x7:10ms        t=  10ms  gap=   0ms
  CONFIG:0x7:11ms        t=  11ms  gap=   1ms
  CONFIG:0xd:11ms        t=  11ms  gap=   0ms
  CONFIG:0x3:156ms       t= 156ms  gap= 145ms
  PLAY:0x30:233ms        t= 233ms  gap=  77ms
  PLAY:0xa:233ms         t= 233ms  gap=   0ms
  PLAY:0x3e:233ms        t= 233ms  gap=   0ms
  PLAY:0x67:233ms        t= 233ms  gap=   0ms
  PLAY:0x83:234ms        t= 234ms  gap=   1ms
  PLAY:0x22:234ms        t= 234ms  gap=   0ms
  PLAY:0x4a:234ms        t= 234ms  gap=   0ms
  PLAY:0x48:234ms        t= 234ms  gap=   0ms
  PLAY:0x46:234ms        t= 234ms  gap=   0ms
  PLAY:0x54:234ms        t= 234ms  gap=   0ms
  PLAY:0x2a:234ms        t= 234ms  gap=   0ms
  PLAY:0x6f:234ms        t= 234ms  gap=   0ms
  PLAY:0x5f:234ms        t= 234ms  gap=   0ms
logErrors=0
